Archive member included to satisfy reference by file (symbol)

/Applications/STM32CubeIDE.app/Contents/Eclipse/plugins/com.st.stm32cube.ide.mcu.externaltools.gnu-tools-for-stm32.11.3.rel1.macos64_1.1.100.202310310803/tools/bin/../lib/gcc/arm-none-eabi/11.3.1/../../../../arm-none-eabi/lib/thumb/v7e-m+fp/hard/libc_nano.a(libc_a-exit.o)
                              /Applications/STM32CubeIDE.app/Contents/Eclipse/plugins/com.st.stm32cube.ide.mcu.externaltools.gnu-tools-for-stm32.11.3.rel1.macos64_1.1.100.202310310803/tools/bin/../lib/gcc/arm-none-eabi/11.3.1/../../../../arm-none-eabi/lib/thumb/v7e-m+fp/hard/crt0.o (exit)
/Applications/STM32CubeIDE.app/Contents/Eclipse/plugins/com.st.stm32cube.ide.mcu.externaltools.gnu-tools-for-stm32.11.3.rel1.macos64_1.1.100.202310310803/tools/bin/../lib/gcc/arm-none-eabi/11.3.1/../../../../arm-none-eabi/lib/thumb/v7e-m+fp/hard/libc_nano.a(libc_a-sprintf.o)
                              ./CustomLib/NTP_Clock/NTP_Clock.o (sprintf)
/Applications/STM32CubeIDE.app/Contents/Eclipse/plugins/com.st.stm32cube.ide.mcu.externaltools.gnu-tools-for-stm32.11.3.rel1.macos64_1.1.100.202310310803/tools/bin/../lib/gcc/arm-none-eabi/11.3.1/../../../../arm-none-eabi/lib/thumb/v7e-m+fp/hard/libc_nano.a(libc_a-findfp.o)
                              /Applications/STM32CubeIDE.app/Contents/Eclipse/plugins/com.st.stm32cube.ide.mcu.externaltools.gnu-tools-for-stm32.11.3.rel1.macos64_1.1.100.202310310803/tools/bin/../lib/gcc/arm-none-eabi/11.3.1/../../../../arm-none-eabi/lib/thumb/v7e-m+fp/hard/libc_nano.a(libc_a-exit.o) (__stdio_exit_handler)
/Applications/STM32CubeIDE.app/Contents/Eclipse/plugins/com.st.stm32cube.ide.mcu.externaltools.gnu-tools-for-stm32.11.3.rel1.macos64_1.1.100.202310310803/tools/bin/../lib/gcc/arm-none-eabi/11.3.1/../../../../arm-none-eabi/lib/thumb/v7e-m+fp/hard/libc_nano.a(libc_a-fwalk.o)
                              /Applications/STM32CubeIDE.app/Contents/Eclipse/plugins/com.st.stm32cube.ide.mcu.externaltools.gnu-tools-for-stm32.11.3.rel1.macos64_1.1.100.202310310803/tools/bin/../lib/gcc/arm-none-eabi/11.3.1/../../../../arm-none-eabi/lib/thumb/v7e-m+fp/hard/libc_nano.a(libc_a-findfp.o) (_fwalk_sglue)
/Applications/STM32CubeIDE.app/Contents/Eclipse/plugins/com.st.stm32cube.ide.mcu.externaltools.gnu-tools-for-stm32.11.3.rel1.macos64_1.1.100.202310310803/tools/bin/../lib/gcc/arm-none-eabi/11.3.1/../../../../arm-none-eabi/lib/thumb/v7e-m+fp/hard/libc_nano.a(libc_a-vsprintf.o)
                              ./CustomLib/USB_Serial/USB_Serial.o (vsprintf)
/Applications/STM32CubeIDE.app/Contents/Eclipse/plugins/com.st.stm32cube.ide.mcu.externaltools.gnu-tools-for-stm32.11.3.rel1.macos64_1.1.100.202310310803/tools/bin/../lib/gcc/arm-none-eabi/11.3.1/../../../../arm-none-eabi/lib/thumb/v7e-m+fp/hard/libc_nano.a(libc_a-perror.o)
                              ./CustomLib/USB_Serial/USB_Serial.o (perror)
/Applications/STM32CubeIDE.app/Contents/Eclipse/plugins/com.st.stm32cube.ide.mcu.externaltools.gnu-tools-for-stm32.11.3.rel1.macos64_1.1.100.202310310803/tools/bin/../lib/gcc/arm-none-eabi/11.3.1/../../../../arm-none-eabi/lib/thumb/v7e-m+fp/hard/libc_nano.a(libc_a-strerror.o)
                              /Applications/STM32CubeIDE.app/Contents/Eclipse/plugins/com.st.stm32cube.ide.mcu.externaltools.gnu-tools-for-stm32.11.3.rel1.macos64_1.1.100.202310310803/tools/bin/../lib/gcc/arm-none-eabi/11.3.1/../../../../arm-none-eabi/lib/thumb/v7e-m+fp/hard/libc_nano.a(libc_a-perror.o) (_strerror_r)
/Applications/STM32CubeIDE.app/Contents/Eclipse/plugins/com.st.stm32cube.ide.mcu.externaltools.gnu-tools-for-stm32.11.3.rel1.macos64_1.1.100.202310310803/tools/bin/../lib/gcc/arm-none-eabi/11.3.1/../../../../arm-none-eabi/lib/thumb/v7e-m+fp/hard/libc_nano.a(libc_a-strncmp.o)
                              ./CustomLib/hal_esp8266/hal_esp8266.o (strncmp)
/Applications/STM32CubeIDE.app/Contents/Eclipse/plugins/com.st.stm32cube.ide.mcu.externaltools.gnu-tools-for-stm32.11.3.rel1.macos64_1.1.100.202310310803/tools/bin/../lib/gcc/arm-none-eabi/11.3.1/../../../../arm-none-eabi/lib/thumb/v7e-m+fp/hard/libc_nano.a(libc_a-u_strerr.o)
                              /Applications/STM32CubeIDE.app/Contents/Eclipse/plugins/com.st.stm32cube.ide.mcu.externaltools.gnu-tools-for-stm32.11.3.rel1.macos64_1.1.100.202310310803/tools/bin/../lib/gcc/arm-none-eabi/11.3.1/../../../../arm-none-eabi/lib/thumb/v7e-m+fp/hard/libc_nano.a(libc_a-strerror.o) (_user_strerror)
/Applications/STM32CubeIDE.app/Contents/Eclipse/plugins/com.st.stm32cube.ide.mcu.externaltools.gnu-tools-for-stm32.11.3.rel1.macos64_1.1.100.202310310803/tools/bin/../lib/gcc/arm-none-eabi/11.3.1/../../../../arm-none-eabi/lib/thumb/v7e-m+fp/hard/libc_nano.a(libc_a-memset.o)
                              /Applications/STM32CubeIDE.app/Contents/Eclipse/plugins/com.st.stm32cube.ide.mcu.externaltools.gnu-tools-for-stm32.11.3.rel1.macos64_1.1.100.202310310803/tools/bin/../lib/gcc/arm-none-eabi/11.3.1/../../../../arm-none-eabi/lib/thumb/v7e-m+fp/hard/crt0.o (memset)
[...]
Memory Configuration

Name             Origin             Length             Attributes
RAM              0x0000000020000000 0x0000000000010000 xrw
FLASH            0x0000000008000000 0x0000000000040000 xr
*default*        0x0000000000000000 0xffffffffffffffff

Linker script and memory map

LOAD /Applications/STM32CubeIDE.app/Contents/Eclipse/plugins/com.st.stm32cube.ide.mcu.externaltools.gnu-tools-for-stm32.11.3.rel1.macos64_1.1.100.202310310803/tools/bin/../lib/gcc/arm-none-eabi/11.3.1/thumb/v7e-m+fp/hard/crti.o
LOAD /Applications/STM32CubeIDE.app/Contents/Eclipse/plugins/com.st.stm32cube.ide.mcu.externaltools.gnu-tools-for-stm32.11.3.rel1.macos64_1.1.100.202310310803/tools/bin/../lib/gcc/arm-none-eabi/11.3.1/thumb/v7e-m+fp/hard/crtbegin.o
LOAD /Applications/STM32CubeIDE.app/Contents/Eclipse/plugins/com.st.stm32cube.ide.mcu.externaltools.gnu-tools-for-stm32.11.3.rel1.macos64_1.1.100.202310310803/tools/bin/../lib/gcc/arm-none-eabi/11.3.1/../../../../arm-none-eabi/lib/thumb/v7e-m+fp/hard/crt0.o
LOAD ./Core/Src/main.o
LOAD ./Core/Src/stm32f4xx_hal_msp.o
LOAD ./Core/Src/stm32f4xx_it.o
LOAD ./Core/Src/syscalls.o
LOAD ./Core/Src/sysmem.o
LOAD ./Core/Src/system_stm32f4xx.o
LOAD ./Core/Startup/startup_stm32f401ccux.o
LOAD ./CustomLib/NTP_Clock/NTP_Clock.o
LOAD ./CustomLib/Serial/Serial.o
LOAD ./CustomLib/USB_Serial/USB_Serial.o
LOAD ./CustomLib/esp8266_mqtt/esp8266_mqtt.o
LOAD ./CustomLib/hal_esp8266/hal_esp8266.o
LOAD ./CustomLib/oled_SH1106/oled_SH1106.o
LOAD ./Drivers/STM32F4xx_HAL_Driver/Src/stm32f4xx_hal.o
LOAD ./Drivers/STM32F4xx_HAL_Driver/Src/stm32f4xx_hal_cortex.o
LOAD ./Drivers/STM32F4xx_HAL_Driver/Src/stm32f4xx_hal_dma.o
LOAD ./Drivers/STM32F4xx_HAL_Driver/Src/stm32f4xx_hal_dma_ex.o
LOAD ./Drivers/STM32F4xx_HAL_Driver/Src/stm32f4xx_hal_exti.o
LOAD ./Drivers/STM32F4xx_HAL_Driver/Src/stm32f4xx_hal_flash.o
LOAD ./Drivers/STM32F4xx_HAL_Driver/Src/stm32f4xx_hal_flash_ex.o
LOAD ./Drivers/STM32F4xx_HAL_Driver/Src/stm32f4xx_hal_flash_ramfunc.o
LOAD ./Drivers/STM32F4xx_HAL_Driver/Src/stm32f4xx_hal_gpio.o
LOAD ./Drivers/STM32F4xx_HAL_Driver/Src/stm32f4xx_hal_i2c.o
LOAD ./Drivers/STM32F4xx_HAL_Driver/Src/stm32f4xx_hal_i2c_ex.o
LOAD ./Drivers/STM32F4xx_HAL_Driver/Src/stm32f4xx_hal_pcd.o
LOAD ./Drivers/STM32F4xx_HAL_Driver/Src/stm32f4xx_hal_pcd_ex.o
LOAD ./Drivers/STM32F4xx_HAL_Driver/Src/stm32f4xx_hal_pwr.o
LOAD ./Drivers/STM32F4xx_HAL_Driver/Src/stm32f4xx_hal_pwr_ex.o
LOAD ./Drivers/STM32F4xx_HAL_Driver/Src/stm32f4xx_hal_rcc.o
LOAD ./Drivers/STM32F4xx_HAL_Driver/Src/stm32f4xx_hal_rcc_ex.o
LOAD ./Drivers/STM32F4xx_HAL_Driver/Src/stm32f4xx_hal_tim.o
LOAD ./Drivers/STM32F4xx_HAL_Driver/Src/stm32f4xx_hal_tim_ex.o
LOAD ./Drivers/STM32F4xx_HAL_Driver/Src/stm32f4xx_hal_uart.o
LOAD ./Drivers/STM32F4xx_HAL_Driver/Src/stm32f4xx_ll_usb.o
LOAD ./Middlewares/ST/STM32_USB_Device_Library/Class/CDC/Src/usbd_cdc.o
LOAD ./Middlewares/ST/STM32_USB_Device_Library/Core/Src/usbd_core.o
LOAD ./Middlewares/ST/STM32_USB_Device_Library/Core/Src/usbd_ctlreq.o
LOAD ./Middlewares/ST/STM32_USB_Device_Library/Core/Src/usbd_ioreq.o
LOAD ./USB_DEVICE/App/usb_device.o
LOAD ./USB_DEVICE/App/usbd_cdc_if.o
LOAD ./USB_DEVICE/App/usbd_desc.o
LOAD ./USB_DEVICE/Target/usbd_conf.o
START GROUP
LOAD /Applications/STM32CubeIDE.app/Contents/Eclipse/plugins/com.st.stm32cube.ide.mcu.externaltools.gnu-tools-for-stm32.11.3.rel1.macos64_1.1.100.202310310803/tools/bin/../lib/gcc/arm-none-eabi/11.3.1/../../../../arm-none-eabi/lib/thumb/v7e-m+fp/hard/libc_nano.a
LOAD /Applications/STM32CubeIDE.app/Contents/Eclipse/plugins/com.st.stm32cube.ide.mcu.externaltools.gnu-tools-for-stm32.11.3.rel1.macos64_1.1.100.202310310803/tools/bin/../lib/gcc/arm-none-eabi/11.3.1/../../../../arm-none-eabi/lib/thumb/v7e-m+fp/hard/libm.a
END GROUP
START GROUP
LOAD /Applications/STM32CubeIDE.app/Contents/Eclipse/plugins/com.st.stm32cube.ide.mcu.externaltools.gnu-tools-for-stm32.11.3.rel1.macos64_1.1.100.202310310803/tools/bin/../lib/gcc/arm-none-eabi/11.3.1/thumb/v7e-m+fp/hard/libgcc.a
LOAD /Applications/STM32CubeIDE.app/Contents/Eclipse/plugins/com.st.stm32cube.ide.mcu.externaltools.gnu-tools-for-stm32.11.3.rel1.macos64_1.1.100.202310310803/tools/bin/../lib/gcc/arm-none-eabi/11.3.1/../../../../arm-none-eabi/lib/thumb/v7e-m+fp/hard/libc_nano.a
END GROUP
START GROUP
LOAD /Applications/STM32CubeIDE.app/Contents/Eclipse/plugins/com.st.stm32cube.ide.mcu.externaltools.gnu-tools-for-stm32.11.3.rel1.macos64_1.1.100.202310310803/tools/bin/../lib/gcc/arm-none-eabi/11.3.1/thumb/v7e-m+fp/hard/libgcc.a
LOAD /Applications/STM32CubeIDE.app/Contents/Eclipse/plugins/com.st.stm32cube.ide.mcu.externaltools.gnu-tools-for-stm32.11.3.rel1.macos64_1.1.100.202310310803/tools/bin/../lib/gcc/arm-none-eabi/11.3.1/../../../../arm-none-eabi/lib/thumb/v7e-m+fp/hard/libc_nano.a
LOAD /Applications/STM32CubeIDE.app/Contents/Eclipse/plugins/com.st.stm32cube.ide.mcu.externaltools.gnu-tools-for-stm32.11.3.rel1.macos64_1.1.100.202310310803/tools/bin/../lib/gcc/arm-none-eabi/11.3.1/../../../../arm-none-eabi/lib/thumb/v7e-m+fp/hard/libnosys.a
END GROUP
START GROUP
LOAD /Applications/STM32CubeIDE.app/Contents/Eclipse/plugins/com.st.stm32cube.ide.mcu.externaltools.gnu-tools-for-stm32.11.3.rel1.macos64_1.1.100.202310310803/tools/bin/../lib/gcc/arm-none-eabi/11.3.1/thumb/v7e-m+fp/hard/libgcc.a
LOAD /Applications/STM32CubeIDE.app/Contents/Eclipse/plugins/com.st.stm32cube.ide.mcu.externaltools.gnu-tools-for-stm32.11.3.rel1.macos64_1.1.100.202310310803/tools/bin/../lib/gcc/arm-none-eabi/11.3.1/../../../../arm-none-eabi/lib/thumb/v7e-m+fp/hard/libc_nano.a
LOAD /Applications/STM32CubeIDE.app/Contents/Eclipse/plugins/com.st.stm32cube.ide.mcu.externaltools.gnu-tools-for-stm32.11.3.rel1.macos64_1.1.100.202310310803/tools/bin/../lib/gcc/arm-none-eabi/11.3.1/../../../../arm-none-eabi/lib/thumb/v7e-m+fp/hard/libnosys.a
END GROUP
LOAD /Applications/STM32CubeIDE.app/Contents/Eclipse/plugins/com.st.stm32cube.ide.mcu.externaltools.gnu-tools-for-stm32.11.3.rel1.macos64_1.1.100.202310310803/tools/bin/../lib/gcc/arm-none-eabi/11.3.1/thumb/v7e-m+fp/hard/crtend.o
LOAD /Applications/STM32CubeIDE.app/Contents/Eclipse/plugins/com.st.stm32cube.ide.mcu.externaltools.gnu-tools-for-stm32.11.3.rel1.macos64_1.1.100.202310310803/tools/bin/../lib/gcc/arm-none-eabi/11.3.1/thumb/v7e-m+fp/hard/crtn.o
                0x0000000020010000                _estack = (ORIGIN (RAM) + LENGTH (RAM))
                0x0000000000000200                _Min_Heap_Size = 0x200
                0x0000000000000400                _Min_Stack_Size = 0x400

.isr_vector     0x0000000008000000      0x194
                0x0000000008000000                . = ALIGN (0x4)
 *(.isr_vector)
 .isr_vector    0x0000000008000000      0x194 ./Core/Startup/startup_stm32f401ccux.o
                0x0000000008000000                g_pfnVectors
                0x0000000008000194                . = ALIGN (0x4)

.text           0x00000000080001a0     0xc11c
                0x00000000080001a0                . = ALIGN (0x4)
 *(.text)
 .text          0x00000000080001a0       0x40 /Applications/STM32CubeIDE.app/Contents/Eclipse/plugins/com.st.stm32cube.ide.mcu.externaltools.gnu-tools-for-stm32.11.3.rel1.macos64_1.1.100.202310310803/tools/bin/../lib/gcc/arm-none-eabi/11.3.1/thumb/v7e-m+fp/hard/crtbegin.o
 .text          0x00000000080001e0       0x10 /Applications/STM32CubeIDE.app/Contents/Eclipse/plugins/com.st.stm32cube.ide.mcu.externaltools.gnu-tools-for-stm32.11.3.rel1.macos64_1.1.100.202310310803/tools/bin/../lib/gcc/arm-none-eabi/11.3.1/../../../../arm-none-eabi/lib/thumb/v7e-m+fp/hard/libc_nano.a(libc_a-strlen.o)
                0x00000000080001e0                strlen
 .text          0x00000000080001f0       0x14 /Applications/STM32CubeIDE.app/Contents/Eclipse/plugins/com.st.stm32cube.ide.mcu.externaltools.gnu-tools-for-stm32.11.3.rel1.macos64_1.1.100.202310310803/tools/bin/../lib/gcc/arm-none-eabi/11.3.1/../../../../arm-none-eabi/lib/thumb/v7e-m+fp/hard/libc_nano.a(libc_a-strcmp.o)
                0x00000000080001f0                strcmp
 *fill*         0x0000000008000204        0xc 
 .text          0x0000000008000210       0xa0 /Applications/STM32CubeIDE.app/Contents/Eclipse/plugins/com.st.stm32cube.ide.mcu.externaltools.gnu-tools-for-stm32.11.3.rel1.macos64_1.1.100.202310310803/tools/bin/../lib/gcc/arm-none-eabi/11.3.1/../../../../arm-none-eabi/lib/thumb/v7e-m+fp/hard/libc_nano.a(libc_a-memchr.o)
                0x0000000008000210                memchr
 .text          0x00000000080002b0       0xa0 /Applications/STM32CubeIDE.app/Contents/Eclipse/plugins/com.st.stm32cube.ide.mcu.externaltools.gnu-tools-for-stm32.11.3.rel1.macos64_1.1.100.202310310803/tools/bin/../lib/gcc/arm-none-eabi/11.3.1/thumb/v7e-m+fp/hard/libgcc.a(_aeabi_ldivmod.o)
                0x00000000080002b0                __aeabi_ldivmod
 .text          0x0000000008000350       0x30 /Applications/STM32CubeIDE.app/Contents/Eclipse/plugins/com.st.stm32cube.ide.mcu.externaltools.gnu-tools-for-stm32.11.3.rel1.macos64_1.1.100.202310310803/tools/bin/../lib/gcc/arm-none-eabi/11.3.1/thumb/v7e-m+fp/hard/libgcc.a(_aeabi_uldivmod.o)
                0x0000000008000350                __aeabi_uldivmod
 .text          0x0000000008000380      0x2c8 /Applications/STM32CubeIDE.app/Contents/Eclipse/plugins/com.st.stm32cube.ide.mcu.externaltools.gnu-tools-for-stm32.11.3.rel1.macos64_1.1.100.202310310803/tools/bin/../lib/gcc/arm-none-eabi/11.3.1/thumb/v7e-m+fp/hard/libgcc.a(_udivmoddi4.o)
                0x0000000008000380                __udivmoddi4
 .text          0x0000000008000648        0x4 /Applications/STM32CubeIDE.app/Contents/Eclipse/plugins/com.st.stm32cube.ide.mcu.externaltools.gnu-tools-for-stm32.11.3.rel1.macos64_1.1.100.202310310803/tools/bin/../lib/gcc/arm-none-eabi/11.3.1/thumb/v7e-m+fp/hard/libgcc.a(_dvmd_tls.o)
                0x0000000008000648                __aeabi_ldiv0
                0x0000000008000648                __aeabi_idiv0
 *(.text*)
 .text.rx_cb_0  0x000000000800064c       0x34 ./Core/Src/main.o
                0x000000000800064c                rx_cb_0
 .text.mqtt_cb  0x0000000008000680       0x38 ./Core/Src/main.o
                0x0000000008000680                mqtt_cb
 .text.mqtt_config
                0x00000000080006b8       0x58 ./Core/Src/main.o
 .text.mqtt_connect
                0x0000000008000710       0x30 ./Core/Src/main.o
 .text.mqtt_subscribe
                0x0000000008000740       0x28 ./Core/Src/main.o
 .text.main     0x0000000008000768      0x134 ./Core/Src/main.o
                0x0000000008000768                main
 .text.SystemClock_Config
                0x000000000800089c       0xd8 ./Core/Src/main.o
                0x000000000800089c                SystemClock_Config
 .text.MX_TIM2_Init
                0x0000000008000974       0x98 ./Core/Src/main.o
 .text.MX_USART1_UART_Init
                0x0000000008000a0c       0x54 ./Core/Src/main.o
 .text.MX_GPIO_Init
                0x0000000008000a60       0xc0 ./Core/Src/main.o
 .text.Error_Handler
                0x0000000008000b20        0xa ./Core/Src/main.o
                0x0000000008000b20                Error_Handler
 *fill*         0x0000000008000b2a        0x2 
 .text.HAL_MspInit
                0x0000000008000b2c       0x50 ./Core/Src/stm32f4xx_hal_msp.o
                0x0000000008000b2c                HAL_MspInit
 .text.HAL_I2C_MspInit
                0x0000000008000b7c       0x90 ./Core/Src/stm32f4xx_hal_msp.o
                0x0000000008000b7c                HAL_I2C_MspInit
 .text.HAL_TIM_Base_MspInit
                0x0000000008000c0c       0x40 ./Core/Src/stm32f4xx_hal_msp.o
                0x0000000008000c0c                HAL_TIM_Base_MspInit
 .text.HAL_UART_MspInit
                0x0000000008000c4c       0xa0 ./Core/Src/stm32f4xx_hal_msp.o
                0x0000000008000c4c                HAL_UART_MspInit
 .text.NMI_Handler
                0x0000000008000cec        0x6 ./Core/Src/stm32f4xx_it.o
                0x0000000008000cec                NMI_Handler
 .text.HardFault_Handler
                0x0000000008000cf2        0x6 ./Core/Src/stm32f4xx_it.o
                0x0000000008000cf2                HardFault_Handler
 .text.MemManage_Handler
                0x0000000008000cf8        0x6 ./Core/Src/stm32f4xx_it.o
                0x0000000008000cf8                MemManage_Handler
 .text.BusFault_Handler
                0x0000000008000cfe        0x6 ./Core/Src/stm32f4xx_it.o
                0x0000000008000cfe                BusFault_Handler
 .text.UsageFault_Handler
                0x0000000008000d04        0x6 ./Core/Src/stm32f4xx_it.o
                0x0000000008000d04                UsageFault_Handler
 .text.SVC_Handler
                0x0000000008000d0a        0xe ./Core/Src/stm32f4xx_it.o
                0x0000000008000d0a                SVC_Handler
 .text.DebugMon_Handler
                0x0000000008000d18        0xe ./Core/Src/stm32f4xx_it.o
                0x0000000008000d18                DebugMon_Handler
 .text.PendSV_Handler
                0x0000000008000d26        0xe ./Core/Src/stm32f4xx_it.o
                0x0000000008000d26                PendSV_Handler
 .text.SysTick_Handler
                0x0000000008000d34        0xc ./Core/Src/stm32f4xx_it.o
                0x0000000008000d34                SysTick_Handler
 .text.USART1_IRQHandler
                0x0000000008000d40       0x14 ./Core/Src/stm32f4xx_it.o
                0x0000000008000d40                USART1_IRQHandler
 .text.OTG_FS_IRQHandler
                0x0000000008000d54       0x14 ./Core/Src/stm32f4xx_it.o
                0x0000000008000d54                OTG_FS_IRQHandler
 .text._getpid  0x0000000008000d68       0x10 ./Core/Src/syscalls.o
                0x0000000008000d68                _getpid
 .text._kill    0x0000000008000d78       0x20 ./Core/Src/syscalls.o
                0x0000000008000d78                _kill
 .text._exit    0x0000000008000d98       0x14 ./Core/Src/syscalls.o
                0x0000000008000d98                _exit
 .text._read    0x0000000008000dac       0x3a ./Core/Src/syscalls.o
                0x0000000008000dac                _read
 .text._write   0x0000000008000de6       0x38 ./Core/Src/syscalls.o
                0x0000000008000de6                _write
 .text._close   0x0000000008000e1e       0x18 ./Core/Src/syscalls.o
                0x0000000008000e1e                _close
 .text._fstat   0x0000000008000e36       0x20 ./Core/Src/syscalls.o
                0x0000000008000e36                _fstat
 .text._isatty  0x0000000008000e56       0x16 ./Core/Src/syscalls.o
                0x0000000008000e56                _isatty
 .text._lseek   0x0000000008000e6c       0x1a ./Core/Src/syscalls.o
                0x0000000008000e6c                _lseek
 *fill*         0x0000000008000e86        0x2 
 .text._sbrk    0x0000000008000e88       0x6c ./Core/Src/sysmem.o
                0x0000000008000e88                _sbrk
 .text.SystemInit
                0x0000000008000ef4       0x24 ./Core/Src/system_stm32f4xx.o
                0x0000000008000ef4                SystemInit
 .text.Reset_Handler
                0x0000000008000f18       0x50 ./Core/Startup/startup_stm32f401ccux.o
                0x0000000008000f18                Reset_Handler
 .text.Default_Handler
                0x0000000008000f68        0x2 ./Core/Startup/startup_stm32f401ccux.o
                0x0000000008000f68                DMA1_Stream3_IRQHandler
                0x0000000008000f68                EXTI2_IRQHandler
                0x0000000008000f68                SPI4_IRQHandler
                0x0000000008000f68                TIM1_CC_IRQHandler
                0x0000000008000f68                DMA2_Stream5_IRQHandler
                0x0000000008000f68                DMA1_Stream5_IRQHandler
                0x0000000008000f68                PVD_IRQHandler
                0x0000000008000f68                SDIO_IRQHandler
                0x0000000008000f68                TAMP_STAMP_IRQHandler
                0x0000000008000f68                EXTI3_IRQHandler
                0x0000000008000f68                TIM1_UP_TIM10_IRQHandler
                0x0000000008000f68                I2C3_ER_IRQHandler
                0x0000000008000f68                EXTI0_IRQHandler
                0x0000000008000f68                I2C2_EV_IRQHandler
                0x0000000008000f68                DMA1_Stream2_IRQHandler
                0x0000000008000f68                FPU_IRQHandler
                0x0000000008000f68                DMA2_Stream2_IRQHandler
                0x0000000008000f68                SPI1_IRQHandler
                0x0000000008000f68                TIM1_BRK_TIM9_IRQHandler
                0x0000000008000f68                DMA2_Stream3_IRQHandler
                0x0000000008000f68                USART6_IRQHandler
                0x0000000008000f68                DMA2_Stream0_IRQHandler
                0x0000000008000f68                TIM4_IRQHandler
                0x0000000008000f68                I2C1_EV_IRQHandler
                0x0000000008000f68                DMA1_Stream6_IRQHandler
                0x0000000008000f68                DMA1_Stream1_IRQHandler
                0x0000000008000f68                TIM3_IRQHandler
                0x0000000008000f68                RCC_IRQHandler
                0x0000000008000f68                Default_Handler
                0x0000000008000f68                EXTI15_10_IRQHandler
                0x0000000008000f68                ADC_IRQHandler
                0x0000000008000f68                DMA1_Stream7_IRQHandler
                0x0000000008000f68                TIM5_IRQHandler
                0x0000000008000f68                DMA2_Stream7_IRQHandler
                0x0000000008000f68                I2C3_EV_IRQHandler
                0x0000000008000f68                EXTI9_5_IRQHandler
                0x0000000008000f68                RTC_WKUP_IRQHandler
                0x0000000008000f68                SPI2_IRQHandler
                0x0000000008000f68                DMA1_Stream0_IRQHandler
                0x0000000008000f68                EXTI4_IRQHandler
                0x0000000008000f68                WWDG_IRQHandler
                0x0000000008000f68                TIM2_IRQHandler
                0x0000000008000f68                OTG_FS_WKUP_IRQHandler
                0x0000000008000f68                TIM1_TRG_COM_TIM11_IRQHandler
                0x0000000008000f68                EXTI1_IRQHandler
                0x0000000008000f68                USART2_IRQHandler
                0x0000000008000f68                I2C2_ER_IRQHandler
                0x0000000008000f68                DMA2_Stream1_IRQHandler
                0x0000000008000f68                FLASH_IRQHandler
                0x0000000008000f68                DMA2_Stream4_IRQHandler
                0x0000000008000f68                SPI3_IRQHandler
                0x0000000008000f68                DMA1_Stream4_IRQHandler
                0x0000000008000f68                I2C1_ER_IRQHandler
                0x0000000008000f68                DMA2_Stream6_IRQHandler
                0x0000000008000f68                RTC_Alarm_IRQHandler
 *fill*         0x0000000008000f6a        0x2 
 .text.ntp_request_server
                0x0000000008000f6c       0x2c ./CustomLib/NTP_Clock/NTP_Clock.o
 .text.ntp_display_time
                0x0000000008000f98       0xb4 ./CustomLib/NTP_Clock/NTP_Clock.o
 .text.rx_cb_1  0x000000000800104c       0x78 ./CustomLib/NTP_Clock/NTP_Clock.o
                0x000000000800104c                rx_cb_1
 .text.ntp_update_time
                0x00000000080010c4      0x144 ./CustomLib/NTP_Clock/NTP_Clock.o
                0x00000000080010c4                ntp_update_time
 .text.ntp_begin
                0x0000000008001208       0x40 ./CustomLib/NTP_Clock/NTP_Clock.o
                0x0000000008001208                ntp_begin
 .text.HAL_UART_RxCpltCallback
                0x0000000008001248       0x84 ./CustomLib/Serial/Serial.o
                0x0000000008001248                HAL_UART_RxCpltCallback
 .text.Serial_Available
                0x00000000080012cc       0x30 ./CustomLib/Serial/Serial.o
                0x00000000080012cc                Serial_Available
 .text.NextByteAvailable
                0x00000000080012fc       0x4c ./CustomLib/Serial/Serial.o
 .text.Serial_Flush
                0x0000000008001348       0x38 ./CustomLib/Serial/Serial.o
                0x0000000008001348                Serial_Flush
 .text.Serial_Write
                0x0000000008001380       0x28 ./CustomLib/Serial/Serial.o
                0x0000000008001380                Serial_Write
 .text.Serial_ReadByte
                0x00000000080013a8       0x5c ./CustomLib/Serial/Serial.o
                0x00000000080013a8                Serial_ReadByte
 .text.Serial_ReadLine
                0x0000000008001404       0xb8 ./CustomLib/Serial/Serial.o
                0x0000000008001404                Serial_ReadLine
 .text.Serial_Init
                0x00000000080014bc       0x30 ./CustomLib/Serial/Serial.o
                0x00000000080014bc                Serial_Init
 .text.USB_SerialInit
                0x00000000080014ec        0xc ./CustomLib/USB_Serial/USB_Serial.o
                0x00000000080014ec                USB_SerialInit
 .text.USB_SerialPrint
                0x00000000080014f8       0x9c ./CustomLib/USB_Serial/USB_Serial.o
                0x00000000080014f8                USB_SerialPrint
 .text.esp8266_mqtt_user_config
                0x0000000008001594       0x7c ./CustomLib/esp8266_mqtt/esp8266_mqtt.o
                0x0000000008001594                esp8266_mqtt_user_config
 .text.esp8266_mqtt_cb_register
                0x0000000008001610       0x1e ./CustomLib/esp8266_mqtt/esp8266_mqtt.o
                0x0000000008001610                esp8266_mqtt_cb_register
 *fill*         0x000000000800162e        0x2 
 .text.esp8266_mqtt_connect
                0x0000000008001630       0x5c ./CustomLib/esp8266_mqtt/esp8266_mqtt.o
                0x0000000008001630                esp8266_mqtt_connect
 .text.esp8266_mqtt_subscribe
                0x000000000800168c       0x54 ./CustomLib/esp8266_mqtt/esp8266_mqtt.o
                0x000000000800168c                esp8266_mqtt_subscribe
 .text.esp8266_cb_register_ip
                0x00000000080016e0       0x28 ./CustomLib/hal_esp8266/hal_esp8266.o
                0x00000000080016e0                esp8266_cb_register_ip
 .text.esp8266_cb_register_mqtt
                0x0000000008001708       0x28 ./CustomLib/hal_esp8266/hal_esp8266.o
                0x0000000008001708                esp8266_cb_register_mqtt
 .text.WaitForResponse
                0x0000000008001730       0x6c ./CustomLib/hal_esp8266/hal_esp8266.o
 .text.isIpData
                0x000000000800179c       0x2c ./CustomLib/hal_esp8266/hal_esp8266.o
                0x000000000800179c                isIpData
 .text.isMqttData
                0x00000000080017c8       0x2c ./CustomLib/hal_esp8266/hal_esp8266.o
                0x00000000080017c8                isMqttData
 .text.esp8266_recv
                0x00000000080017f4      0x1c8 ./CustomLib/hal_esp8266/hal_esp8266.o
                0x00000000080017f4                esp8266_recv
 .text.esp8266_tx
                0x00000000080019bc       0x1e ./CustomLib/hal_esp8266/hal_esp8266.o
 *fill*         0x00000000080019da        0x2 
 .text.esp8266_send_cmd
                0x00000000080019dc       0x34 ./CustomLib/hal_esp8266/hal_esp8266.o
                0x00000000080019dc                esp8266_send_cmd
 .text.esp8266_send_ip_data
                0x0000000008001a10       0x90 ./CustomLib/hal_esp8266/hal_esp8266.o
                0x0000000008001a10                esp8266_send_ip_data
 .text.esp8266_udp_begin
                0x0000000008001aa0       0x64 ./CustomLib/hal_esp8266/hal_esp8266.o
                0x0000000008001aa0                esp8266_udp_begin
 .text.esp8266_wifi_connect
                0x0000000008001b04       0x74 ./CustomLib/hal_esp8266/hal_esp8266.o
                0x0000000008001b04                esp8266_wifi_connect
 .text.get_ip_address
                0x0000000008001b78       0x94 ./CustomLib/hal_esp8266/hal_esp8266.o
 .text.get_wifi_details
                0x0000000008001c0c       0xa8 ./CustomLib/hal_esp8266/hal_esp8266.o
 .text.esp8266_reset
                0x0000000008001cb4       0x38 ./CustomLib/hal_esp8266/hal_esp8266.o
                0x0000000008001cb4                esp8266_reset
 .text.esp8266_init
                0x0000000008001cec       0xc8 ./CustomLib/hal_esp8266/hal_esp8266.o
                0x0000000008001cec                esp8266_init
 .text.Error_Handler
                0x0000000008001db4        0xa ./CustomLib/oled_SH1106/oled_SH1106.o
 *fill*         0x0000000008001dbe        0x2 
 .text.MX_I2C1_Init
                0x0000000008001dc0       0x5c ./CustomLib/oled_SH1106/oled_SH1106.o
 .text.oled_sendCommand
                0x0000000008001e1c       0x38 ./CustomLib/oled_SH1106/oled_SH1106.o
                0x0000000008001e1c                oled_sendCommand
 .text.oled_setCursorPos
                0x0000000008001e54       0x4c ./CustomLib/oled_SH1106/oled_SH1106.o
                0x0000000008001e54                oled_setCursorPos
 .text.oled_setCursor
                0x0000000008001ea0       0x34 ./CustomLib/oled_SH1106/oled_SH1106.o
                0x0000000008001ea0                oled_setCursor
 .text.oled_display
                0x0000000008001ed4       0x6c ./CustomLib/oled_SH1106/oled_SH1106.o
                0x0000000008001ed4                oled_display
 .text.oled_setPageMode
                0x0000000008001f40       0x14 ./CustomLib/oled_SH1106/oled_SH1106.o
                0x0000000008001f40                oled_setPageMode
 .text.oled_setChargePump
                0x0000000008001f54       0x14 ./CustomLib/oled_SH1106/oled_SH1106.o
                0x0000000008001f54                oled_setChargePump
 .text.oled_clearDisplay
                0x0000000008001f68       0x50 ./CustomLib/oled_SH1106/oled_SH1106.o
                0x0000000008001f68                oled_clearDisplay
 .text.oled_init
                0x0000000008001fb8       0x34 ./CustomLib/oled_SH1106/oled_SH1106.o
                0x0000000008001fb8                oled_init
 .text.oled_printChar
                0x0000000008001fec      0x188 ./CustomLib/oled_SH1106/oled_SH1106.o
                0x0000000008001fec                oled_printChar
 .text.oled_printString
                0x0000000008002174       0x78 ./CustomLib/oled_SH1106/oled_SH1106.o
                0x0000000008002174                oled_printString
 .text.oled_print7Seg_digit
                0x00000000080021ec       0xc8 ./CustomLib/oled_SH1106/oled_SH1106.o
                0x00000000080021ec                oled_print7Seg_digit
 .text.oled_print7Seg_number
                0x00000000080022b4       0x64 ./CustomLib/oled_SH1106/oled_SH1106.o
                0x00000000080022b4                oled_print7Seg_number
 .text.HAL_Init
                0x0000000008002318       0x44 ./Drivers/STM32F4xx_HAL_Driver/Src/stm32f4xx_hal.o
                0x0000000008002318                HAL_Init
 .text.HAL_InitTick
                0x000000000800235c       0x60 ./Drivers/STM32F4xx_HAL_Driver/Src/stm32f4xx_hal.o
                0x000000000800235c                HAL_InitTick
 .text.HAL_IncTick
                0x00000000080023bc       0x28 ./Drivers/STM32F4xx_HAL_Driver/Src/stm32f4xx_hal.o
                0x00000000080023bc                HAL_IncTick
 .text.HAL_GetTick
                0x00000000080023e4       0x18 ./Drivers/STM32F4xx_HAL_Driver/Src/stm32f4xx_hal.o
                0x00000000080023e4                HAL_GetTick
 .text.HAL_Delay
                0x00000000080023fc       0x48 ./Drivers/STM32F4xx_HAL_Driver/Src/stm32f4xx_hal.o
                0x00000000080023fc                HAL_Delay
 .text.__NVIC_SetPriorityGrouping
                0x0000000008002444       0x48 ./Drivers/STM32F4xx_HAL_Driver/Src/stm32f4xx_hal_cortex.o
 .text.__NVIC_GetPriorityGrouping
                0x000000000800248c       0x1c ./Drivers/STM32F4xx_HAL_Driver/Src/stm32f4xx_hal_cortex.o
 .text.__NVIC_EnableIRQ
                0x00000000080024a8       0x3c ./Drivers/STM32F4xx_HAL_Driver/Src/stm32f4xx_hal_cortex.o
 .text.__NVIC_SetPriority
                0x00000000080024e4       0x54 ./Drivers/STM32F4xx_HAL_Driver/Src/stm32f4xx_hal_cortex.o
 .text.NVIC_EncodePriority
                0x0000000008002538       0x66 ./Drivers/STM32F4xx_HAL_Driver/Src/stm32f4xx_hal_cortex.o
 *fill*         0x000000000800259e        0x2 
 .text.SysTick_Config
                0x00000000080025a0       0x44 ./Drivers/STM32F4xx_HAL_Driver/Src/stm32f4xx_hal_cortex.o
 .text.HAL_NVIC_SetPriorityGrouping
                0x00000000080025e4       0x16 ./Drivers/STM32F4xx_HAL_Driver/Src/stm32f4xx_hal_cortex.o
                0x00000000080025e4                HAL_NVIC_SetPriorityGrouping
 .text.HAL_NVIC_SetPriority
                0x00000000080025fa       0x38 ./Drivers/STM32F4xx_HAL_Driver/Src/stm32f4xx_hal_cortex.o
                0x00000000080025fa                HAL_NVIC_SetPriority
 .text.HAL_NVIC_EnableIRQ
                0x0000000008002632       0x1c ./Drivers/STM32F4xx_HAL_Driver/Src/stm32f4xx_hal_cortex.o
                0x0000000008002632                HAL_NVIC_EnableIRQ
 .text.HAL_SYSTICK_Config
                0x000000000800264e       0x18 ./Drivers/STM32F4xx_HAL_Driver/Src/stm32f4xx_hal_cortex.o
                0x000000000800264e                HAL_SYSTICK_Config
 .text.HAL_DMA_Abort
                0x0000000008002666       0xe0 ./Drivers/STM32F4xx_HAL_Driver/Src/stm32f4xx_hal_dma.o
                0x0000000008002666                HAL_DMA_Abort
 .text.HAL_DMA_Abort_IT
                0x0000000008002746       0x44 ./Drivers/STM32F4xx_HAL_Driver/Src/stm32f4xx_hal_dma.o
                0x0000000008002746                HAL_DMA_Abort_IT
 *fill*         0x000000000800278a        0x2 
 .text.HAL_GPIO_Init
                0x000000000800278c      0x308 ./Drivers/STM32F4xx_HAL_Driver/Src/stm32f4xx_hal_gpio.o
                0x000000000800278c                HAL_GPIO_Init
 .text.HAL_GPIO_WritePin
                0x0000000008002a94       0x32 ./Drivers/STM32F4xx_HAL_Driver/Src/stm32f4xx_hal_gpio.o
                0x0000000008002a94                HAL_GPIO_WritePin
 .text.HAL_GPIO_TogglePin
                0x0000000008002ac6       0x34 ./Drivers/STM32F4xx_HAL_Driver/Src/stm32f4xx_hal_gpio.o
                0x0000000008002ac6                HAL_GPIO_TogglePin
 *fill*         0x0000000008002afa        0x2 
 .text.HAL_I2C_Init
                0x0000000008002afc      0x288 ./Drivers/STM32F4xx_HAL_Driver/Src/stm32f4xx_hal_i2c.o
                0x0000000008002afc                HAL_I2C_Init
 .text.HAL_I2C_Master_Transmit
                0x0000000008002d84      0x1fc ./Drivers/STM32F4xx_HAL_Driver/Src/stm32f4xx_hal_i2c.o
                0x0000000008002d84                HAL_I2C_Master_Transmit
 .text.I2C_MasterRequestWrite
                0x0000000008002f80      0x104 ./Drivers/STM32F4xx_HAL_Driver/Src/stm32f4xx_hal_i2c.o
 .text.I2C_WaitOnFlagUntilTimeout
                0x0000000008003084       0xf4 ./Drivers/STM32F4xx_HAL_Driver/Src/stm32f4xx_hal_i2c.o
 .text.I2C_WaitOnMasterAddressFlagUntilTimeout
                0x0000000008003178      0x140 ./Drivers/STM32F4xx_HAL_Driver/Src/stm32f4xx_hal_i2c.o
 .text.I2C_WaitOnTXEFlagUntilTimeout
                0x00000000080032b8       0x90 ./Drivers/STM32F4xx_HAL_Driver/Src/stm32f4xx_hal_i2c.o
 .text.I2C_WaitOnBTFFlagUntilTimeout
                0x0000000008003348       0x90 ./Drivers/STM32F4xx_HAL_Driver/Src/stm32f4xx_hal_i2c.o
 .text.I2C_IsAcknowledgeFailed
                0x00000000080033d8       0x5e ./Drivers/STM32F4xx_HAL_Driver/Src/stm32f4xx_hal_i2c.o
 .text.HAL_PCD_Init
                0x0000000008003436      0x21e ./Drivers/STM32F4xx_HAL_Driver/Src/stm32f4xx_hal_pcd.o
                0x0000000008003436                HAL_PCD_Init
 .text.HAL_PCD_Start
                0x0000000008003654       0x6a ./Drivers/STM32F4xx_HAL_Driver/Src/stm32f4xx_hal_pcd.o
                0x0000000008003654                HAL_PCD_Start
 .text.HAL_PCD_IRQHandler
                0x00000000080036be      0x942 ./Drivers/STM32F4xx_HAL_Driver/Src/stm32f4xx_hal_pcd.o
                0x00000000080036be                HAL_PCD_IRQHandler
 .text.HAL_PCD_SetAddress
                0x0000000008004000       0x48 ./Drivers/STM32F4xx_HAL_Driver/Src/stm32f4xx_hal_pcd.o
                0x0000000008004000                HAL_PCD_SetAddress
 .text.HAL_PCD_EP_Open
                0x0000000008004048       0xd0 ./Drivers/STM32F4xx_HAL_Driver/Src/stm32f4xx_hal_pcd.o
                0x0000000008004048                HAL_PCD_EP_Open
 .text.HAL_PCD_EP_Close
                0x0000000008004118       0x94 ./Drivers/STM32F4xx_HAL_Driver/Src/stm32f4xx_hal_pcd.o
                0x0000000008004118                HAL_PCD_EP_Close
 .text.HAL_PCD_EP_Receive
                0x00000000080041ac       0x76 ./Drivers/STM32F4xx_HAL_Driver/Src/stm32f4xx_hal_pcd.o
                0x00000000080041ac                HAL_PCD_EP_Receive
 .text.HAL_PCD_EP_GetRxCount
                0x0000000008004222       0x30 ./Drivers/STM32F4xx_HAL_Driver/Src/stm32f4xx_hal_pcd.o
                0x0000000008004222                HAL_PCD_EP_GetRxCount
 .text.HAL_PCD_EP_Transmit
                0x0000000008004252       0x74 ./Drivers/STM32F4xx_HAL_Driver/Src/stm32f4xx_hal_pcd.o
                0x0000000008004252                HAL_PCD_EP_Transmit
 .text.HAL_PCD_EP_SetStall
                0x00000000080042c6       0xc6 ./Drivers/STM32F4xx_HAL_Driver/Src/stm32f4xx_hal_pcd.o
                0x00000000080042c6                HAL_PCD_EP_SetStall
 .text.HAL_PCD_EP_ClrStall
                0x000000000800438c       0xac ./Drivers/STM32F4xx_HAL_Driver/Src/stm32f4xx_hal_pcd.o
                0x000000000800438c                HAL_PCD_EP_ClrStall
 .text.HAL_PCD_EP_Abort
                0x0000000008004438       0x62 ./Drivers/STM32F4xx_HAL_Driver/Src/stm32f4xx_hal_pcd.o
                0x0000000008004438                HAL_PCD_EP_Abort
 .text.PCD_WriteEmptyTxFifo
                0x000000000800449a      0x118 ./Drivers/STM32F4xx_HAL_Driver/Src/stm32f4xx_hal_pcd.o
 *fill*         0x00000000080045b2        0x2 
 .text.PCD_EP_OutXfrComplete_int
                0x00000000080045b4      0x1d0 ./Drivers/STM32F4xx_HAL_Driver/Src/stm32f4xx_hal_pcd.o
 .text.PCD_EP_OutSetupPacket_int
                0x0000000008004784       0x8c ./Drivers/STM32F4xx_HAL_Driver/Src/stm32f4xx_hal_pcd.o
 .text.HAL_PCDEx_SetTxFiFo
                0x0000000008004810       0x8e ./Drivers/STM32F4xx_HAL_Driver/Src/stm32f4xx_hal_pcd_ex.o
                0x0000000008004810                HAL_PCDEx_SetTxFiFo
 .text.HAL_PCDEx_SetRxFiFo
                0x000000000800489e       0x22 ./Drivers/STM32F4xx_HAL_Driver/Src/stm32f4xx_hal_pcd_ex.o
                0x000000000800489e                HAL_PCDEx_SetRxFiFo
 .text.HAL_PCDEx_LPM_Callback
                0x00000000080048c0       0x18 ./Drivers/STM32F4xx_HAL_Driver/Src/stm32f4xx_hal_pcd_ex.o
                0x00000000080048c0                HAL_PCDEx_LPM_Callback
 .text.HAL_RCC_OscConfig
                0x00000000080048d8      0x4f0 ./Drivers/STM32F4xx_HAL_Driver/Src/stm32f4xx_hal_rcc.o
                0x00000000080048d8                HAL_RCC_OscConfig
 .text.HAL_RCC_ClockConfig
                0x0000000008004dc8      0x1cc ./Drivers/STM32F4xx_HAL_Driver/Src/stm32f4xx_hal_rcc.o
                0x0000000008004dc8                HAL_RCC_ClockConfig
 .text.HAL_RCC_GetSysClockFreq
                0x0000000008004f94      0x18c ./Drivers/STM32F4xx_HAL_Driver/Src/stm32f4xx_hal_rcc.o
                0x0000000008004f94                HAL_RCC_GetSysClockFreq
 .text.HAL_RCC_GetHCLKFreq
                0x0000000008005120       0x18 ./Drivers/STM32F4xx_HAL_Driver/Src/stm32f4xx_hal_rcc.o
                0x0000000008005120                HAL_RCC_GetHCLKFreq
 .text.HAL_RCC_GetPCLK1Freq
                0x0000000008005138       0x28 ./Drivers/STM32F4xx_HAL_Driver/Src/stm32f4xx_hal_rcc.o
                0x0000000008005138                HAL_RCC_GetPCLK1Freq
 .text.HAL_RCC_GetPCLK2Freq
                0x0000000008005160       0x28 ./Drivers/STM32F4xx_HAL_Driver/Src/stm32f4xx_hal_rcc.o
                0x0000000008005160                HAL_RCC_GetPCLK2Freq
 .text.HAL_TIM_Base_Init
                0x0000000008005188       0x9e ./Drivers/STM32F4xx_HAL_Driver/Src/stm32f4xx_hal_tim.o
                0x0000000008005188                HAL_TIM_Base_Init
 *fill*         0x0000000008005226        0x2 
 .text.HAL_TIM_Base_Start
                0x0000000008005228       0xb4 ./Drivers/STM32F4xx_HAL_Driver/Src/stm32f4xx_hal_tim.o
                0x0000000008005228                HAL_TIM_Base_Start
 .text.HAL_TIM_ConfigClockSource
                0x00000000080052dc      0x18e ./Drivers/STM32F4xx_HAL_Driver/Src/stm32f4xx_hal_tim.o
                0x00000000080052dc                HAL_TIM_ConfigClockSource
 *fill*         0x000000000800546a        0x2 
 .text.TIM_Base_SetConfig
                0x000000000800546c      0x118 ./Drivers/STM32F4xx_HAL_Driver/Src/stm32f4xx_hal_tim.o
                0x000000000800546c                TIM_Base_SetConfig
 .text.TIM_TI1_ConfigInputStage
                0x0000000008005584       0x5e ./Drivers/STM32F4xx_HAL_Driver/Src/stm32f4xx_hal_tim.o
 .text.TIM_TI2_ConfigInputStage
                0x00000000080055e2       0x60 ./Drivers/STM32F4xx_HAL_Driver/Src/stm32f4xx_hal_tim.o
 .text.TIM_ITRx_SetConfig
                0x0000000008005642       0x36 ./Drivers/STM32F4xx_HAL_Driver/Src/stm32f4xx_hal_tim.o
 .text.TIM_ETR_SetConfig
                0x0000000008005678       0x40 ./Drivers/STM32F4xx_HAL_Driver/Src/stm32f4xx_hal_tim.o
                0x0000000008005678                TIM_ETR_SetConfig
 .text.HAL_TIMEx_MasterConfigSynchronization
                0x00000000080056b8       0xdc ./Drivers/STM32F4xx_HAL_Driver/Src/stm32f4xx_hal_tim_ex.o
                0x00000000080056b8                HAL_TIMEx_MasterConfigSynchronization
 .text.HAL_UART_Init
                0x0000000008005794       0xa0 ./Drivers/STM32F4xx_HAL_Driver/Src/stm32f4xx_hal_uart.o
                0x0000000008005794                HAL_UART_Init
 .text.HAL_UART_Transmit
                0x0000000008005834      0x116 ./Drivers/STM32F4xx_HAL_Driver/Src/stm32f4xx_hal_uart.o
                0x0000000008005834                HAL_UART_Transmit
 .text.HAL_UART_Receive_IT
                0x000000000800594a       0x4a ./Drivers/STM32F4xx_HAL_Driver/Src/stm32f4xx_hal_uart.o
                0x000000000800594a                HAL_UART_Receive_IT
 .text.HAL_UART_IRQHandler
                0x0000000008005994      0x524 ./Drivers/STM32F4xx_HAL_Driver/Src/stm32f4xx_hal_uart.o
                0x0000000008005994                HAL_UART_IRQHandler
 .text.HAL_UART_TxCpltCallback
                0x0000000008005eb8       0x14 ./Drivers/STM32F4xx_HAL_Driver/Src/stm32f4xx_hal_uart.o
                0x0000000008005eb8                HAL_UART_TxCpltCallback
 .text.HAL_UART_ErrorCallback
                0x0000000008005ecc       0x14 ./Drivers/STM32F4xx_HAL_Driver/Src/stm32f4xx_hal_uart.o
                0x0000000008005ecc                HAL_UART_ErrorCallback
 .text.HAL_UARTEx_RxEventCallback
                0x0000000008005ee0       0x18 ./Drivers/STM32F4xx_HAL_Driver/Src/stm32f4xx_hal_uart.o
                0x0000000008005ee0                HAL_UARTEx_RxEventCallback
 .text.UART_WaitOnFlagUntilTimeout
                0x0000000008005ef8       0xb2 ./Drivers/STM32F4xx_HAL_Driver/Src/stm32f4xx_hal_uart.o
 .text.UART_Start_Receive_IT
                0x0000000008005faa       0x74 ./Drivers/STM32F4xx_HAL_Driver/Src/stm32f4xx_hal_uart.o
                0x0000000008005faa                UART_Start_Receive_IT
 .text.UART_EndRxTransfer
                0x000000000800601e       0xc6 ./Drivers/STM32F4xx_HAL_Driver/Src/stm32f4xx_hal_uart.o
 .text.UART_DMAAbortOnError
                0x00000000080060e4       0x28 ./Drivers/STM32F4xx_HAL_Driver/Src/stm32f4xx_hal_uart.o
 .text.UART_Transmit_IT
                0x000000000800610c       0xa0 ./Drivers/STM32F4xx_HAL_Driver/Src/stm32f4xx_hal_uart.o
 .text.UART_EndTransmit_IT
                0x00000000080061ac       0x30 ./Drivers/STM32F4xx_HAL_Driver/Src/stm32f4xx_hal_uart.o
 .text.UART_Receive_IT
                0x00000000080061dc      0x17c ./Drivers/STM32F4xx_HAL_Driver/Src/stm32f4xx_hal_uart.o
 .text.UART_SetConfig
                0x0000000008006358      0x4e8 ./Drivers/STM32F4xx_HAL_Driver/Src/stm32f4xx_hal_uart.o
 .text.USB_CoreInit
                0x0000000008006840       0xc8 ./Drivers/STM32F4xx_HAL_Driver/Src/stm32f4xx_ll_usb.o
                0x0000000008006840                USB_CoreInit
 .text.USB_SetTurnaroundTime
                0x0000000008006908      0x144 ./Drivers/STM32F4xx_HAL_Driver/Src/stm32f4xx_ll_usb.o
                0x0000000008006908                USB_SetTurnaroundTime
 .text.USB_EnableGlobalInt
                0x0000000008006a4c       0x22 ./Drivers/STM32F4xx_HAL_Driver/Src/stm32f4xx_ll_usb.o
                0x0000000008006a4c                USB_EnableGlobalInt
 .text.USB_DisableGlobalInt
                0x0000000008006a6e       0x22 ./Drivers/STM32F4xx_HAL_Driver/Src/stm32f4xx_ll_usb.o
                0x0000000008006a6e                USB_DisableGlobalInt
 .text.USB_SetCurrentMode
                0x0000000008006a90       0x98 ./Drivers/STM32F4xx_HAL_Driver/Src/stm32f4xx_ll_usb.o
                0x0000000008006a90                USB_SetCurrentMode
 .text.USB_DevInit
                0x0000000008006b28      0x2c8 ./Drivers/STM32F4xx_HAL_Driver/Src/stm32f4xx_ll_usb.o
                0x0000000008006b28                USB_DevInit
 .text.USB_FlushTxFifo
                0x0000000008006df0       0x64 ./Drivers/STM32F4xx_HAL_Driver/Src/stm32f4xx_ll_usb.o
                0x0000000008006df0                USB_FlushTxFifo
 .text.USB_FlushRxFifo
                0x0000000008006e54       0x5c ./Drivers/STM32F4xx_HAL_Driver/Src/stm32f4xx_ll_usb.o
                0x0000000008006e54                USB_FlushRxFifo
 .text.USB_SetDevSpeed
                0x0000000008006eb0       0x32 ./Drivers/STM32F4xx_HAL_Driver/Src/stm32f4xx_ll_usb.o
                0x0000000008006eb0                USB_SetDevSpeed
 .text.USB_GetDevSpeed
                0x0000000008006ee2       0x4a ./Drivers/STM32F4xx_HAL_Driver/Src/stm32f4xx_ll_usb.o
                0x0000000008006ee2                USB_GetDevSpeed
 .text.USB_ActivateEndpoint
                0x0000000008006f2c      0x10e ./Drivers/STM32F4xx_HAL_Driver/Src/stm32f4xx_ll_usb.o
                0x0000000008006f2c                USB_ActivateEndpoint
 *fill*         0x000000000800703a        0x2 
 .text.USB_DeactivateEndpoint
                0x000000000800703c      0x1b8 ./Drivers/STM32F4xx_HAL_Driver/Src/stm32f4xx_ll_usb.o
                0x000000000800703c                USB_DeactivateEndpoint
 .text.USB_EPStartXfer
                0x00000000080071f4      0x530 ./Drivers/STM32F4xx_HAL_Driver/Src/stm32f4xx_ll_usb.o
                0x00000000080071f4                USB_EPStartXfer
 .text.USB_EPStopXfer
                0x0000000008007724      0x154 ./Drivers/STM32F4xx_HAL_Driver/Src/stm32f4xx_ll_usb.o
                0x0000000008007724                USB_EPStopXfer
 .text.USB_WritePacket
                0x0000000008007878       0x7c ./Drivers/STM32F4xx_HAL_Driver/Src/stm32f4xx_ll_usb.o
                0x0000000008007878                USB_WritePacket
 .text.USB_ReadPacket
                0x00000000080078f4       0xb0 ./Drivers/STM32F4xx_HAL_Driver/Src/stm32f4xx_ll_usb.o
                0x00000000080078f4                USB_ReadPacket
 .text.USB_EPSetStall
                0x00000000080079a4       0xdc ./Drivers/STM32F4xx_HAL_Driver/Src/stm32f4xx_ll_usb.o
                0x00000000080079a4                USB_EPSetStall
 .text.USB_EPClearStall
                0x0000000008007a80       0xcc ./Drivers/STM32F4xx_HAL_Driver/Src/stm32f4xx_ll_usb.o
                0x0000000008007a80                USB_EPClearStall
 .text.USB_SetDevAddress
                0x0000000008007b4c       0x4c ./Drivers/STM32F4xx_HAL_Driver/Src/stm32f4xx_ll_usb.o
                0x0000000008007b4c                USB_SetDevAddress
 .text.USB_DevConnect
                0x0000000008007b98       0x42 ./Drivers/STM32F4xx_HAL_Driver/Src/stm32f4xx_ll_usb.o
                0x0000000008007b98                USB_DevConnect
 .text.USB_DevDisconnect
                0x0000000008007bda       0x42 ./Drivers/STM32F4xx_HAL_Driver/Src/stm32f4xx_ll_usb.o
                0x0000000008007bda                USB_DevDisconnect
 .text.USB_ReadInterrupts
                0x0000000008007c1c       0x26 ./Drivers/STM32F4xx_HAL_Driver/Src/stm32f4xx_ll_usb.o
                0x0000000008007c1c                USB_ReadInterrupts
 .text.USB_ReadDevAllOutEpInterrupt
                0x0000000008007c42       0x34 ./Drivers/STM32F4xx_HAL_Driver/Src/stm32f4xx_ll_usb.o
                0x0000000008007c42                USB_ReadDevAllOutEpInterrupt
 .text.USB_ReadDevAllInEpInterrupt
                0x0000000008007c76       0x34 ./Drivers/STM32F4xx_HAL_Driver/Src/stm32f4xx_ll_usb.o
                0x0000000008007c76                USB_ReadDevAllInEpInterrupt
 .text.USB_ReadDevOutEPInterrupt
                0x0000000008007caa       0x3c ./Drivers/STM32F4xx_HAL_Driver/Src/stm32f4xx_ll_usb.o
                0x0000000008007caa                USB_ReadDevOutEPInterrupt
 .text.USB_ReadDevInEPInterrupt
                0x0000000008007ce6       0x5c ./Drivers/STM32F4xx_HAL_Driver/Src/stm32f4xx_ll_usb.o
                0x0000000008007ce6                USB_ReadDevInEPInterrupt
 .text.USB_GetMode
                0x0000000008007d42       0x1c ./Drivers/STM32F4xx_HAL_Driver/Src/stm32f4xx_ll_usb.o
                0x0000000008007d42                USB_GetMode
 .text.USB_ActivateSetup
                0x0000000008007d5e       0x46 ./Drivers/STM32F4xx_HAL_Driver/Src/stm32f4xx_ll_usb.o
                0x0000000008007d5e                USB_ActivateSetup
 .text.USB_EP0_OutStart
                0x0000000008007da4       0xbc ./Drivers/STM32F4xx_HAL_Driver/Src/stm32f4xx_ll_usb.o
                0x0000000008007da4                USB_EP0_OutStart
 .text.USB_CoreReset
                0x0000000008007e60       0x62 ./Drivers/STM32F4xx_HAL_Driver/Src/stm32f4xx_ll_usb.o
 *fill*         0x0000000008007ec2        0x2 
 .text.USBD_CDC_Init
                0x0000000008007ec4      0x1f0 ./Middlewares/ST/STM32_USB_Device_Library/Class/CDC/Src/usbd_cdc.o
 .text.USBD_CDC_DeInit
                0x00000000080080b4      0x104 ./Middlewares/ST/STM32_USB_Device_Library/Class/CDC/Src/usbd_cdc.o
 .text.USBD_CDC_Setup
                0x00000000080081b8      0x1b8 ./Middlewares/ST/STM32_USB_Device_Library/Class/CDC/Src/usbd_cdc.o
 .text.USBD_CDC_DataIn
                0x0000000008008370       0xfe ./Middlewares/ST/STM32_USB_Device_Library/Class/CDC/Src/usbd_cdc.o
 .text.USBD_CDC_DataOut
                0x000000000800846e       0x70 ./Middlewares/ST/STM32_USB_Device_Library/Class/CDC/Src/usbd_cdc.o
 .text.USBD_CDC_EP0_RxReady
                0x00000000080084de       0x76 ./Middlewares/ST/STM32_USB_Device_Library/Class/CDC/Src/usbd_cdc.o
 .text.USBD_CDC_GetFSCfgDesc
                0x0000000008008554       0x70 ./Middlewares/ST/STM32_USB_Device_Library/Class/CDC/Src/usbd_cdc.o
 .text.USBD_CDC_GetHSCfgDesc
                0x00000000080085c4       0x70 ./Middlewares/ST/STM32_USB_Device_Library/Class/CDC/Src/usbd_cdc.o
 .text.USBD_CDC_GetOtherSpeedCfgDesc
                0x0000000008008634       0x70 ./Middlewares/ST/STM32_USB_Device_Library/Class/CDC/Src/usbd_cdc.o
 .text.USBD_CDC_GetDeviceQualifierDescriptor
                0x00000000080086a4       0x20 ./Middlewares/ST/STM32_USB_Device_Library/Class/CDC/Src/usbd_cdc.o
                0x00000000080086a4                USBD_CDC_GetDeviceQualifierDescriptor
 .text.USBD_CDC_RegisterInterface
                0x00000000080086c4       0x34 ./Middlewares/ST/STM32_USB_Device_Library/Class/CDC/Src/usbd_cdc.o
                0x00000000080086c4                USBD_CDC_RegisterInterface
 .text.USBD_CDC_SetTxBuffer
                0x00000000080086f8       0x44 ./Middlewares/ST/STM32_USB_Device_Library/Class/CDC/Src/usbd_cdc.o
                0x00000000080086f8                USBD_CDC_SetTxBuffer
 .text.USBD_CDC_SetRxBuffer
                0x000000000800873c       0x3a ./Middlewares/ST/STM32_USB_Device_Library/Class/CDC/Src/usbd_cdc.o
                0x000000000800873c                USBD_CDC_SetRxBuffer
 *fill*         0x0000000008008776        0x2 
 .text.USBD_CDC_TransmitPacket
                0x0000000008008778       0x80 ./Middlewares/ST/STM32_USB_Device_Library/Class/CDC/Src/usbd_cdc.o
                0x0000000008008778                USBD_CDC_TransmitPacket
 .text.USBD_CDC_ReceivePacket
                0x00000000080087f8       0x6c ./Middlewares/ST/STM32_USB_Device_Library/Class/CDC/Src/usbd_cdc.o
                0x00000000080087f8                USBD_CDC_ReceivePacket
 .text.USBD_Init
                0x0000000008008864       0x60 ./Middlewares/ST/STM32_USB_Device_Library/Core/Src/usbd_core.o
                0x0000000008008864                USBD_Init
 .text.USBD_RegisterClass
                0x00000000080088c4       0x6c ./Middlewares/ST/STM32_USB_Device_Library/Core/Src/usbd_core.o
                0x00000000080088c4                USBD_RegisterClass
 .text.USBD_Start
                0x0000000008008930       0x18 ./Middlewares/ST/STM32_USB_Device_Library/Core/Src/usbd_core.o
                0x0000000008008930                USBD_Start
 .text.USBD_RunTestMode
                0x0000000008008948       0x16 ./Middlewares/ST/STM32_USB_Device_Library/Core/Src/usbd_core.o
                0x0000000008008948                USBD_RunTestMode
 .text.USBD_SetClassConfig
                0x000000000800895e       0x38 ./Middlewares/ST/STM32_USB_Device_Library/Core/Src/usbd_core.o
                0x000000000800895e                USBD_SetClassConfig
 .text.USBD_ClrClassConfig
                0x0000000008008996       0x34 ./Middlewares/ST/STM32_USB_Device_Library/Core/Src/usbd_core.o
                0x0000000008008996                USBD_ClrClassConfig
 .text.USBD_LL_SetupStage
                0x00000000080089ca       0xaa ./Middlewares/ST/STM32_USB_Device_Library/Core/Src/usbd_core.o
                0x00000000080089ca                USBD_LL_SetupStage
 .text.USBD_LL_DataOutStage
                0x0000000008008a74      0x166 ./Middlewares/ST/STM32_USB_Device_Library/Core/Src/usbd_core.o
                0x0000000008008a74                USBD_LL_DataOutStage
 .text.USBD_LL_DataInStage
                0x0000000008008bda      0x164 ./Middlewares/ST/STM32_USB_Device_Library/Core/Src/usbd_core.o
                0x0000000008008bda                USBD_LL_DataInStage
 .text.USBD_LL_Reset
                0x0000000008008d3e       0xa4 ./Middlewares/ST/STM32_USB_Device_Library/Core/Src/usbd_core.o
                0x0000000008008d3e                USBD_LL_Reset
 .text.USBD_LL_SetSpeed
                0x0000000008008de2       0x20 ./Middlewares/ST/STM32_USB_Device_Library/Core/Src/usbd_core.o
                0x0000000008008de2                USBD_LL_SetSpeed
 .text.USBD_LL_Suspend
                0x0000000008008e02       0x38 ./Middlewares/ST/STM32_USB_Device_Library/Core/Src/usbd_core.o
                0x0000000008008e02                USBD_LL_Suspend
 .text.USBD_LL_Resume
                0x0000000008008e3a       0x30 ./Middlewares/ST/STM32_USB_Device_Library/Core/Src/usbd_core.o
                0x0000000008008e3a                USBD_LL_Resume
 .text.USBD_LL_SOF
                0x0000000008008e6a       0x40 ./Middlewares/ST/STM32_USB_Device_Library/Core/Src/usbd_core.o
                0x0000000008008e6a                USBD_LL_SOF
 .text.USBD_LL_IsoINIncomplete
                0x0000000008008eaa       0x64 ./Middlewares/ST/STM32_USB_Device_Library/Core/Src/usbd_core.o
                0x0000000008008eaa                USBD_LL_IsoINIncomplete
 .text.USBD_LL_IsoOUTIncomplete
                0x0000000008008f0e       0x64 ./Middlewares/ST/STM32_USB_Device_Library/Core/Src/usbd_core.o
                0x0000000008008f0e                USBD_LL_IsoOUTIncomplete
 .text.USBD_LL_DevConnected
                0x0000000008008f72       0x16 ./Middlewares/ST/STM32_USB_Device_Library/Core/Src/usbd_core.o
                0x0000000008008f72                USBD_LL_DevConnected
 .text.USBD_LL_DevDisconnected
                0x0000000008008f88       0x46 ./Middlewares/ST/STM32_USB_Device_Library/Core/Src/usbd_core.o
                0x0000000008008f88                USBD_LL_DevDisconnected
 .text.USBD_CoreFindIF
                0x0000000008008fce       0x1a ./Middlewares/ST/STM32_USB_Device_Library/Core/Src/usbd_core.o
                0x0000000008008fce                USBD_CoreFindIF
 .text.USBD_CoreFindEP
                0x0000000008008fe8       0x1a ./Middlewares/ST/STM32_USB_Device_Library/Core/Src/usbd_core.o
                0x0000000008008fe8                USBD_CoreFindEP
 .text.USBD_GetEpDesc
                0x0000000008009002       0x74 ./Middlewares/ST/STM32_USB_Device_Library/Core/Src/usbd_core.o
                0x0000000008009002                USBD_GetEpDesc
 .text.USBD_GetNextDesc
                0x0000000008009076       0x3a ./Middlewares/ST/STM32_USB_Device_Library/Core/Src/usbd_core.o
                0x0000000008009076                USBD_GetNextDesc
 .text.SWAPBYTE
                0x00000000080090b0       0x3c ./Middlewares/ST/STM32_USB_Device_Library/Core/Src/usbd_ctlreq.o
 .text.USBD_StdDevReq
                0x00000000080090ec       0xe4 ./Middlewares/ST/STM32_USB_Device_Library/Core/Src/usbd_ctlreq.o
                0x00000000080090ec                USBD_StdDevReq
 .text.USBD_StdItfReq
                0x00000000080091d0       0xd8 ./Middlewares/ST/STM32_USB_Device_Library/Core/Src/usbd_ctlreq.o
                0x00000000080091d0                USBD_StdItfReq
 .text.USBD_StdEPReq
                0x00000000080092a8      0x33a ./Middlewares/ST/STM32_USB_Device_Library/Core/Src/usbd_ctlreq.o
                0x00000000080092a8                USBD_StdEPReq
 *fill*         0x00000000080095e2        0x2 
 .text.USBD_GetDescriptor
                0x00000000080095e4      0x2d4 ./Middlewares/ST/STM32_USB_Device_Library/Core/Src/usbd_ctlreq.o
 .text.USBD_SetAddress
                0x00000000080098b8       0x88 ./Middlewares/ST/STM32_USB_Device_Library/Core/Src/usbd_ctlreq.o
 .text.USBD_SetConfig
                0x0000000008009940      0x154 ./Middlewares/ST/STM32_USB_Device_Library/Core/Src/usbd_ctlreq.o
 .text.USBD_GetConfig
                0x0000000008009a94       0x6c ./Middlewares/ST/STM32_USB_Device_Library/Core/Src/usbd_ctlreq.o
 .text.USBD_GetStatus
                0x0000000008009b00       0x68 ./Middlewares/ST/STM32_USB_Device_Library/Core/Src/usbd_ctlreq.o
 .text.USBD_SetFeature
                0x0000000008009b68       0x52 ./Middlewares/ST/STM32_USB_Device_Library/Core/Src/usbd_ctlreq.o
 .text.USBD_ClrFeature
                0x0000000008009bba       0x44 ./Middlewares/ST/STM32_USB_Device_Library/Core/Src/usbd_ctlreq.o
 .text.USBD_ParseSetupRequest
                0x0000000008009bfe       0x74 ./Middlewares/ST/STM32_USB_Device_Library/Core/Src/usbd_ctlreq.o
                0x0000000008009bfe                USBD_ParseSetupRequest
 .text.USBD_CtlError
                0x0000000008009c72       0x22 ./Middlewares/ST/STM32_USB_Device_Library/Core/Src/usbd_ctlreq.o
                0x0000000008009c72                USBD_CtlError
 .text.USBD_GetString
                0x0000000008009c94       0x8c ./Middlewares/ST/STM32_USB_Device_Library/Core/Src/usbd_ctlreq.o
                0x0000000008009c94                USBD_GetString
 .text.USBD_GetLen
                0x0000000008009d20       0x34 ./Middlewares/ST/STM32_USB_Device_Library/Core/Src/usbd_ctlreq.o
 .text.USBD_CtlSendData
                0x0000000008009d54       0x36 ./Middlewares/ST/STM32_USB_Device_Library/Core/Src/usbd_ioreq.o
                0x0000000008009d54                USBD_CtlSendData
 .text.USBD_CtlContinueSendData
                0x0000000008009d8a       0x22 ./Middlewares/ST/STM32_USB_Device_Library/Core/Src/usbd_ioreq.o
                0x0000000008009d8a                USBD_CtlContinueSendData
 .text.USBD_CtlPrepareRx
                0x0000000008009dac       0x3a ./Middlewares/ST/STM32_USB_Device_Library/Core/Src/usbd_ioreq.o
                0x0000000008009dac                USBD_CtlPrepareRx
 .text.USBD_CtlContinueRx
                0x0000000008009de6       0x22 ./Middlewares/ST/STM32_USB_Device_Library/Core/Src/usbd_ioreq.o
                0x0000000008009de6                USBD_CtlContinueRx
 .text.USBD_CtlSendStatus
                0x0000000008009e08       0x26 ./Middlewares/ST/STM32_USB_Device_Library/Core/Src/usbd_ioreq.o
                0x0000000008009e08                USBD_CtlSendStatus
 .text.USBD_CtlReceiveStatus
                0x0000000008009e2e       0x26 ./Middlewares/ST/STM32_USB_Device_Library/Core/Src/usbd_ioreq.o
                0x0000000008009e2e                USBD_CtlReceiveStatus
 .text.MX_USB_DEVICE_Init
                0x0000000008009e54       0x60 ./USB_DEVICE/App/usb_device.o
                0x0000000008009e54                MX_USB_DEVICE_Init
 .text.CDC_Init_FS
                0x0000000008009eb4       0x28 ./USB_DEVICE/App/usbd_cdc_if.o
 .text.CDC_DeInit_FS
                0x0000000008009edc       0x10 ./USB_DEVICE/App/usbd_cdc_if.o
 .text.CDC_Control_FS
                0x0000000008009eec       0xbc ./USB_DEVICE/App/usbd_cdc_if.o
 .text.CDC_Receive_FS
                0x0000000008009fa8       0x28 ./USB_DEVICE/App/usbd_cdc_if.o
 .text.CDC_Transmit_FS
                0x0000000008009fd0       0x4c ./USB_DEVICE/App/usbd_cdc_if.o
                0x0000000008009fd0                CDC_Transmit_FS
 .text.CDC_TransmitCplt_FS
                0x000000000800a01c       0x22 ./USB_DEVICE/App/usbd_cdc_if.o
 *fill*         0x000000000800a03e        0x2 
 .text.USBD_FS_DeviceDescriptor
                0x000000000800a040       0x24 ./USB_DEVICE/App/usbd_desc.o
                0x000000000800a040                USBD_FS_DeviceDescriptor
 .text.USBD_FS_LangIDStrDescriptor
                0x000000000800a064       0x24 ./USB_DEVICE/App/usbd_desc.o
                0x000000000800a064                USBD_FS_LangIDStrDescriptor
 .text.USBD_FS_ProductStrDescriptor
                0x000000000800a088       0x3c ./USB_DEVICE/App/usbd_desc.o
                0x000000000800a088                USBD_FS_ProductStrDescriptor
 .text.USBD_FS_ManufacturerStrDescriptor
                0x000000000800a0c4       0x28 ./USB_DEVICE/App/usbd_desc.o
                0x000000000800a0c4                USBD_FS_ManufacturerStrDescriptor
 .text.USBD_FS_SerialStrDescriptor
                0x000000000800a0ec       0x24 ./USB_DEVICE/App/usbd_desc.o
                0x000000000800a0ec                USBD_FS_SerialStrDescriptor
 .text.USBD_FS_ConfigStrDescriptor
                0x000000000800a110       0x3c ./USB_DEVICE/App/usbd_desc.o
                0x000000000800a110                USBD_FS_ConfigStrDescriptor
 .text.USBD_FS_InterfaceStrDescriptor
                0x000000000800a14c       0x3c ./USB_DEVICE/App/usbd_desc.o
                0x000000000800a14c                USBD_FS_InterfaceStrDescriptor
 .text.Get_SerialNum
                0x000000000800a188       0x58 ./USB_DEVICE/App/usbd_desc.o
 .text.IntToUnicode
                0x000000000800a1e0       0x7e ./USB_DEVICE/App/usbd_desc.o
 *fill*         0x000000000800a25e        0x2 
 .text.HAL_PCD_MspInit
                0x000000000800a260       0xa8 ./USB_DEVICE/Target/usbd_conf.o
                0x000000000800a260                HAL_PCD_MspInit
 .text.HAL_PCD_SetupStageCallback
                0x000000000800a308       0x24 ./USB_DEVICE/Target/usbd_conf.o
                0x000000000800a308                HAL_PCD_SetupStageCallback
 .text.HAL_PCD_DataOutStageCallback
                0x000000000800a32c       0x36 ./USB_DEVICE/Target/usbd_conf.o
                0x000000000800a32c                HAL_PCD_DataOutStageCallback
 .text.HAL_PCD_DataInStageCallback
                0x000000000800a362       0x34 ./USB_DEVICE/Target/usbd_conf.o
                0x000000000800a362                HAL_PCD_DataInStageCallback
 .text.HAL_PCD_SOFCallback
                0x000000000800a396       0x1c ./USB_DEVICE/Target/usbd_conf.o
                0x000000000800a396                HAL_PCD_SOFCallback
 .text.HAL_PCD_ResetCallback
                0x000000000800a3b2       0x3c ./USB_DEVICE/Target/usbd_conf.o
                0x000000000800a3b2                HAL_PCD_ResetCallback
 *fill*         0x000000000800a3ee        0x2 
 .text.HAL_PCD_SuspendCallback
                0x000000000800a3f0       0x4c ./USB_DEVICE/Target/usbd_conf.o
                0x000000000800a3f0                HAL_PCD_SuspendCallback
 .text.HAL_PCD_ResumeCallback
                0x000000000800a43c       0x1c ./USB_DEVICE/Target/usbd_conf.o
                0x000000000800a43c                HAL_PCD_ResumeCallback
 .text.HAL_PCD_ISOOUTIncompleteCallback
                0x000000000800a458       0x24 ./USB_DEVICE/Target/usbd_conf.o
                0x000000000800a458                HAL_PCD_ISOOUTIncompleteCallback
 .text.HAL_PCD_ISOINIncompleteCallback
                0x000000000800a47c       0x24 ./USB_DEVICE/Target/usbd_conf.o
                0x000000000800a47c                HAL_PCD_ISOINIncompleteCallback
 .text.HAL_PCD_ConnectCallback
                0x000000000800a4a0       0x1c ./USB_DEVICE/Target/usbd_conf.o
                0x000000000800a4a0                HAL_PCD_ConnectCallback
 .text.HAL_PCD_DisconnectCallback
                0x000000000800a4bc       0x1c ./USB_DEVICE/Target/usbd_conf.o
                0x000000000800a4bc                HAL_PCD_DisconnectCallback
 .text.USBD_LL_Init
                0x000000000800a4d8       0x98 ./USB_DEVICE/Target/usbd_conf.o
                0x000000000800a4d8                USBD_LL_Init
 .text.USBD_LL_Start
                0x000000000800a570       0x36 ./USB_DEVICE/Target/usbd_conf.o
                0x000000000800a570                USBD_LL_Start
 .text.USBD_LL_OpenEP
                0x000000000800a5a6       0x4c ./USB_DEVICE/Target/usbd_conf.o
                0x000000000800a5a6                USBD_LL_OpenEP
 .text.USBD_LL_CloseEP
                0x000000000800a5f2       0x3e ./USB_DEVICE/Target/usbd_conf.o
                0x000000000800a5f2                USBD_LL_CloseEP
 .text.USBD_LL_StallEP
                0x000000000800a630       0x3e ./USB_DEVICE/Target/usbd_conf.o
                0x000000000800a630                USBD_LL_StallEP
 .text.USBD_LL_ClearStallEP
                0x000000000800a66e       0x3e ./USB_DEVICE/Target/usbd_conf.o
                0x000000000800a66e                USBD_LL_ClearStallEP
 .text.USBD_LL_IsStallEP
                0x000000000800a6ac       0x58 ./USB_DEVICE/Target/usbd_conf.o
                0x000000000800a6ac                USBD_LL_IsStallEP
 .text.USBD_LL_SetUSBAddress
                0x000000000800a704       0x3e ./USB_DEVICE/Target/usbd_conf.o
                0x000000000800a704                USBD_LL_SetUSBAddress
 .text.USBD_LL_Transmit
                0x000000000800a742       0x42 ./USB_DEVICE/Target/usbd_conf.o
                0x000000000800a742                USBD_LL_Transmit
 .text.USBD_LL_PrepareReceive
                0x000000000800a784       0x42 ./USB_DEVICE/Target/usbd_conf.o
                0x000000000800a784                USBD_LL_PrepareReceive
 .text.USBD_LL_GetRxDataSize
                0x000000000800a7c6       0x26 ./USB_DEVICE/Target/usbd_conf.o
                0x000000000800a7c6                USBD_LL_GetRxDataSize
 .text.USBD_static_malloc
                0x000000000800a7ec       0x1c ./USB_DEVICE/Target/usbd_conf.o
                0x000000000800a7ec                USBD_static_malloc
 .text.USBD_static_free
                0x000000000800a808       0x14 ./USB_DEVICE/Target/usbd_conf.o
                0x000000000800a808                USBD_static_free
 .text.USBD_Get_USB_Status
                0x000000000800a81c       0x58 ./USB_DEVICE/Target/usbd_conf.o
                0x000000000800a81c                USBD_Get_USB_Status
 .text.sprintf  0x000000000800a874       0x40 /Applications/STM32CubeIDE.app/Contents/Eclipse/plugins/com.st.stm32cube.ide.mcu.externaltools.gnu-tools-for-stm32.11.3.rel1.macos64_1.1.100.202310310803/tools/bin/../lib/gcc/arm-none-eabi/11.3.1/../../../../arm-none-eabi/lib/thumb/v7e-m+fp/hard/libc_nano.a(libc_a-sprintf.o)
                0x000000000800a874                sprintf
                0x000000000800a874                siprintf
 .text.std      0x000000000800a8b4       0x6c /Applications/STM32CubeIDE.app/Contents/Eclipse/plugins/com.st.stm32cube.ide.mcu.externaltools.gnu-tools-for-stm32.11.3.rel1.macos64_1.1.100.202310310803/tools/bin/../lib/gcc/arm-none-eabi/11.3.1/../../../../arm-none-eabi/lib/thumb/v7e-m+fp/hard/libc_nano.a(libc_a-findfp.o)
 .text.stdio_exit_handler
                0x000000000800a920       0x18 /Applications/STM32CubeIDE.app/Contents/Eclipse/plugins/com.st.stm32cube.ide.mcu.externaltools.gnu-tools-for-stm32.11.3.rel1.macos64_1.1.100.202310310803/tools/bin/../lib/gcc/arm-none-eabi/11.3.1/../../../../arm-none-eabi/lib/thumb/v7e-m+fp/hard/libc_nano.a(libc_a-findfp.o)
 .text.cleanup_stdio
                0x000000000800a938       0x40 /Applications/STM32CubeIDE.app/Contents/Eclipse/plugins/com.st.stm32cube.ide.mcu.externaltools.gnu-tools-for-stm32.11.3.rel1.macos64_1.1.100.202310310803/tools/bin/../lib/gcc/arm-none-eabi/11.3.1/../../../../arm-none-eabi/lib/thumb/v7e-m+fp/hard/libc_nano.a(libc_a-findfp.o)
 .text.global_stdio_init.part.0
                0x000000000800a978       0x3c /Applications/STM32CubeIDE.app/Contents/Eclipse/plugins/com.st.stm32cube.ide.mcu.externaltools.gnu-tools-for-stm32.11.3.rel1.macos64_1.1.100.202310310803/tools/bin/../lib/gcc/arm-none-eabi/11.3.1/../../../../arm-none-eabi/lib/thumb/v7e-m+fp/hard/libc_nano.a(libc_a-findfp.o)
 .text.__sfp_lock_acquire
                0x000000000800a9b4        0xc /Applications/STM32CubeIDE.app/Contents/Eclipse/plugins/com.st.stm32cube.ide.mcu.externaltools.gnu-tools-for-stm32.11.3.rel1.macos64_1.1.100.202310310803/tools/bin/../lib/gcc/arm-none-eabi/11.3.1/../../../../arm-none-eabi/lib/thumb/v7e-m+fp/hard/libc_nano.a(libc_a-findfp.o)
                0x000000000800a9b4                __sfp_lock_acquire
 .text.__sfp_lock_release
                0x000000000800a9c0        0xc /Applications/STM32CubeIDE.app/Contents/Eclipse/plugins/com.st.stm32cube.ide.mcu.externaltools.gnu-tools-for-stm32.11.3.rel1.macos64_1.1.100.202310310803/tools/bin/../lib/gcc/arm-none-eabi/11.3.1/../../../../arm-none-eabi/lib/thumb/v7e-m+fp/hard/libc_nano.a(libc_a-findfp.o)
                0x000000000800a9c0                __sfp_lock_release
 .text.__sinit  0x000000000800a9cc       0x30 /Applications/STM32CubeIDE.app/Contents/Eclipse/plugins/com.st.stm32cube.ide.mcu.externaltools.gnu-tools-for-stm32.11.3.rel1.macos64_1.1.100.202310310803/tools/bin/../lib/gcc/arm-none-eabi/11.3.1/../../../../arm-none-eabi/lib/thumb/v7e-m+fp/hard/libc_nano.a(libc_a-findfp.o)
                0x000000000800a9cc                __sinit
 .text._fwalk_sglue
                0x000000000800a9fc       0x3c /Applications/STM32CubeIDE.app/Contents/Eclipse/plugins/com.st.stm32cube.ide.mcu.externaltools.gnu-tools-for-stm32.11.3.rel1.macos64_1.1.100.202310310803/tools/bin/../lib/gcc/arm-none-eabi/11.3.1/../../../../arm-none-eabi/lib/thumb/v7e-m+fp/hard/libc_nano.a(libc_a-fwalk.o)
                0x000000000800a9fc                _fwalk_sglue
 .text._vsprintf_r
                0x000000000800aa38       0x2c /Applications/STM32CubeIDE.app/Contents/Eclipse/plugins/com.st.stm32cube.ide.mcu.externaltools.gnu-tools-for-stm32.11.3.rel1.macos64_1.1.100.202310310803/tools/bin/../lib/gcc/arm-none-eabi/11.3.1/../../../../arm-none-eabi/lib/thumb/v7e-m+fp/hard/libc_nano.a(libc_a-vsprintf.o)
                0x000000000800aa38                _vsiprintf_r
                0x000000000800aa38                _vsprintf_r
 .text.vsprintf
                0x000000000800aa64       0x14 /Applications/STM32CubeIDE.app/Contents/Eclipse/plugins/com.st.stm32cube.ide.mcu.externaltools.gnu-tools-for-stm32.11.3.rel1.macos64_1.1.100.202310310803/tools/bin/../lib/gcc/arm-none-eabi/11.3.1/../../../../arm-none-eabi/lib/thumb/v7e-m+fp/hard/libc_nano.a(libc_a-vsprintf.o)
                0x000000000800aa64                vsprintf
                0x000000000800aa64                vsiprintf
 .text._perror_r
                0x000000000800aa78      0x10c /Applications/STM32CubeIDE.app/Contents/Eclipse/plugins/com.st.stm32cube.ide.mcu.externaltools.gnu-tools-for-stm32.11.3.rel1.macos64_1.1.100.202310310803/tools/bin/../lib/gcc/arm-none-eabi/11.3.1/../../../../arm-none-eabi/lib/thumb/v7e-m+fp/hard/libc_nano.a(libc_a-perror.o)
                0x000000000800aa78                _perror_r
 .text.perror   0x000000000800ab84       0x10 /Applications/STM32CubeIDE.app/Contents/Eclipse/plugins/com.st.stm32cube.ide.mcu.externaltools.gnu-tools-for-stm32.11.3.rel1.macos64_1.1.100.202310310803/tools/bin/../lib/gcc/arm-none-eabi/11.3.1/../../../../arm-none-eabi/lib/thumb/v7e-m+fp/hard/libc_nano.a(libc_a-perror.o)
                0x000000000800ab84                perror
 .text._strerror_r
                0x000000000800ab94      0x3cc /Applications/STM32CubeIDE.app/Contents/Eclipse/plugins/com.st.stm32cube.ide.mcu.externaltools.gnu-tools-for-stm32.11.3.rel1.macos64_1.1.100.202310310803/tools/bin/../lib/gcc/arm-none-eabi/11.3.1/../../../../arm-none-eabi/lib/thumb/v7e-m+fp/hard/libc_nano.a(libc_a-strerror.o)
                0x000000000800ab94                _strerror_r
 .text.strncmp  0x000000000800af60       0x24 /Applications/STM32CubeIDE.app/Contents/Eclipse/plugins/com.st.stm32cube.ide.mcu.externaltools.gnu-tools-for-stm32.11.3.rel1.macos64_1.1.100.202310310803/tools/bin/../lib/gcc/arm-none-eabi/11.3.1/../../../../arm-none-eabi/lib/thumb/v7e-m+fp/hard/libc_nano.a(libc_a-strncmp.o)
                0x000000000800af60                strncmp
 .text._user_strerror
                0x000000000800af84        0x4 /Applications/STM32CubeIDE.app/Contents/Eclipse/plugins/com.st.stm32cube.ide.mcu.externaltools.gnu-tools-for-stm32.11.3.rel1.macos64_1.1.100.202310310803/tools/bin/../lib/gcc/arm-none-eabi/11.3.1/../../../../arm-none-eabi/lib/thumb/v7e-m+fp/hard/libc_nano.a(libc_a-u_strerr.o)
                0x000000000800af84                _user_strerror
 .text.memset   0x000000000800af88       0x10 /Applications/STM32CubeIDE.app/Contents/Eclipse/plugins/com.st.stm32cube.ide.mcu.externaltools.gnu-tools-for-stm32.11.3.rel1.macos64_1.1.100.202310310803/tools/bin/../lib/gcc/arm-none-eabi/11.3.1/../../../../arm-none-eabi/lib/thumb/v7e-m+fp/hard/libc_nano.a(libc_a-memset.o)
                0x000000000800af88                memset
 .text.gmtime   0x000000000800af98       0x3c /Applications/STM32CubeIDE.app/Contents/Eclipse/plugins/com.st.stm32cube.ide.mcu.externaltools.gnu-tools-for-stm32.11.3.rel1.macos64_1.1.100.202310310803/tools/bin/../lib/gcc/arm-none-eabi/11.3.1/../../../../arm-none-eabi/lib/thumb/v7e-m+fp/hard/libc_nano.a(libc_a-gmtime.o)
                0x000000000800af98                gmtime
 .text.gmtime_r
                0x000000000800afd4      0x14c /Applications/STM32CubeIDE.app/Contents/Eclipse/plugins/com.st.stm32cube.ide.mcu.externaltools.gnu-tools-for-stm32.11.3.rel1.macos64_1.1.100.202310310803/tools/bin/../lib/gcc/arm-none-eabi/11.3.1/../../../../arm-none-eabi/lib/thumb/v7e-m+fp/hard/libc_nano.a(libc_a-gmtime_r.o)
                0x000000000800afd4                gmtime_r
 .text._write_r
                0x000000000800b120       0x24 /Applications/STM32CubeIDE.app/Contents/Eclipse/plugins/com.st.stm32cube.ide.mcu.externaltools.gnu-tools-for-stm32.11.3.rel1.macos64_1.1.100.202310310803/tools/bin/../lib/gcc/arm-none-eabi/11.3.1/../../../../arm-none-eabi/lib/thumb/v7e-m+fp/hard/libc_nano.a(libc_a-writer.o)
                0x000000000800b120                _write_r
 .text.__errno  0x000000000800b144        0xc /Applications/STM32CubeIDE.app/Contents/Eclipse/plugins/com.st.stm32cube.ide.mcu.externaltools.gnu-tools-for-stm32.11.3.rel1.macos64_1.1.100.202310310803/tools/bin/../lib/gcc/arm-none-eabi/11.3.1/../../../../arm-none-eabi/lib/thumb/v7e-m+fp/hard/libc_nano.a(libc_a-errno.o)
                0x000000000800b144                __errno
 .text.__libc_init_array
                0x000000000800b150       0x48 /Applications/STM32CubeIDE.app/Contents/Eclipse/plugins/com.st.stm32cube.ide.mcu.externaltools.gnu-tools-for-stm32.11.3.rel1.macos64_1.1.100.202310310803/tools/bin/../lib/gcc/arm-none-eabi/11.3.1/../../../../arm-none-eabi/lib/thumb/v7e-m+fp/hard/libc_nano.a(libc_a-init.o)
                0x000000000800b150                __libc_init_array
 .text.__retarget_lock_init_recursive
                0x000000000800b198        0x2 /Applications/STM32CubeIDE.app/Contents/Eclipse/plugins/com.st.stm32cube.ide.mcu.externaltools.gnu-tools-for-stm32.11.3.rel1.macos64_1.1.100.202310310803/tools/bin/../lib/gcc/arm-none-eabi/11.3.1/../../../../arm-none-eabi/lib/thumb/v7e-m+fp/hard/libc_nano.a(libc_a-lock.o)
                0x000000000800b198                __retarget_lock_init_recursive
 .text.__retarget_lock_acquire_recursive
                0x000000000800b19a        0x2 /Applications/STM32CubeIDE.app/Contents/Eclipse/plugins/com.st.stm32cube.ide.mcu.externaltools.gnu-tools-for-stm32.11.3.rel1.macos64_1.1.100.202310310803/tools/bin/../lib/gcc/arm-none-eabi/11.3.1/../../../../arm-none-eabi/lib/thumb/v7e-m+fp/hard/libc_nano.a(libc_a-lock.o)
                0x000000000800b19a                __retarget_lock_acquire_recursive
 .text.__retarget_lock_release_recursive
                0x000000000800b19c        0x2 /Applications/STM32CubeIDE.app/Contents/Eclipse/plugins/com.st.stm32cube.ide.mcu.externaltools.gnu-tools-for-stm32.11.3.rel1.macos64_1.1.100.202310310803/tools/bin/../lib/gcc/arm-none-eabi/11.3.1/../../../../arm-none-eabi/lib/thumb/v7e-m+fp/hard/libc_nano.a(libc_a-lock.o)
                0x000000000800b19c                __retarget_lock_release_recursive
 .text.memcpy   0x000000000800b19e       0x1c /Applications/STM32CubeIDE.app/Contents/Eclipse/plugins/com.st.stm32cube.ide.mcu.externaltools.gnu-tools-for-stm32.11.3.rel1.macos64_1.1.100.202310310803/tools/bin/../lib/gcc/arm-none-eabi/11.3.1/../../../../arm-none-eabi/lib/thumb/v7e-m+fp/hard/libc_nano.a(libc_a-memcpy-stub.o)
                0x000000000800b19e                memcpy
 *fill*         0x000000000800b1ba        0x2 
 .text.__assert_func
                0x000000000800b1bc       0x3c /Applications/STM32CubeIDE.app/Contents/Eclipse/plugins/com.st.stm32cube.ide.mcu.externaltools.gnu-tools-for-stm32.11.3.rel1.macos64_1.1.100.202310310803/tools/bin/../lib/gcc/arm-none-eabi/11.3.1/../../../../arm-none-eabi/lib/thumb/v7e-m+fp/hard/libc_nano.a(libc_a-assert.o)
                0x000000000800b1bc                __assert_func
 .text.__ssputs_r
                0x000000000800b1f8       0xb4 /Applications/STM32CubeIDE.app/Contents/Eclipse/plugins/com.st.stm32cube.ide.mcu.externaltools.gnu-tools-for-stm32.11.3.rel1.macos64_1.1.100.202310310803/tools/bin/../lib/gcc/arm-none-eabi/11.3.1/../../../../arm-none-eabi/lib/thumb/v7e-m+fp/hard/libc_nano.a(libc_a-nano-svfprintf.o)
                0x000000000800b1f8                __ssputs_r
 .text._svfprintf_r
                0x000000000800b2ac      0x1fc /Applications/STM32CubeIDE.app/Contents/Eclipse/plugins/com.st.stm32cube.ide.mcu.externaltools.gnu-tools-for-stm32.11.3.rel1.macos64_1.1.100.202310310803/tools/bin/../lib/gcc/arm-none-eabi/11.3.1/../../../../arm-none-eabi/lib/thumb/v7e-m+fp/hard/libc_nano.a(libc_a-nano-svfprintf.o)
                0x000000000800b2ac                _svfprintf_r
                0x000000000800b2ac                _svfiprintf_r
 .text.malloc   0x000000000800b4a8       0x10 /Applications/STM32CubeIDE.app/Contents/Eclipse/plugins/com.st.stm32cube.ide.mcu.externaltools.gnu-tools-for-stm32.11.3.rel1.macos64_1.1.100.202310310803/tools/bin/../lib/gcc/arm-none-eabi/11.3.1/../../../../arm-none-eabi/lib/thumb/v7e-m+fp/hard/libc_nano.a(libc_a-malloc.o)
                0x000000000800b4a8                malloc
 .text.sbrk_aligned
                0x000000000800b4b8       0x40 /Applications/STM32CubeIDE.app/Contents/Eclipse/plugins/com.st.stm32cube.ide.mcu.externaltools.gnu-tools-for-stm32.11.3.rel1.macos64_1.1.100.202310310803/tools/bin/../lib/gcc/arm-none-eabi/11.3.1/../../../../arm-none-eabi/lib/thumb/v7e-m+fp/hard/libc_nano.a(libc_a-mallocr.o)
 .text._malloc_r
                0x000000000800b4f8      0x100 /Applications/STM32CubeIDE.app/Contents/Eclipse/plugins/com.st.stm32cube.ide.mcu.externaltools.gnu-tools-for-stm32.11.3.rel1.macos64_1.1.100.202310310803/tools/bin/../lib/gcc/arm-none-eabi/11.3.1/../../../../arm-none-eabi/lib/thumb/v7e-m+fp/hard/libc_nano.a(libc_a-mallocr.o)
                0x000000000800b4f8                _malloc_r
 .text._printf_common
                0x000000000800b5f8       0xda /Applications/STM32CubeIDE.app/Contents/Eclipse/plugins/com.st.stm32cube.ide.mcu.externaltools.gnu-tools-for-stm32.11.3.rel1.macos64_1.1.100.202310310803/tools/bin/../lib/gcc/arm-none-eabi/11.3.1/../../../../arm-none-eabi/lib/thumb/v7e-m+fp/hard/libc_nano.a(libc_a-nano-vfprintf_i.o)
                0x000000000800b5f8                _printf_common
 *fill*         0x000000000800b6d2        0x2 
 .text._printf_i
                0x000000000800b6d4      0x244 /Applications/STM32CubeIDE.app/Contents/Eclipse/plugins/com.st.stm32cube.ide.mcu.externaltools.gnu-tools-for-stm32.11.3.rel1.macos64_1.1.100.202310310803/tools/bin/../lib/gcc/arm-none-eabi/11.3.1/../../../../arm-none-eabi/lib/thumb/v7e-m+fp/hard/libc_nano.a(libc_a-nano-vfprintf_i.o)
                0x000000000800b6d4                _printf_i
 .text.__sflush_r
                0x000000000800b918      0x10c /Applications/STM32CubeIDE.app/Contents/Eclipse/plugins/com.st.stm32cube.ide.mcu.externaltools.gnu-tools-for-stm32.11.3.rel1.macos64_1.1.100.202310310803/tools/bin/../lib/gcc/arm-none-eabi/11.3.1/../../../../arm-none-eabi/lib/thumb/v7e-m+fp/hard/libc_nano.a(libc_a-fflush.o)
                0x000000000800b918                __sflush_r
 .text._fflush_r
                0x000000000800ba24       0x50 /Applications/STM32CubeIDE.app/Contents/Eclipse/plugins/com.st.stm32cube.ide.mcu.externaltools.gnu-tools-for-stm32.11.3.rel1.macos64_1.1.100.202310310803/tools/bin/../lib/gcc/arm-none-eabi/11.3.1/../../../../arm-none-eabi/lib/thumb/v7e-m+fp/hard/libc_nano.a(libc_a-fflush.o)
                0x000000000800ba24                _fflush_r
 .text.__malloc_lock
                0x000000000800ba74        0xc /Applications/STM32CubeIDE.app/Contents/Eclipse/plugins/com.st.stm32cube.ide.mcu.externaltools.gnu-tools-for-stm32.11.3.rel1.macos64_1.1.100.202310310803/tools/bin/../lib/gcc/arm-none-eabi/11.3.1/../../../../arm-none-eabi/lib/thumb/v7e-m+fp/hard/libc_nano.a(libc_a-mlock.o)
                0x000000000800ba74                __malloc_lock
 .text.__malloc_unlock
                0x000000000800ba80        0xc /Applications/STM32CubeIDE.app/Contents/Eclipse/plugins/com.st.stm32cube.ide.mcu.externaltools.gnu-tools-for-stm32.11.3.rel1.macos64_1.1.100.202310310803/tools/bin/../lib/gcc/arm-none-eabi/11.3.1/../../../../arm-none-eabi/lib/thumb/v7e-m+fp/hard/libc_nano.a(libc_a-mlock.o)
                0x000000000800ba80                __malloc_unlock
 .text.__sread  0x000000000800ba8c       0x22 /Applications/STM32CubeIDE.app/Contents/Eclipse/plugins/com.st.stm32cube.ide.mcu.externaltools.gnu-tools-for-stm32.11.3.rel1.macos64_1.1.100.202310310803/tools/bin/../lib/gcc/arm-none-eabi/11.3.1/../../../../arm-none-eabi/lib/thumb/v7e-m+fp/hard/libc_nano.a(libc_a-stdio.o)
                0x000000000800ba8c                __sread
 .text.__swrite
                0x000000000800baae       0x38 /Applications/STM32CubeIDE.app/Contents/Eclipse/plugins/com.st.stm32cube.ide.mcu.externaltools.gnu-tools-for-stm32.11.3.rel1.macos64_1.1.100.202310310803/tools/bin/../lib/gcc/arm-none-eabi/11.3.1/../../../../arm-none-eabi/lib/thumb/v7e-m+fp/hard/libc_nano.a(libc_a-stdio.o)
                0x000000000800baae                __swrite
 .text.__sseek  0x000000000800bae6       0x24 /Applications/STM32CubeIDE.app/Contents/Eclipse/plugins/com.st.stm32cube.ide.mcu.externaltools.gnu-tools-for-stm32.11.3.rel1.macos64_1.1.100.202310310803/tools/bin/../lib/gcc/arm-none-eabi/11.3.1/../../../../arm-none-eabi/lib/thumb/v7e-m+fp/hard/libc_nano.a(libc_a-stdio.o)
                0x000000000800bae6                __sseek
 .text.__sclose
                0x000000000800bb0a        0x8 /Applications/STM32CubeIDE.app/Contents/Eclipse/plugins/com.st.stm32cube.ide.mcu.externaltools.gnu-tools-for-stm32.11.3.rel1.macos64_1.1.100.202310310803/tools/bin/../lib/gcc/arm-none-eabi/11.3.1/../../../../arm-none-eabi/lib/thumb/v7e-m+fp/hard/libc_nano.a(libc_a-stdio.o)
                0x000000000800bb0a                __sclose
 *fill*         0x000000000800bb12        0x2 
 .text.fileno   0x000000000800bb14       0x54 /Applications/STM32CubeIDE.app/Contents/Eclipse/plugins/com.st.stm32cube.ide.mcu.externaltools.gnu-tools-for-stm32.11.3.rel1.macos64_1.1.100.202310310803/tools/bin/../lib/gcc/arm-none-eabi/11.3.1/../../../../arm-none-eabi/lib/thumb/v7e-m+fp/hard/libc_nano.a(libc_a-fileno.o)
                0x000000000800bb14                fileno
 .text.fprintf  0x000000000800bb68       0x24 /Applications/STM32CubeIDE.app/Contents/Eclipse/plugins/com.st.stm32cube.ide.mcu.externaltools.gnu-tools-for-stm32.11.3.rel1.macos64_1.1.100.202310310803/tools/bin/../lib/gcc/arm-none-eabi/11.3.1/../../../../arm-none-eabi/lib/thumb/v7e-m+fp/hard/libc_nano.a(libc_a-fprintf.o)
                0x000000000800bb68                fprintf
                0x000000000800bb68                fiprintf
 .text._realloc_r
                0x000000000800bb8c       0x5e /Applications/STM32CubeIDE.app/Contents/Eclipse/plugins/com.st.stm32cube.ide.mcu.externaltools.gnu-tools-for-stm32.11.3.rel1.macos64_1.1.100.202310310803/tools/bin/../lib/gcc/arm-none-eabi/11.3.1/../../../../arm-none-eabi/lib/thumb/v7e-m+fp/hard/libc_nano.a(libc_a-reallocr.o)
                0x000000000800bb8c                _realloc_r
 .text.memmove  0x000000000800bbea       0x34 /Applications/STM32CubeIDE.app/Contents/Eclipse/plugins/com.st.stm32cube.ide.mcu.externaltools.gnu-tools-for-stm32.11.3.rel1.macos64_1.1.100.202310310803/tools/bin/../lib/gcc/arm-none-eabi/11.3.1/../../../../arm-none-eabi/lib/thumb/v7e-m+fp/hard/libc_nano.a(libc_a-memmove.o)
                0x000000000800bbea                memmove
 *fill*         0x000000000800bc1e        0x2 
 .text._close_r
                0x000000000800bc20       0x20 /Applications/STM32CubeIDE.app/Contents/Eclipse/plugins/com.st.stm32cube.ide.mcu.externaltools.gnu-tools-for-stm32.11.3.rel1.macos64_1.1.100.202310310803/tools/bin/../lib/gcc/arm-none-eabi/11.3.1/../../../../arm-none-eabi/lib/thumb/v7e-m+fp/hard/libc_nano.a(libc_a-closer.o)
                0x000000000800bc20                _close_r
 .text._lseek_r
                0x000000000800bc40       0x24 /Applications/STM32CubeIDE.app/Contents/Eclipse/plugins/com.st.stm32cube.ide.mcu.externaltools.gnu-tools-for-stm32.11.3.rel1.macos64_1.1.100.202310310803/tools/bin/../lib/gcc/arm-none-eabi/11.3.1/../../../../arm-none-eabi/lib/thumb/v7e-m+fp/hard/libc_nano.a(libc_a-lseekr.o)
                0x000000000800bc40                _lseek_r
 .text._read_r  0x000000000800bc64       0x24 /Applications/STM32CubeIDE.app/Contents/Eclipse/plugins/com.st.stm32cube.ide.mcu.externaltools.gnu-tools-for-stm32.11.3.rel1.macos64_1.1.100.202310310803/tools/bin/../lib/gcc/arm-none-eabi/11.3.1/../../../../arm-none-eabi/lib/thumb/v7e-m+fp/hard/libc_nano.a(libc_a-readr.o)
                0x000000000800bc64                _read_r
 .text._sbrk_r  0x000000000800bc88       0x20 /Applications/STM32CubeIDE.app/Contents/Eclipse/plugins/com.st.stm32cube.ide.mcu.externaltools.gnu-tools-for-stm32.11.3.rel1.macos64_1.1.100.202310310803/tools/bin/../lib/gcc/arm-none-eabi/11.3.1/../../../../arm-none-eabi/lib/thumb/v7e-m+fp/hard/libc_nano.a(libc_a-sbrkr.o)
                0x000000000800bc88                _sbrk_r
 .text.abort    0x000000000800bca8        0xe /Applications/STM32CubeIDE.app/Contents/Eclipse/plugins/com.st.stm32cube.ide.mcu.externaltools.gnu-tools-for-stm32.11.3.rel1.macos64_1.1.100.202310310803/tools/bin/../lib/gcc/arm-none-eabi/11.3.1/../../../../arm-none-eabi/lib/thumb/v7e-m+fp/hard/libc_nano.a(libc_a-abort.o)
                0x000000000800bca8                abort
 *fill*         0x000000000800bcb6        0x2 
 .text._free_r  0x000000000800bcb8       0x98 /Applications/STM32CubeIDE.app/Contents/Eclipse/plugins/com.st.stm32cube.ide.mcu.externaltools.gnu-tools-for-stm32.11.3.rel1.macos64_1.1.100.202310310803/tools/bin/../lib/gcc/arm-none-eabi/11.3.1/../../../../arm-none-eabi/lib/thumb/v7e-m+fp/hard/libc_nano.a(libc_a-freer.o)
                0x000000000800bcb8                _free_r
 .text.__sfputc_r
                0x000000000800bd50       0x2e /Applications/STM32CubeIDE.app/Contents/Eclipse/plugins/com.st.stm32cube.ide.mcu.externaltools.gnu-tools-for-stm32.11.3.rel1.macos64_1.1.100.202310310803/tools/bin/../lib/gcc/arm-none-eabi/11.3.1/../../../../arm-none-eabi/lib/thumb/v7e-m+fp/hard/libc_nano.a(libc_a-nano-vfprintf.o)
 .text.__sfputs_r
                0x000000000800bd7e       0x24 /Applications/STM32CubeIDE.app/Contents/Eclipse/plugins/com.st.stm32cube.ide.mcu.externaltools.gnu-tools-for-stm32.11.3.rel1.macos64_1.1.100.202310310803/tools/bin/../lib/gcc/arm-none-eabi/11.3.1/../../../../arm-none-eabi/lib/thumb/v7e-m+fp/hard/libc_nano.a(libc_a-nano-vfprintf.o)
                0x000000000800bd7e                __sfputs_r
 *fill*         0x000000000800bda2        0x2 
 .text._vfprintf_r
                0x000000000800bda4      0x234 /Applications/STM32CubeIDE.app/Contents/Eclipse/plugins/com.st.stm32cube.ide.mcu.externaltools.gnu-tools-for-stm32.11.3.rel1.macos64_1.1.100.202310310803/tools/bin/../lib/gcc/arm-none-eabi/11.3.1/../../../../arm-none-eabi/lib/thumb/v7e-m+fp/hard/libc_nano.a(libc_a-nano-vfprintf.o)
                0x000000000800bda4                _vfiprintf_r
                0x000000000800bda4                _vfprintf_r
 .text._malloc_usable_size_r
                0x000000000800bfd8       0x10 /Applications/STM32CubeIDE.app/Contents/Eclipse/plugins/com.st.stm32cube.ide.mcu.externaltools.gnu-tools-for-stm32.11.3.rel1.macos64_1.1.100.202310310803/tools/bin/../lib/gcc/arm-none-eabi/11.3.1/../../../../arm-none-eabi/lib/thumb/v7e-m+fp/hard/libc_nano.a(libc_a-msizer.o)
                0x000000000800bfd8                _malloc_usable_size_r
 .text.__swbuf_r
                0x000000000800bfe8       0x7a /Applications/STM32CubeIDE.app/Contents/Eclipse/plugins/com.st.stm32cube.ide.mcu.externaltools.gnu-tools-for-stm32.11.3.rel1.macos64_1.1.100.202310310803/tools/bin/../lib/gcc/arm-none-eabi/11.3.1/../../../../arm-none-eabi/lib/thumb/v7e-m+fp/hard/libc_nano.a(libc_a-wbuf.o)
                0x000000000800bfe8                __swbuf_r
 *fill*         0x000000000800c062        0x2 
 .text.__swsetup_r
                0x000000000800c064       0xb0 /Applications/STM32CubeIDE.app/Contents/Eclipse/plugins/com.st.stm32cube.ide.mcu.externaltools.gnu-tools-for-stm32.11.3.rel1.macos64_1.1.100.202310310803/tools/bin/../lib/gcc/arm-none-eabi/11.3.1/../../../../arm-none-eabi/lib/thumb/v7e-m+fp/hard/libc_nano.a(libc_a-wsetup.o)
                0x000000000800c064                __swsetup_r
 .text.__swhatbuf_r
                0x000000000800c114       0x4c /Applications/STM32CubeIDE.app/Contents/Eclipse/plugins/com.st.stm32cube.ide.mcu.externaltools.gnu-tools-for-stm32.11.3.rel1.macos64_1.1.100.202310310803/tools/bin/../lib/gcc/arm-none-eabi/11.3.1/../../../../arm-none-eabi/lib/thumb/v7e-m+fp/hard/libc_nano.a(libc_a-makebuf.o)
                0x000000000800c114                __swhatbuf_r
 .text.__smakebuf_r
                0x000000000800c160       0x78 /Applications/STM32CubeIDE.app/Contents/Eclipse/plugins/com.st.stm32cube.ide.mcu.externaltools.gnu-tools-for-stm32.11.3.rel1.macos64_1.1.100.202310310803/tools/bin/../lib/gcc/arm-none-eabi/11.3.1/../../../../arm-none-eabi/lib/thumb/v7e-m+fp/hard/libc_nano.a(libc_a-makebuf.o)
                0x000000000800c160                __smakebuf_r
 .text._fstat_r
                0x000000000800c1d8       0x24 /Applications/STM32CubeIDE.app/Contents/Eclipse/plugins/com.st.stm32cube.ide.mcu.externaltools.gnu-tools-for-stm32.11.3.rel1.macos64_1.1.100.202310310803/tools/bin/../lib/gcc/arm-none-eabi/11.3.1/../../../../arm-none-eabi/lib/thumb/v7e-m+fp/hard/libc_nano.a(libc_a-fstatr.o)
                0x000000000800c1d8                _fstat_r
 .text._isatty_r
                0x000000000800c1fc       0x20 /Applications/STM32CubeIDE.app/Contents/Eclipse/plugins/com.st.stm32cube.ide.mcu.externaltools.gnu-tools-for-stm32.11.3.rel1.macos64_1.1.100.202310310803/tools/bin/../lib/gcc/arm-none-eabi/11.3.1/../../../../arm-none-eabi/lib/thumb/v7e-m+fp/hard/libc_nano.a(libc_a-isattyr.o)
                0x000000000800c1fc                _isatty_r
 .text._raise_r
                0x000000000800c21c       0x50 /Applications/STM32CubeIDE.app/Contents/Eclipse/plugins/com.st.stm32cube.ide.mcu.externaltools.gnu-tools-for-stm32.11.3.rel1.macos64_1.1.100.202310310803/tools/bin/../lib/gcc/arm-none-eabi/11.3.1/../../../../arm-none-eabi/lib/thumb/v7e-m+fp/hard/libc_nano.a(libc_a-signal.o)
                0x000000000800c21c                _raise_r
 .text.raise    0x000000000800c26c       0x10 /Applications/STM32CubeIDE.app/Contents/Eclipse/plugins/com.st.stm32cube.ide.mcu.externaltools.gnu-tools-for-stm32.11.3.rel1.macos64_1.1.100.202310310803/tools/bin/../lib/gcc/arm-none-eabi/11.3.1/../../../../arm-none-eabi/lib/thumb/v7e-m+fp/hard/libc_nano.a(libc_a-signal.o)
                0x000000000800c26c                raise
 .text._kill_r  0x000000000800c27c       0x24 /Applications/STM32CubeIDE.app/Contents/Eclipse/plugins/com.st.stm32cube.ide.mcu.externaltools.gnu-tools-for-stm32.11.3.rel1.macos64_1.1.100.202310310803/tools/bin/../lib/gcc/arm-none-eabi/11.3.1/../../../../arm-none-eabi/lib/thumb/v7e-m+fp/hard/libc_nano.a(libc_a-signalr.o)
                0x000000000800c27c                _kill_r
 .text._getpid_r
                0x000000000800c2a0        0x4 /Applications/STM32CubeIDE.app/Contents/Eclipse/plugins/com.st.stm32cube.ide.mcu.externaltools.gnu-tools-for-stm32.11.3.rel1.macos64_1.1.100.202310310803/tools/bin/../lib/gcc/arm-none-eabi/11.3.1/../../../../arm-none-eabi/lib/thumb/v7e-m+fp/hard/libc_nano.a(libc_a-signalr.o)
                0x000000000800c2a0                _getpid_r
 *(.glue_7)
 .glue_7        0x000000000800c2a4        0x0 linker stubs
 *(.glue_7t)
 .glue_7t       0x000000000800c2a4        0x0 linker stubs
 *(.eh_frame)
 .eh_frame      0x000000000800c2a4        0x0 /Applications/STM32CubeIDE.app/Contents/Eclipse/plugins/com.st.stm32cube.ide.mcu.externaltools.gnu-tools-for-stm32.11.3.rel1.macos64_1.1.100.202310310803/tools/bin/../lib/gcc/arm-none-eabi/11.3.1/thumb/v7e-m+fp/hard/crtbegin.o
 *(.init)
 .init          0x000000000800c2a4        0x4 /Applications/STM32CubeIDE.app/Contents/Eclipse/plugins/com.st.stm32cube.ide.mcu.externaltools.gnu-tools-for-stm32.11.3.rel1.macos64_1.1.100.202310310803/tools/bin/../lib/gcc/arm-none-eabi/11.3.1/thumb/v7e-m+fp/hard/crti.o
                0x000000000800c2a4                _init
 .init          0x000000000800c2a8        0x8 /Applications/STM32CubeIDE.app/Contents/Eclipse/plugins/com.st.stm32cube.ide.mcu.externaltools.gnu-tools-for-stm32.11.3.rel1.macos64_1.1.100.202310310803/tools/bin/../lib/gcc/arm-none-eabi/11.3.1/thumb/v7e-m+fp/hard/crtn.o
 *(.fini)
 .fini          0x000000000800c2b0        0x4 /Applications/STM32CubeIDE.app/Contents/Eclipse/plugins/com.st.stm32cube.ide.mcu.externaltools.gnu-tools-for-stm32.11.3.rel1.macos64_1.1.100.202310310803/tools/bin/../lib/gcc/arm-none-eabi/11.3.1/thumb/v7e-m+fp/hard/crti.o
                0x000000000800c2b0                _fini
 .fini          0x000000000800c2b4        0x8 /Applications/STM32CubeIDE.app/Contents/Eclipse/plugins/com.st.stm32cube.ide.mcu.externaltools.gnu-tools-for-stm32.11.3.rel1.macos64_1.1.100.202310310803/tools/bin/../lib/gcc/arm-none-eabi/11.3.1/thumb/v7e-m+fp/hard/crtn.o
                0x000000000800c2bc                . = ALIGN (0x4)
                0x000000000800c2bc                _etext = .

.vfp11_veneer   0x000000000800c2bc        0x0
 .vfp11_veneer  0x000000000800c2bc        0x0 linker stubs

.v4_bx          0x000000000800c2bc        0x0
 .v4_bx         0x000000000800c2bc        0x0 linker stubs

.iplt           0x000000000800c2bc        0x0
 .iplt          0x000000000800c2bc        0x0 /Applications/STM32CubeIDE.app/Contents/Eclipse/plugins/com.st.stm32cube.ide.mcu.externaltools.gnu-tools-for-stm32.11.3.rel1.macos64_1.1.100.202310310803/tools/bin/../lib/gcc/arm-none-eabi/11.3.1/thumb/v7e-m+fp/hard/crtbegin.o

.rodata         0x000000000800c2bc     0x1624
                0x000000000800c2bc                . = ALIGN (0x4)
 *(.rodata)
 .rodata        0x000000000800c2bc      0x170 ./Core/Src/main.o
 .rodata        0x000000000800c42c       0x8d ./CustomLib/NTP_Clock/NTP_Clock.o
 *fill*         0x000000000800c4b9        0x3 
 .rodata        0x000000000800c4bc       0xb2 ./CustomLib/esp8266_mqtt/esp8266_mqtt.o
 *fill*         0x000000000800c56e        0x2 
 .rodata        0x000000000800c570      0x156 ./CustomLib/hal_esp8266/hal_esp8266.o
 *fill*         0x000000000800c6c6        0x2 
 .rodata        0x000000000800c6c8       0x46 ./USB_DEVICE/App/usbd_desc.o
 *(.rodata*)
 *fill*         0x000000000800c70e        0x2 
 .rodata.AHBPrescTable
                0x000000000800c710       0x10 ./Core/Src/system_stm32f4xx.o
                0x000000000800c710                AHBPrescTable
 .rodata.APBPrescTable
                0x000000000800c720        0x8 ./Core/Src/system_stm32f4xx.o
                0x000000000800c720                APBPrescTable
 .rodata.font6x8
                0x000000000800c728      0x241 ./CustomLib/oled_SH1106/oled_SH1106.o
                0x000000000800c728                font6x8
 *fill*         0x000000000800c969        0x3 
 .rodata.font16x8
                0x000000000800c96c      0x5f0 ./CustomLib/oled_SH1106/oled_SH1106.o
                0x000000000800c96c                font16x8
 .rodata.font_7SEG
                0x000000000800cf5c      0x210 ./CustomLib/oled_SH1106/oled_SH1106.o
                0x000000000800cf5c                font_7SEG
 .rodata._perror_r.str1.1