../CustomLib/SD_driver/SD_driver.c:115:23:SPI_transfer	32	static
../CustomLib/SD_driver/SD_driver.c:123:6:SD_powerUpSeq	8	static
../CustomLib/SD_driver/SD_driver.c:139:6:SD_command	16	static
../CustomLib/SD_driver/SD_driver.c:153:9:SD_readRes1	8	static
../CustomLib/SD_driver/SD_driver.c:168:9:SD_goIdleState	16	static
../CustomLib/SD_driver/SD_driver.c:188:6:SD_readRes3_7	8	static
../CustomLib/SD_driver/SD_driver.c:203:6:SD_sendIfCond	16	static
../CustomLib/SD_driver/SD_driver.c:221:6:SD_readOCR	16	static
../CustomLib/SD_driver/SD_driver.c:239:9:SD_sendApp	16	static
../CustomLib/SD_driver/SD_driver.c:259:9:SD_sendOpCond	16	static
../CustomLib/SD_driver/SD_driver.c:381:9:SD_read_start	32	static
../CustomLib/SD_driver/SD_driver.c:418:9:SD_readCSD	16	static
../CustomLib/SD_driver/SD_driver.c:487:9:SD_init	48	static,ignoring_inline_asm
../CustomLib/SD_driver/SD_driver.c:560:9:SD_readSingleBlock	24	static
../CustomLib/SD_driver/SD_driver.c:582:9:SD_readSector	16	static
../CustomLib/SD_driver/SD_driver.c:602:9:_writeSingleBlock	24	static
../CustomLib/SD_driver/SD_driver.c:659:9:SD_writeSector	16	static
../CustomLib/SD_driver/SD_driver.c:675:9:SD_readMultipleSecStart	8	static
../CustomLib/SD_driver/SD_driver.c:692:10:SD_readMultipleSec	16	static
../CustomLib/SD_driver/SD_driver.c:727:6:SD_readMultipleSecStop	8	static
../CustomLib/SD_driver/SD_driver.c:739:9:_writeMultipleBlock	16	static
../CustomLib/SD_driver/SD_driver.c:811:9:SD_writeMultipleBlock	16	static
