../CustomLib/oled_SH1106/oled_SH1106.c:63:13:Error_Handler	4	static,ignoring_inline_asm
../CustomLib/oled_SH1106/oled_SH1106.c:77:13:MX_I2C1_Init	8	static
../CustomLib/oled_SH1106/oled_SH1106.c:94:6:oled_sendCommand	32	static
../CustomLib/oled_SH1106/oled_SH1106.c:101:6:oled_setCursorPos	16	static
../CustomLib/oled_SH1106/oled_SH1106.c:112:6:oled_setCursor	16	static
../CustomLib/oled_SH1106/oled_SH1106.c:118:6:oled_display	24	static
../CustomLib/oled_SH1106/oled_SH1106.c:132:6:oled_setPageMode	8	static
../CustomLib/oled_SH1106/oled_SH1106.c:137:6:oled_setChargePump	8	static
../CustomLib/oled_SH1106/oled_SH1106.c:142:6:oled_setDisplayStart	16	static
../CustomLib/oled_SH1106/oled_SH1106.c:147:6:oled_setLineAddress	16	static
../CustomLib/oled_SH1106/oled_SH1106.c:152:6:oled_clearPart	24	static
../CustomLib/oled_SH1106/oled_SH1106.c:160:6:oled_update_page	160	static
../CustomLib/oled_SH1106/oled_SH1106.c:173:6:oled_clearDisplay	16	static
../CustomLib/oled_SH1106/oled_SH1106.c:182:6:oled_init	8	static
../CustomLib/oled_SH1106/oled_SH1106.c:194:6:oled_printChar	32	static
../CustomLib/oled_SH1106/oled_SH1106.c:231:6:oled_printString	40	static
../CustomLib/oled_SH1106/oled_SH1106.c:241:6:oled_print7Seg_digit	24	static
../CustomLib/oled_SH1106/oled_SH1106.c:255:6:oled_print7Seg_number	24	static
../CustomLib/oled_SH1106/oled_SH1106.c:265:6:oled_setContrast	16	static
../CustomLib/oled_SH1106/oled_SH1106.c:271:6:oled_writeByte	16	static
../CustomLib/oled_SH1106/oled_SH1106.c:277:6:oled_setPixel	32	static
../CustomLib/oled_SH1106/oled_SH1106.c:290:6:oled_drawLine	56	static
../CustomLib/oled_SH1106/oled_SH1106.c:310:6:oled_drawRectangle	24	static
../CustomLib/oled_SH1106/oled_SH1106.c:323:6:oled_plot	24	static
../CustomLib/oled_SH1106/oled_SH1106.c:336:6:oled_drawCircle	48	static
../CustomLib/oled_SH1106/oled_SH1106.c:350:6:oled_displayBmp	24	static
../CustomLib/oled_SH1106/oled_SH1106.c:372:6:oled_resetLog	4	static
../CustomLib/oled_SH1106/oled_SH1106.c:378:6:oled_printLog	24	static
../CustomLib/oled_SH1106/oled_SH1106.c:394:6:oled_drawSine	48	static
../CustomLib/oled_SH1106/oled_SH1106.c:401:6:map	24	static
../CustomLib/oled_SH1106/oled_SH1106.c:405:6:oled_setBattery	40	static
../CustomLib/oled_SH1106/oled_SH1106.c:427:6:oled_setSignal	32	static
../CustomLib/oled_SH1106/oled_SH1106.c:459:7:oled_barInit	4	static
../CustomLib/oled_SH1106/oled_SH1106.c:466:6:oled_setBar	32	static
