Archive member included to satisfy reference by file (symbol)

/Applications/STM32CubeIDE.app/Contents/Eclipse/plugins/com.st.stm32cube.ide.mcu.externaltools.gnu-tools-for-stm32.11.3.rel1.macos64_1.1.100.202310310803/tools/bin/../lib/gcc/arm-none-eabi/11.3.1/../../../../arm-none-eabi/lib/thumb/v7e-m+fp/hard/libc_nano.a(libc_a-exit.o)
                              /Applications/STM32CubeIDE.app/Contents/Eclipse/plugins/com.st.stm32cube.ide.mcu.externaltools.gnu-tools-for-stm32.11.3.rel1.macos64_1.1.100.202310310803/tools/bin/../lib/gcc/arm-none-eabi/11.3.1/../../../../arm-none-eabi/lib/thumb/v7e-m+fp/hard/crt0.o (exit)
/Applications/STM32CubeIDE.app/Contents/Eclipse/plugins/com.st.stm32cube.ide.mcu.externaltools.gnu-tools-for-stm32.11.3.rel1.macos64_1.1.100.202310310803/tools/bin/../lib/gcc/arm-none-eabi/11.3.1/../../../../arm-none-eabi/lib/thumb/v7e-m+fp/hard/libc_nano.a(libc_a-findfp.o)
                              /Applications/STM32CubeIDE.app/Contents/Eclipse/plugins/com.st.stm32cube.ide.mcu.externaltools.gnu-tools-for-stm32.11.3.rel1.macos64_1.1.100.202310310803/tools/bin/../lib/gcc/arm-none-eabi/11.3.1/../../../../arm-none-eabi/lib/thumb/v7e-m+fp/hard/libc_nano.a(libc_a-exit.o) (__stdio_exit_handler)
/Applications/STM32CubeIDE.app/Contents/Eclipse/plugins/com.st.stm32cube.ide.mcu.externaltools.gnu-tools-for-stm32.11.3.rel1.macos64_1.1.100.202310310803/tools/bin/../lib/gcc/arm-none-eabi/11.3.1/../../../../arm-none-eabi/lib/thumb/v7e-m+fp/hard/libc_nano.a(libc_a-strtol.o)
                              ./CustomLib/mySdFat/mySdFat.o (strtol)
/Applications/STM32CubeIDE.app/Contents/Eclipse/plugins/com.st.stm32cube.ide.mcu.externaltools.gnu-tools-for-stm32.11.3.rel1.macos64_1.1.100.202310310803/tools/bin/../lib/gcc/arm-none-eabi/11.3.1/../../../../arm-none-eabi/lib/thumb/v7e-m+fp/hard/libc_nano.a(libc_a-fwalk.o)
                              /Applications/STM32CubeIDE.app/Contents/Eclipse/plugins/com.st.stm32cube.ide.mcu.externaltools.gnu-tools-for-stm32.11.3.rel1.macos64_1.1.100.202310310803/tools/bin/../lib/gcc/arm-none-eabi/11.3.1/../../../../arm-none-eabi/lib/thumb/v7e-m+fp/hard/libc_nano.a(libc_a-findfp.o) (_fwalk_sglue)
/Applications/STM32CubeIDE.app/Contents/Eclipse/plugins/com.st.stm32cube.ide.mcu.externaltools.gnu-tools-for-stm32.11.3.rel1.macos64_1.1.100.202310310803/tools/bin/../lib/gcc/arm-none-eabi/11.3.1/../../../../arm-none-eabi/lib/thumb/v7e-m+fp/hard/libc_nano.a(libc_a-memset.o)
                              /Applications/STM32CubeIDE.app/Contents/Eclipse/plugins/com.st.stm32cube.ide.mcu.externaltools.gnu-tools-for-stm32.11.3.rel1.macos64_1.1.100.202310310803/tools/bin/../lib/gcc/arm-none-eabi/11.3.1/../../../../arm-none-eabi/lib/thumb/v7e-m+fp/hard/crt0.o (memset)
/Applications/STM32CubeIDE.app/Contents/Eclipse/plugins/com.st.stm32cube.ide.mcu.externaltools.gnu-tools-for-stm32.11.3.rel1.macos64_1.1.100.202310310803/tools/bin/../lib/gcc/arm-none-eabi/11.3.1/../../../../arm-none-eabi/lib/thumb/v7e-m+fp/hard/libc_nano.a(libc_a-impure.o)
                              /Applications/STM32CubeIDE.app/Contents/Eclipse/plugins/com.st.stm32cube.ide.mcu.externaltools.gnu-tools-for-stm32.11.3.rel1.macos64_1.1.100.202310310803/tools/bin/../lib/gcc/arm-none-eabi/11.3.1/../../../../arm-none-eabi/lib/thumb/v7e-m+fp/hard/libc_nano.a(libc_a-strtol.o) (_impure_ptr)
/Applications/STM32CubeIDE.app/Contents/Eclipse/plugins/com.st.stm32cube.ide.mcu.externaltools.gnu-tools-for-stm32.11.3.rel1.macos64_1.1.100.202310310803/tools/bin/../lib/gcc/arm-none-eabi/11.3.1/../../../../arm-none-eabi/lib/thumb/v7e-m+fp/hard/libc_nano.a(libc_a-errno.o)
                              ./Core/Src/syscalls.o (__errno)
/Applications/STM32CubeIDE.app/Contents/Eclipse/plugins/com.st.stm32cube.ide.mcu.externaltools.gnu-tools-for-stm32.11.3.rel1.macos64_1.1.100.202310310803/tools/bin/../lib/gcc/arm-none-eabi/11.3.1/../../../../arm-none-eabi/lib/thumb/v7e-m+fp/hard/libc_nano.a(libc_a-init.o)
                              /Applications/STM32CubeIDE.app/Contents/Eclipse/plugins/com.st.stm32cube.ide.mcu.externaltools.gnu-tools-for-stm32.11.3.rel1.macos64_1.1.100.202310310803/tools/bin/../lib/gcc/arm-none-eabi/11.3.1/../../../../arm-none-eabi/lib/thumb/v7e-m+fp/hard/crt0.o (__libc_init_array)
/Applications/STM32CubeIDE.app/Contents/Eclipse/plugins/com.st.stm32cube.ide.mcu.externaltools.gnu-tools-for-stm32.11.3.rel1.macos64_1.1.100.202310310803/tools/bin/../lib/gcc/arm-none-eabi/11.3.1/../../../../arm-none-eabi/lib/thumb/v7e-m+fp/hard/libc_nano.a(libc_a-lock.o)
                              /Applications/STM32CubeIDE.app/Contents/Eclipse/plugins/com.st.stm32cube.ide.mcu.externaltools.gnu-tools-for-stm32.11.3.rel1.macos64_1.1.100.202310310803/tools/bin/../lib/gcc/arm-none-eabi/11.3.1/../../../../arm-none-eabi/lib/thumb/v7e-m+fp/hard/libc_nano.a(libc_a-findfp.o) (__retarget_lock_init_recursive)
[...]
Memory Configuration

Name             Origin             Length             Attributes
RAM              0x0000000020000000 0x0000000000010000 xrw
FLASH            0x0000000008000000 0x0000000000004000 xr
*default*        0x0000000000000000 0xffffffffffffffff

Linker script and memory map

LOAD /Applications/STM32CubeIDE.app/Contents/Eclipse/plugins/com.st.stm32cube.ide.mcu.externaltools.gnu-tools-for-stm32.11.3.rel1.macos64_1.1.100.202310310803/tools/bin/../lib/gcc/arm-none-eabi/11.3.1/thumb/v7e-m+fp/hard/crti.o
LOAD /Applications/STM32CubeIDE.app/Contents/Eclipse/plugins/com.st.stm32cube.ide.mcu.externaltools.gnu-tools-for-stm32.11.3.rel1.macos64_1.1.100.202310310803/tools/bin/../lib/gcc/arm-none-eabi/11.3.1/thumb/v7e-m+fp/hard/crtbegin.o
LOAD /Applications/STM32CubeIDE.app/Contents/Eclipse/plugins/com.st.stm32cube.ide.mcu.externaltools.gnu-tools-for-stm32.11.3.rel1.macos64_1.1.100.202310310803/tools/bin/../lib/gcc/arm-none-eabi/11.3.1/../../../../arm-none-eabi/lib/thumb/v7e-m+fp/hard/crt0.o
LOAD ./Core/Src/main.o
LOAD ./Core/Src/stm32f4xx_hal_msp.o
LOAD ./Core/Src/stm32f4xx_it.o
LOAD ./Core/Src/syscalls.o
LOAD ./Core/Src/sysmem.o
LOAD ./Core/Src/system_stm32f4xx.o
LOAD ./Core/Startup/startup_stm32f401ccux.o
LOAD ./CustomLib/SD_driver/SD_driver.o
LOAD ./CustomLib/flashProgram/flashProgram.o
LOAD ./CustomLib/mySdFat/mySdFat.o
LOAD ./Drivers/STM32F4xx_HAL_Driver/Src/stm32f4xx_hal.o
LOAD ./Drivers/STM32F4xx_HAL_Driver/Src/stm32f4xx_hal_cortex.o
LOAD ./Drivers/STM32F4xx_HAL_Driver/Src/stm32f4xx_hal_dma.o
LOAD ./Drivers/STM32F4xx_HAL_Driver/Src/stm32f4xx_hal_dma_ex.o
LOAD ./Drivers/STM32F4xx_HAL_Driver/Src/stm32f4xx_hal_exti.o
LOAD ./Drivers/STM32F4xx_HAL_Driver/Src/stm32f4xx_hal_flash.o
LOAD ./Drivers/STM32F4xx_HAL_Driver/Src/stm32f4xx_hal_flash_ex.o
LOAD ./Drivers/STM32F4xx_HAL_Driver/Src/stm32f4xx_hal_flash_ramfunc.o
LOAD ./Drivers/STM32F4xx_HAL_Driver/Src/stm32f4xx_hal_gpio.o
LOAD ./Drivers/STM32F4xx_HAL_Driver/Src/stm32f4xx_hal_pwr.o
LOAD ./Drivers/STM32F4xx_HAL_Driver/Src/stm32f4xx_hal_pwr_ex.o
LOAD ./Drivers/STM32F4xx_HAL_Driver/Src/stm32f4xx_hal_rcc.o
LOAD ./Drivers/STM32F4xx_HAL_Driver/Src/stm32f4xx_hal_rcc_ex.o
LOAD ./Drivers/STM32F4xx_HAL_Driver/Src/stm32f4xx_hal_spi.o
LOAD ./Drivers/STM32F4xx_HAL_Driver/Src/stm32f4xx_hal_tim.o
LOAD ./Drivers/STM32F4xx_HAL_Driver/Src/stm32f4xx_hal_tim_ex.o
START GROUP
LOAD /Applications/STM32CubeIDE.app/Contents/Eclipse/plugins/com.st.stm32cube.ide.mcu.externaltools.gnu-tools-for-stm32.11.3.rel1.macos64_1.1.100.202310310803/tools/bin/../lib/gcc/arm-none-eabi/11.3.1/../../../../arm-none-eabi/lib/thumb/v7e-m+fp/hard/libc_nano.a
LOAD /Applications/STM32CubeIDE.app/Contents/Eclipse/plugins/com.st.stm32cube.ide.mcu.externaltools.gnu-tools-for-stm32.11.3.rel1.macos64_1.1.100.202310310803/tools/bin/../lib/gcc/arm-none-eabi/11.3.1/../../../../arm-none-eabi/lib/thumb/v7e-m+fp/hard/libm.a
END GROUP
START GROUP
LOAD /Applications/STM32CubeIDE.app/Contents/Eclipse/plugins/com.st.stm32cube.ide.mcu.externaltools.gnu-tools-for-stm32.11.3.rel1.macos64_1.1.100.202310310803/tools/bin/../lib/gcc/arm-none-eabi/11.3.1/thumb/v7e-m+fp/hard/libgcc.a
LOAD /Applications/STM32CubeIDE.app/Contents/Eclipse/plugins/com.st.stm32cube.ide.mcu.externaltools.gnu-tools-for-stm32.11.3.rel1.macos64_1.1.100.202310310803/tools/bin/../lib/gcc/arm-none-eabi/11.3.1/../../../../arm-none-eabi/lib/thumb/v7e-m+fp/hard/libc_nano.a
END GROUP
START GROUP
LOAD /Applications/STM32CubeIDE.app/Contents/Eclipse/plugins/com.st.stm32cube.ide.mcu.externaltools.gnu-tools-for-stm32.11.3.rel1.macos64_1.1.100.202310310803/tools/bin/../lib/gcc/arm-none-eabi/11.3.1/thumb/v7e-m+fp/hard/libgcc.a
LOAD /Applications/STM32CubeIDE.app/Contents/Eclipse/plugins/com.st.stm32cube.ide.mcu.externaltools.gnu-tools-for-stm32.11.3.rel1.macos64_1.1.100.202310310803/tools/bin/../lib/gcc/arm-none-eabi/11.3.1/../../../../arm-none-eabi/lib/thumb/v7e-m+fp/hard/libc_nano.a
LOAD /Applications/STM32CubeIDE.app/Contents/Eclipse/plugins/com.st.stm32cube.ide.mcu.externaltools.gnu-tools-for-stm32.11.3.rel1.macos64_1.1.100.202310310803/tools/bin/../lib/gcc/arm-none-eabi/11.3.1/../../../../arm-none-eabi/lib/thumb/v7e-m+fp/hard/libnosys.a
END GROUP
START GROUP
LOAD /Applications/STM32CubeIDE.app/Contents/Eclipse/plugins/com.st.stm32cube.ide.mcu.externaltools.gnu-tools-for-stm32.11.3.rel1.macos64_1.1.100.202310310803/tools/bin/../lib/gcc/arm-none-eabi/11.3.1/thumb/v7e-m+fp/hard/libgcc.a
LOAD /Applications/STM32CubeIDE.app/Contents/Eclipse/plugins/com.st.stm32cube.ide.mcu.externaltools.gnu-tools-for-stm32.11.3.rel1.macos64_1.1.100.202310310803/tools/bin/../lib/gcc/arm-none-eabi/11.3.1/../../../../arm-none-eabi/lib/thumb/v7e-m+fp/hard/libc_nano.a
LOAD /Applications/STM32CubeIDE.app/Contents/Eclipse/plugins/com.st.stm32cube.ide.mcu.externaltools.gnu-tools-for-stm32.11.3.rel1.macos64_1.1.100.202310310803/tools/bin/../lib/gcc/arm-none-eabi/11.3.1/../../../../arm-none-eabi/lib/thumb/v7e-m+fp/hard/libnosys.a
END GROUP
LOAD /Applications/STM32CubeIDE.app/Contents/Eclipse/plugins/com.st.stm32cube.ide.mcu.externaltools.gnu-tools-for-stm32.11.3.rel1.macos64_1.1.100.202310310803/tools/bin/../lib/gcc/arm-none-eabi/11.3.1/thumb/v7e-m+fp/hard/crtend.o
LOAD /Applications/STM32CubeIDE.app/Contents/Eclipse/plugins/com.st.stm32cube.ide.mcu.externaltools.gnu-tools-for-stm32.11.3.rel1.macos64_1.1.100.202310310803/tools/bin/../lib/gcc/arm-none-eabi/11.3.1/thumb/v7e-m+fp/hard/crtn.o
                0x0000000020010000                _estack = (ORIGIN (RAM) + LENGTH (RAM))
                0x0000000000000200                _Min_Heap_Size = 0x200
                0x0000000000000400                _Min_Stack_Size = 0x400

.isr_vector     0x0000000008000000      0x194
                0x0000000008000000                . = ALIGN (0x4)
 *(.isr_vector)
 .isr_vector    0x0000000008000000      0x194 ./Core/Startup/startup_stm32f401ccux.o
                0x0000000008000000                g_pfnVectors
                0x0000000008000194                . = ALIGN (0x4)

.text           0x0000000008000194     0x4238
                0x0000000008000194                . = ALIGN (0x4)
 *(.text)
 .text          0x0000000008000194       0x40 /Applications/STM32CubeIDE.app/Contents/Eclipse/plugins/com.st.stm32cube.ide.mcu.externaltools.gnu-tools-for-stm32.11.3.rel1.macos64_1.1.100.202310310803/tools/bin/../lib/gcc/arm-none-eabi/11.3.1/thumb/v7e-m+fp/hard/crtbegin.o
 .text          0x00000000080001d4       0x10 /Applications/STM32CubeIDE.app/Contents/Eclipse/plugins/com.st.stm32cube.ide.mcu.externaltools.gnu-tools-for-stm32.11.3.rel1.macos64_1.1.100.202310310803/tools/bin/../lib/gcc/arm-none-eabi/11.3.1/../../../../arm-none-eabi/lib/thumb/v7e-m+fp/hard/libc_nano.a(libc_a-strlen.o)
                0x00000000080001d4                strlen
 .text          0x00000000080001e4       0x30 /Applications/STM32CubeIDE.app/Contents/Eclipse/plugins/com.st.stm32cube.ide.mcu.externaltools.gnu-tools-for-stm32.11.3.rel1.macos64_1.1.100.202310310803/tools/bin/../lib/gcc/arm-none-eabi/11.3.1/thumb/v7e-m+fp/hard/libgcc.a(_aeabi_uldivmod.o)
                0x00000000080001e4                __aeabi_uldivmod
 .text          0x0000000008000214      0x2c8 /Applications/STM32CubeIDE.app/Contents/Eclipse/plugins/com.st.stm32cube.ide.mcu.externaltools.gnu-tools-for-stm32.11.3.rel1.macos64_1.1.100.202310310803/tools/bin/../lib/gcc/arm-none-eabi/11.3.1/thumb/v7e-m+fp/hard/libgcc.a(_udivmoddi4.o)
                0x0000000008000214                __udivmoddi4
 .text          0x00000000080004dc        0x4 /Applications/STM32CubeIDE.app/Contents/Eclipse/plugins/com.st.stm32cube.ide.mcu.externaltools.gnu-tools-for-stm32.11.3.rel1.macos64_1.1.100.202310310803/tools/bin/../lib/gcc/arm-none-eabi/11.3.1/thumb/v7e-m+fp/hard/libgcc.a(_dvmd_tls.o)
                0x00000000080004dc                __aeabi_ldiv0
                0x00000000080004dc                __aeabi_idiv0
 *(.text*)
 .text.main     0x00000000080004e0       0xc4 ./Core/Src/main.o
                0x00000000080004e0                main
 .text.SystemClock_Config
                0x00000000080005a4       0xd8 ./Core/Src/main.o
                0x00000000080005a4                SystemClock_Config
 .text.MX_GPIO_Init
                0x000000000800067c       0xd0 ./Core/Src/main.o
 .text.Error_Handler
                0x000000000800074c        0xa ./Core/Src/main.o
                0x000000000800074c                Error_Handler
 *fill*         0x0000000008000756        0x2 
 .text.HAL_MspInit
                0x0000000008000758       0x50 ./Core/Src/stm32f4xx_hal_msp.o
                0x0000000008000758                HAL_MspInit
 .text.HAL_SPI_MspInit
                0x00000000080007a8       0x90 ./Core/Src/stm32f4xx_hal_msp.o
                0x00000000080007a8                HAL_SPI_MspInit
 .text.NMI_Handler
                0x0000000008000838        0x6 ./Core/Src/stm32f4xx_it.o
                0x0000000008000838                NMI_Handler
 .text.HardFault_Handler
                0x000000000800083e        0x6 ./Core/Src/stm32f4xx_it.o
                0x000000000800083e                HardFault_Handler
 .text.MemManage_Handler
                0x0000000008000844        0x6 ./Core/Src/stm32f4xx_it.o
                0x0000000008000844                MemManage_Handler
 .text.BusFault_Handler
                0x000000000800084a        0x6 ./Core/Src/stm32f4xx_it.o
                0x000000000800084a                BusFault_Handler
 .text.UsageFault_Handler
                0x0000000008000850        0x6 ./Core/Src/stm32f4xx_it.o
                0x0000000008000850                UsageFault_Handler
 .text.SVC_Handler
                0x0000000008000856        0xe ./Core/Src/stm32f4xx_it.o
                0x0000000008000856                SVC_Handler
 .text.DebugMon_Handler
                0x0000000008000864        0xe ./Core/Src/stm32f4xx_it.o
                0x0000000008000864                DebugMon_Handler
 .text.PendSV_Handler
                0x0000000008000872        0xe ./Core/Src/stm32f4xx_it.o
                0x0000000008000872                PendSV_Handler
 .text.SysTick_Handler
                0x0000000008000880        0xc ./Core/Src/stm32f4xx_it.o
                0x0000000008000880                SysTick_Handler
 .text.SystemInit
                0x000000000800088c       0x24 ./Core/Src/system_stm32f4xx.o
                0x000000000800088c                SystemInit
 .text.Reset_Handler
                0x00000000080008b0       0x50 ./Core/Startup/startup_stm32f401ccux.o
                0x00000000080008b0                Reset_Handler
 .text.Default_Handler
                0x0000000008000900        0x2 ./Core/Startup/startup_stm32f401ccux.o
                0x0000000008000900                DMA1_Stream3_IRQHandler
                0x0000000008000900                EXTI2_IRQHandler
                0x0000000008000900                SPI4_IRQHandler
                0x0000000008000900                TIM1_CC_IRQHandler
                0x0000000008000900                DMA2_Stream5_IRQHandler
                0x0000000008000900                DMA1_Stream5_IRQHandler
                0x0000000008000900                PVD_IRQHandler
                0x0000000008000900                SDIO_IRQHandler
                0x0000000008000900                TAMP_STAMP_IRQHandler
                0x0000000008000900                EXTI3_IRQHandler
                0x0000000008000900                TIM1_UP_TIM10_IRQHandler
                0x0000000008000900                I2C3_ER_IRQHandler
                0x0000000008000900                EXTI0_IRQHandler
                0x0000000008000900                I2C2_EV_IRQHandler
                0x0000000008000900                DMA1_Stream2_IRQHandler
                0x0000000008000900                FPU_IRQHandler
                0x0000000008000900                DMA2_Stream2_IRQHandler
                0x0000000008000900                SPI1_IRQHandler
                0x0000000008000900                TIM1_BRK_TIM9_IRQHandler
                0x0000000008000900                DMA2_Stream3_IRQHandler
                0x0000000008000900                USART6_IRQHandler
                0x0000000008000900                DMA2_Stream0_IRQHandler
                0x0000000008000900                TIM4_IRQHandler
                0x0000000008000900                I2C1_EV_IRQHandler
                0x0000000008000900                DMA1_Stream6_IRQHandler
                0x0000000008000900                DMA1_Stream1_IRQHandler
                0x0000000008000900                TIM3_IRQHandler
                0x0000000008000900                RCC_IRQHandler
                0x0000000008000900                Default_Handler
                0x0000000008000900                EXTI15_10_IRQHandler
                0x0000000008000900                ADC_IRQHandler
                0x0000000008000900                DMA1_Stream7_IRQHandler
                0x0000000008000900                TIM5_IRQHandler
                0x0000000008000900                DMA2_Stream7_IRQHandler
                0x0000000008000900                I2C3_EV_IRQHandler
                0x0000000008000900                EXTI9_5_IRQHandler
                0x0000000008000900                RTC_WKUP_IRQHandler
                0x0000000008000900                SPI2_IRQHandler
                0x0000000008000900                DMA1_Stream0_IRQHandler
                0x0000000008000900                EXTI4_IRQHandler
                0x0000000008000900                WWDG_IRQHandler
                0x0000000008000900                TIM2_IRQHandler
                0x0000000008000900                OTG_FS_WKUP_IRQHandler
                0x0000000008000900                TIM1_TRG_COM_TIM11_IRQHandler
                0x0000000008000900                EXTI1_IRQHandler
                0x0000000008000900                USART2_IRQHandler
                0x0000000008000900                I2C2_ER_IRQHandler
                0x0000000008000900                DMA2_Stream1_IRQHandler
                0x0000000008000900                FLASH_IRQHandler
                0x0000000008000900                DMA2_Stream4_IRQHandler
                0x0000000008000900                USART1_IRQHandler
                0x0000000008000900                OTG_FS_IRQHandler
                0x0000000008000900                SPI3_IRQHandler
                0x0000000008000900                DMA1_Stream4_IRQHandler
                0x0000000008000900                I2C1_ER_IRQHandler
                0x0000000008000900                DMA2_Stream6_IRQHandler
                0x0000000008000900                RTC_Alarm_IRQHandler
 .text.Error_Handler
                0x0000000008000902        0xa ./CustomLib/SD_driver/SD_driver.o
 .text.SPI_transfer
                0x000000000800090c       0x3c ./CustomLib/SD_driver/SD_driver.o
 .text.SD_powerUpSeq
                0x0000000008000948       0x4c ./CustomLib/SD_driver/SD_driver.o
                0x0000000008000948                SD_powerUpSeq
 .text.SD_command
                0x0000000008000994       0x62 ./CustomLib/SD_driver/SD_driver.o
                0x0000000008000994                SD_command
 .text.SD_readRes1
                0x00000000080009f6       0x36 ./CustomLib/SD_driver/SD_driver.o
                0x00000000080009f6                SD_readRes1
 .text.SD_goIdleState
                0x0000000008000a2c       0x54 ./CustomLib/SD_driver/SD_driver.o
                0x0000000008000a2c                SD_goIdleState
 .text.SD_readRes3_7
                0x0000000008000a80       0x5e ./CustomLib/SD_driver/SD_driver.o
                0x0000000008000a80                SD_readRes3_7
 *fill*         0x0000000008000ade        0x2 
 .text.SD_sendIfCond
                0x0000000008000ae0       0x54 ./CustomLib/SD_driver/SD_driver.o
                0x0000000008000ae0                SD_sendIfCond
 .text.SD_readOCR
                0x0000000008000b34       0x50 ./CustomLib/SD_driver/SD_driver.o
                0x0000000008000b34                SD_readOCR
 .text.SD_sendApp
                0x0000000008000b84       0x54 ./CustomLib/SD_driver/SD_driver.o
                0x0000000008000b84                SD_sendApp
 .text.SD_sendOpCond
                0x0000000008000bd8       0x54 ./CustomLib/SD_driver/SD_driver.o
                0x0000000008000bd8                SD_sendOpCond
 .text.SD_read_start
                0x0000000008000c2c       0x8c ./CustomLib/SD_driver/SD_driver.o
                0x0000000008000c2c                SD_read_start
 .text.MX_SPI1_Init
                0x0000000008000cb8       0x6c ./CustomLib/SD_driver/SD_driver.o
 .text.SD_init  0x0000000008000d24       0xd8 ./CustomLib/SD_driver/SD_driver.o
                0x0000000008000d24                SD_init
 .text.SD_readSingleBlock
                0x0000000008000dfc       0x68 ./CustomLib/SD_driver/SD_driver.o
                0x0000000008000dfc                SD_readSingleBlock
 .text.SD_readSector
                0x0000000008000e64       0x48 ./CustomLib/SD_driver/SD_driver.o
                0x0000000008000e64                SD_readSector
 .text._writeSingleBlock
                0x0000000008000eac       0xd4 ./CustomLib/SD_driver/SD_driver.o
                0x0000000008000eac                _writeSingleBlock
 .text.SD_writeSector
                0x0000000008000f80       0x4a ./CustomLib/SD_driver/SD_driver.o
                0x0000000008000f80                SD_writeSector
 *fill*         0x0000000008000fca        0x2 
 .text.SD_readMultipleSecStart
                0x0000000008000fcc       0x40 ./CustomLib/SD_driver/SD_driver.o
                0x0000000008000fcc                SD_readMultipleSecStart
 .text.SD_readMultipleSec
                0x000000000800100c       0x8e ./CustomLib/SD_driver/SD_driver.o
                0x000000000800100c                SD_readMultipleSec
 *fill*         0x000000000800109a        0x2 
 .text.SD_readMultipleSecStop
                0x000000000800109c       0x3c ./CustomLib/SD_driver/SD_driver.o
                0x000000000800109c                SD_readMultipleSecStop
 .text.disable_peripheral_clock
                0x00000000080010d8       0x10 ./CustomLib/flashProgram/flashProgram.o
                0x00000000080010d8                disable_peripheral_clock
 .text.bootloader_init
                0x00000000080010e8       0x1e ./CustomLib/flashProgram/flashProgram.o
                0x00000000080010e8                bootloader_init
 *fill*         0x0000000008001106        0x2 
 .text.update_available
                0x0000000008001108       0x60 ./CustomLib/flashProgram/flashProgram.o
                0x0000000008001108                update_available
 .text.erase_flash
                0x0000000008001168       0x2c ./CustomLib/flashProgram/flashProgram.o
 .text.program_flash
                0x0000000008001194       0xa8 ./CustomLib/flashProgram/flashProgram.o
 .text.flash_process
                0x000000000800123c       0x68 ./CustomLib/flashProgram/flashProgram.o
                0x000000000800123c                flash_process
 .text.getBootSecParams
                0x00000000080012a4      0x1a8 ./CustomLib/mySdFat/mySdFat.o
 .text.getFatType
                0x000000000800144c       0x50 ./CustomLib/mySdFat/mySdFat.o
 .text.fatEntLocation
                0x000000000800149c       0x58 ./CustomLib/mySdFat/mySdFat.o
 .text.fatNextClus
                0x00000000080014f4       0x38 ./CustomLib/mySdFat/mySdFat.o
 .text.fatSetNextClus
                0x000000000800152c       0x48 ./CustomLib/mySdFat/mySdFat.o
 .text.startSecOfClus
                0x0000000008001574       0x30 ./CustomLib/mySdFat/mySdFat.o
 .text.getShortFileName
                0x00000000080015a4      0x108 ./CustomLib/mySdFat/mySdFat.o
 .text.startCluster
                0x00000000080016ac       0x2e ./CustomLib/mySdFat/mySdFat.o
                0x00000000080016ac                startCluster
 .text.isFreeEntry
                0x00000000080016da       0x24 ./CustomLib/mySdFat/mySdFat.o
 .text.isDirectory
                0x00000000080016fe       0x28 ./CustomLib/mySdFat/mySdFat.o
                0x00000000080016fe                isDirectory
 .text.isEndOfDir
                0x0000000008001726       0x24 ./CustomLib/mySdFat/mySdFat.o
                0x0000000008001726                isEndOfDir
 .text.LFN_Entry
                0x000000000800174a       0x32 ./CustomLib/mySdFat/mySdFat.o
 .text.fileSize
                0x000000000800177c       0x18 ./CustomLib/mySdFat/mySdFat.o
                0x000000000800177c                fileSize
 .text.rootDir  0x0000000008001794       0x64 ./CustomLib/mySdFat/mySdFat.o
                0x0000000008001794                rootDir
 .text.nextFile
                0x00000000080017f8      0x6d0 ./CustomLib/mySdFat/mySdFat.o
                0x00000000080017f8                nextFile
 .text.fileExists
                0x0000000008001ec8      0x11c ./CustomLib/mySdFat/mySdFat.o
 .text.pathExists
                0x0000000008001fe4      0x17c ./CustomLib/mySdFat/mySdFat.o
                0x0000000008001fe4                pathExists
 .text.fileClose
                0x0000000008002160       0x1e ./CustomLib/mySdFat/mySdFat.o
                0x0000000008002160                fileClose
 .text.isClosed
                0x000000000800217e       0x40 ./CustomLib/mySdFat/mySdFat.o
                0x000000000800217e                isClosed
 *fill*         0x00000000080021be        0x2 
 .text.readByte
                0x00000000080021c0      0x16c ./CustomLib/mySdFat/mySdFat.o
                0x00000000080021c0                readByte
 .text.fileNameLength
                0x000000000800232c       0x3c ./CustomLib/mySdFat/mySdFat.o
 .text.allLowerCase
                0x0000000008002368       0x4a ./CustomLib/mySdFat/mySdFat.o
 .text.mixedLetters
                0x00000000080023b2       0x50 ./CustomLib/mySdFat/mySdFat.o
 *fill*         0x0000000008002402        0x2 
 .text.fileDelete
                0x0000000008002404      0x1f0 ./CustomLib/mySdFat/mySdFat.o
                0x0000000008002404                fileDelete
 .text.mySdFat_init
                0x00000000080025f4       0xb4 ./CustomLib/mySdFat/mySdFat.o
                0x00000000080025f4                mySdFat_init
 .text.HAL_Init
                0x00000000080026a8       0x44 ./Drivers/STM32F4xx_HAL_Driver/Src/stm32f4xx_hal.o
                0x00000000080026a8                HAL_Init
 .text.HAL_DeInit
                0x00000000080026ec       0x5c ./Drivers/STM32F4xx_HAL_Driver/Src/stm32f4xx_hal.o
                0x00000000080026ec                HAL_DeInit
 .text.HAL_MspDeInit
                0x0000000008002748        0xe ./Drivers/STM32F4xx_HAL_Driver/Src/stm32f4xx_hal.o
                0x0000000008002748                HAL_MspDeInit
 *fill*         0x0000000008002756        0x2 
 .text.HAL_InitTick
                0x0000000008002758       0x60 ./Drivers/STM32F4xx_HAL_Driver/Src/stm32f4xx_hal.o
                0x0000000008002758                HAL_InitTick
 .text.HAL_IncTick
                0x00000000080027b8       0x28 ./Drivers/STM32F4xx_HAL_Driver/Src/stm32f4xx_hal.o
                0x00000000080027b8                HAL_IncTick
 .text.HAL_GetTick
                0x00000000080027e0       0x18 ./Drivers/STM32F4xx_HAL_Driver/Src/stm32f4xx_hal.o
                0x00000000080027e0                HAL_GetTick
 .text.HAL_Delay
                0x00000000080027f8       0x48 ./Drivers/STM32F4xx_HAL_Driver/Src/stm32f4xx_hal.o
                0x00000000080027f8                HAL_Delay
 .text.__NVIC_SetPriorityGrouping
                0x0000000008002840       0x48 ./Drivers/STM32F4xx_HAL_Driver/Src/stm32f4xx_hal_cortex.o
 .text.__NVIC_GetPriorityGrouping
                0x0000000008002888       0x1c ./Drivers/STM32F4xx_HAL_Driver/Src/stm32f4xx_hal_cortex.o
 .text.__NVIC_SetPriority
                0x00000000080028a4       0x54 ./Drivers/STM32F4xx_HAL_Driver/Src/stm32f4xx_hal_cortex.o
 .text.NVIC_EncodePriority
                0x00000000080028f8       0x66 ./Drivers/STM32F4xx_HAL_Driver/Src/stm32f4xx_hal_cortex.o
 *fill*         0x000000000800295e        0x2 
 .text.SysTick_Config
                0x0000000008002960       0x44 ./Drivers/STM32F4xx_HAL_Driver/Src/stm32f4xx_hal_cortex.o
 .text.HAL_NVIC_SetPriorityGrouping
                0x00000000080029a4       0x16 ./Drivers/STM32F4xx_HAL_Driver/Src/stm32f4xx_hal_cortex.o
                0x00000000080029a4                HAL_NVIC_SetPriorityGrouping
 .text.HAL_NVIC_SetPriority
                0x00000000080029ba       0x38 ./Drivers/STM32F4xx_HAL_Driver/Src/stm32f4xx_hal_cortex.o
                0x00000000080029ba                HAL_NVIC_SetPriority
 .text.HAL_SYSTICK_Config
                0x00000000080029f2       0x18 ./Drivers/STM32F4xx_HAL_Driver/Src/stm32f4xx_hal_cortex.o
                0x00000000080029f2                HAL_SYSTICK_Config
 *fill*         0x0000000008002a0a        0x2 
 .text.HAL_FLASH_Program
                0x0000000008002a0c       0xa8 ./Drivers/STM32F4xx_HAL_Driver/Src/stm32f4xx_hal_flash.o
                0x0000000008002a0c                HAL_FLASH_Program
 .text.HAL_FLASH_Unlock
                0x0000000008002ab4       0x44 ./Drivers/STM32F4xx_HAL_Driver/Src/stm32f4xx_hal_flash.o
                0x0000000008002ab4                HAL_FLASH_Unlock
 .text.HAL_FLASH_Lock
                0x0000000008002af8       0x20 ./Drivers/STM32F4xx_HAL_Driver/Src/stm32f4xx_hal_flash.o
                0x0000000008002af8                HAL_FLASH_Lock
 .text.FLASH_WaitForLastOperation
                0x0000000008002b18       0x80 ./Drivers/STM32F4xx_HAL_Driver/Src/stm32f4xx_hal_flash.o
                0x0000000008002b18                FLASH_WaitForLastOperation
 .text.FLASH_Program_DoubleWord
                0x0000000008002b98       0x64 ./Drivers/STM32F4xx_HAL_Driver/Src/stm32f4xx_hal_flash.o
 .text.FLASH_Program_Word
                0x0000000008002bfc       0x44 ./Drivers/STM32F4xx_HAL_Driver/Src/stm32f4xx_hal_flash.o
 .text.FLASH_Program_HalfWord
                0x0000000008002c40       0x48 ./Drivers/STM32F4xx_HAL_Driver/Src/stm32f4xx_hal_flash.o
 .text.FLASH_Program_Byte
                0x0000000008002c88       0x44 ./Drivers/STM32F4xx_HAL_Driver/Src/stm32f4xx_hal_flash.o
 .text.FLASH_SetErrorCode
                0x0000000008002ccc       0xcc ./Drivers/STM32F4xx_HAL_Driver/Src/stm32f4xx_hal_flash.o
 .text.HAL_FLASHEx_Erase
                0x0000000008002d98       0xe0 ./Drivers/STM32F4xx_HAL_Driver/Src/stm32f4xx_hal_flash_ex.o
                0x0000000008002d98                HAL_FLASHEx_Erase
 .text.FLASH_MassErase
                0x0000000008002e78       0x48 ./Drivers/STM32F4xx_HAL_Driver/Src/stm32f4xx_hal_flash_ex.o
 .text.FLASH_Erase_Sector
                0x0000000008002ec0       0x90 ./Drivers/STM32F4xx_HAL_Driver/Src/stm32f4xx_hal_flash_ex.o
                0x0000000008002ec0                FLASH_Erase_Sector
 .text.FLASH_FlushCaches
                0x0000000008002f50       0x8c ./Drivers/STM32F4xx_HAL_Driver/Src/stm32f4xx_hal_flash_ex.o
                0x0000000008002f50                FLASH_FlushCaches
 .text.HAL_GPIO_Init
                0x0000000008002fdc      0x308 ./Drivers/STM32F4xx_HAL_Driver/Src/stm32f4xx_hal_gpio.o
                0x0000000008002fdc                HAL_GPIO_Init
 .text.HAL_GPIO_WritePin
                0x00000000080032e4       0x32 ./Drivers/STM32F4xx_HAL_Driver/Src/stm32f4xx_hal_gpio.o
                0x00000000080032e4                HAL_GPIO_WritePin
 .text.HAL_GPIO_TogglePin
                0x0000000008003316       0x34 ./Drivers/STM32F4xx_HAL_Driver/Src/stm32f4xx_hal_gpio.o
                0x0000000008003316                HAL_GPIO_TogglePin
 *fill*         0x000000000800334a        0x2 
 .text.HAL_RCC_OscConfig
                0x000000000800334c      0x4f0 ./Drivers/STM32F4xx_HAL_Driver/Src/stm32f4xx_hal_rcc.o
                0x000000000800334c                HAL_RCC_OscConfig
 .text.HAL_RCC_ClockConfig
                0x000000000800383c      0x1cc ./Drivers/STM32F4xx_HAL_Driver/Src/stm32f4xx_hal_rcc.o
                0x000000000800383c                HAL_RCC_ClockConfig
 .text.HAL_RCC_GetSysClockFreq
                0x0000000008003a08      0x18c ./Drivers/STM32F4xx_HAL_Driver/Src/stm32f4xx_hal_rcc.o
                0x0000000008003a08                HAL_RCC_GetSysClockFreq
 .text.HAL_RCC_DeInit
                0x0000000008003b94      0x19c ./Drivers/STM32F4xx_HAL_Driver/Src/stm32f4xx_hal_rcc_ex.o
                0x0000000008003b94                HAL_RCC_DeInit
 .text.HAL_SPI_Init
                0x0000000008003d30      0x112 ./Drivers/STM32F4xx_HAL_Driver/Src/stm32f4xx_hal_spi.o
                0x0000000008003d30                HAL_SPI_Init
 .text.HAL_SPI_TransmitReceive
                0x0000000008003e42      0x360 ./Drivers/STM32F4xx_HAL_Driver/Src/stm32f4xx_hal_spi.o
                0x0000000008003e42                HAL_SPI_TransmitReceive
 *fill*         0x00000000080041a2        0x2 
 .text.SPI_WaitFlagStateUntilTimeout
                0x00000000080041a4      0x110 ./Drivers/STM32F4xx_HAL_Driver/Src/stm32f4xx_hal_spi.o
 .text.SPI_EndRxTxTransaction
                0x00000000080042b4       0xa8 ./Drivers/STM32F4xx_HAL_Driver/Src/stm32f4xx_hal_spi.o
 .text.memset   0x000000000800435c       0x10 /Applications/STM32CubeIDE.app/Contents/Eclipse/plugins/com.st.stm32cube.ide.mcu.externaltools.gnu-tools-for-stm32.11.3.rel1.macos64_1.1.100.202310310803/tools/bin/../lib/gcc/arm-none-eabi/11.3.1/../../../../arm-none-eabi/lib/thumb/v7e-m+fp/hard/libc_nano.a(libc_a-memset.o)
                0x000000000800435c                memset
 .text.__libc_init_array
                0x000000000800436c       0x48 /Applications/STM32CubeIDE.app/Contents/Eclipse/plugins/com.st.stm32cube.ide.mcu.externaltools.gnu-tools-for-stm32.11.3.rel1.macos64_1.1.100.202310310803/tools/bin/../lib/gcc/arm-none-eabi/11.3.1/../../../../arm-none-eabi/lib/thumb/v7e-m+fp/hard/libc_nano.a(libc_a-init.o)
                0x000000000800436c                __libc_init_array
 *(.glue_7)
 .glue_7        0x00000000080043b4        0x0 linker stubs
 *(.glue_7t)
 .glue_7t       0x00000000080043b4        0x0 linker stubs
 *(.eh_frame)
 .eh_frame      0x00000000080043b4        0x0 /Applications/STM32CubeIDE.app/Contents/Eclipse/plugins/com.st.stm32cube.ide.mcu.externaltools.gnu-tools-for-stm32.11.3.rel1.macos64_1.1.100.202310310803/tools/bin/../lib/gcc/arm-none-eabi/11.3.1/thumb/v7e-m+fp/hard/crtbegin.o
 *(.init)
 .init          0x00000000080043b4        0x4 /Applications/STM32CubeIDE.app/Contents/Eclipse/plugins/com.st.stm32cube.ide.mcu.externaltools.gnu-tools-for-stm32.11.3.rel1.macos64_1.1.100.202310310803/tools/bin/../lib/gcc/arm-none-eabi/11.3.1/thumb/v7e-m+fp/hard/crti.o
                0x00000000080043b4                _init
 .init          0x00000000080043b8        0x8 /Applications/STM32CubeIDE.app/Contents/Eclipse/plugins/com.st.stm32cube.ide.mcu.externaltools.gnu-tools-for-stm32.11.3.rel1.macos64_1.1.100.202310310803/tools/bin/../lib/gcc/arm-none-eabi/11.3.1/thumb/v7e-m+fp/hard/crtn.o
 *(.fini)
 .fini          0x00000000080043c0        0x4 /Applications/STM32CubeIDE.app/Contents/Eclipse/plugins/com.st.stm32cube.ide.mcu.externaltools.gnu-tools-for-stm32.11.3.rel1.macos64_1.1.100.202310310803/tools/bin/../lib/gcc/arm-none-eabi/11.3.1/thumb/v7e-m+fp/hard/crti.o
                0x00000000080043c0                _fini
 .fini          0x00000000080043c4        0x8 /Applications/STM32CubeIDE.app/Contents/Eclipse/plugins/com.st.stm32cube.ide.mcu.externaltools.gnu-tools-for-stm32.11.3.rel1.macos64_1.1.100.202310310803/tools/bin/../lib/gcc/arm-none-eabi/11.3.1/thumb/v7e-m+fp/hard/crtn.o
                0x00000000080043cc                . = ALIGN (0x4)
                0x00000000080043cc                _etext = .

.vfp11_veneer   0x00000000080043cc        0x0
 .vfp11_veneer  0x00000000080043cc        0x0 linker stubs

.v4_bx          0x00000000080043cc        0x0
 .v4_bx         0x00000000080043cc        0x0 linker stubs

.iplt           0x00000000080043cc        0x0
 .iplt          0x00000000080043cc        0x0 /Applications/STM32CubeIDE.app/Contents/Eclipse/plugins/com.st.stm32cube.ide.mcu.externaltools.gnu-tools-for-stm32.11.3.rel1.macos64_1.1.100.202310310803/tools/bin/../lib/gcc/arm-none-eabi/11.3.1/thumb/v7e-m+fp/hard/crtbegin.o

.rodata         0x00000000080043cc       0x38
                0x00000000080043cc                . = ALIGN (0x4)
 *(.rodata)
 .rodata        0x00000000080043cc       0x28 ./CustomLib/flashProgram/flashProgram.o
 *(.rodata*)
 .rodata.AHBPrescTable
                0x00000000080043f4       0x10 ./Core/Src/system_stm32f4xx.o
                0x00000000080043f4                AHBPrescTable
                0x0000000008004404                . = ALIGN (0x4)

.ARM.extab      0x0000000008004404        0x0
                0x0000000008004404                . = ALIGN (0x4)
 *(.ARM.extab* .gnu.linkonce.armextab.*)
                0x0000000008004404                . = ALIGN (0x4)

.ARM            0x0000000008004404        0x8
                0x0000000008004404                . = ALIGN (0x4)
                0x0000000008004404                __exidx_start = .
 *(.ARM.exidx*)
 .ARM.exidx     0x0000000008004404        0x8 /Applications/STM32CubeIDE.app/Contents/Eclipse/plugins/com.st.stm32cube.ide.mcu.externaltools.gnu-tools-for-stm32.11.3.rel1.macos64_1.1.100.202310310803/tools/bin/../lib/gcc/arm-none-eabi/11.3.1/thumb/v7e-m+fp/hard/libgcc.a(_udivmoddi4.o)
                0x000000000800440c                __exidx_end = .
                0x000000000800440c                . = ALIGN (0x4)

.rel.dyn        0x000000000800440c        0x0
 .rel.iplt      0x000000000800440c        0x0 /Applications/STM32CubeIDE.app/Contents/Eclipse/plugins/com.st.stm32cube.ide.mcu.externaltools.gnu-tools-for-stm32.11.3.rel1.macos64_1.1.100.202310310803/tools/bin/../lib/gcc/arm-none-eabi/11.3.1/thumb/v7e-m+fp/hard/crtbegin.o

.preinit_array  0x000000000800440c        0x0
                0x000000000800440c                . = ALIGN (0x4)
                0x000000000800440c                PROVIDE (__preinit_array_start = .)
 *(.preinit_array*)
                0x000000000800440c                PROVIDE (__preinit_array_end = .)
                0x000000000800440c                . = ALIGN (0x4)

.init_array     0x000000000800440c        0x4
                0x000000000800440c                . = ALIGN (0x4)
                0x000000000800440c                PROVIDE (__init_array_start = .)
 *(SORT_BY_NAME(.init_array.*))
 *(.init_array*)
 .init_array    0x000000000800440c        0x4 /Applications/STM32CubeIDE.app/Contents/Eclipse/plugins/com.st.stm32cube.ide.mcu.externaltools.gnu-tools-for-stm32.11.3.rel1.macos64_1.1.100.202310310803/tools/bin/../lib/gcc/arm-none-eabi/11.3.1/thumb/v7e-m+fp/hard/crtbegin.o
                0x0000000008004410                PROVIDE (__init_array_end = .)
                0x0000000008004410                . = ALIGN (0x4)

.fini_array     0x0000000008004410        0x4
                0x0000000008004410                . = ALIGN (0x4)
                [!provide]                        PROVIDE (__fini_array_start = .)
 *(SORT_BY_NAME(.fini_array.*))
 *(.fini_array*)
 .fini_array    0x0000000008004410        0x4 /Applications/STM32CubeIDE.app/Contents/Eclipse/plugins/com.st.stm32cube.ide.mcu.externaltools.gnu-tools-for-stm32.11.3.rel1.macos64_1.1.100.202310310803/tools/bin/../lib/gcc/arm-none-eabi/11.3.1/thumb/v7e-m+fp/hard/crtbegin.o
                [!provide]                        PROVIDE (__fini_array_end = .)
                0x0000000008004414                . = ALIGN (0x4)
                0x0000000008004414                _sidata = LOADADDR (.data)

.data           0x0000000020000000       0x14 load address 0x0000000008004414
                0x0000000020000000                . = ALIGN (0x4)
                0x0000000020000000                _sdata = .
 *(.data)
 *(.data*)
 .data.SystemCoreClock
                0x0000000020000000        0x4 ./Core/Src/system_stm32f4xx.o
                0x0000000020000000                SystemCoreClock
 .data.flashAddress
                0x0000000020000004        0x4 ./CustomLib/flashProgram/flashProgram.o
                0x0000000020000004                flashAddress
 .data.Cluster.1
                0x0000000020000008        0x4 ./CustomLib/mySdFat/mySdFat.o
 .data.uwTickPrio
                0x000000002000000c        0x4 ./Drivers/STM32F4xx_HAL_Driver/Src/stm32f4xx_hal.o
                0x000000002000000c                uwTickPrio
 .data.uwTickFreq
                0x0000000020000010        0x1 ./Drivers/STM32F4xx_HAL_Driver/Src/stm32f4xx_hal.o
                0x0000000020000010                uwTickFreq
 *(.RamFunc)
 *(.RamFunc*)
                0x0000000020000014                . = ALIGN (0x4)
 *fill*         0x0000000020000011        0x3 
                0x0000000020000014                _edata = .

.igot.plt       0x0000000020000014        0x0 load address 0x0000000008004428
 .igot.plt      0x0000000020000014        0x0 /Applications/STM32CubeIDE.app/Contents/Eclipse/plugins/com.st.stm32cube.ide.mcu.externaltools.gnu-tools-for-stm32.11.3.rel1.macos64_1.1.100.202310310803/tools/bin/../lib/gcc/arm-none-eabi/11.3.1/thumb/v7e-m+fp/hard/crtbegin.o
                0x0000000020000014                . = ALIGN (0x4)

.bss            0x0000000020000014      0x398 load address 0x0000000008004428
                0x0000000020000014                _sbss = .
                0x0000000020000014                __bss_start__ = _sbss
 *(.bss)
 .bss           0x0000000020000014       0x1c /Applications/STM32CubeIDE.app/Contents/Eclipse/plugins/com.st.stm32cube.ide.mcu.externaltools.gnu-tools-for-stm32.11.3.rel1.macos64_1.1.100.202310310803/tools/bin/../lib/gcc/arm-none-eabi/11.3.1/thumb/v7e-m+fp/hard/crtbegin.o
 *(.bss*)
 .bss.blinkCnt  0x0000000020000030        0x1 ./Core/Src/main.o
                0x0000000020000030                blinkCnt
 *fill*         0x0000000020000031        0x3 
 .bss.hspi1     0x0000000020000034       0x58 ./CustomLib/SD_driver/SD_driver.o
                0x0000000020000034                hspi1
 .bss.appFile   0x000000002000008c       0x2c ./CustomLib/flashProgram/flashProgram.o
                0x000000002000008c                appFile
 .bss.wordBuf   0x00000000200000b8        0x4 ./CustomLib/flashProgram/flashProgram.o
                0x00000000200000b8                wordBuf
 .bss.byteCnt   0x00000000200000bc        0x4 ./CustomLib/flashProgram/flashProgram.o
                0x00000000200000bc                byteCnt
 .bss.bufIndex  0x00000000200000c0        0x1 ./CustomLib/flashProgram/flashProgram.o
                0x00000000200000c0                bufIndex
 *fill*         0x00000000200000c1        0x3 
 .bss.params    0x00000000200000c4       0x28 ./CustomLib/mySdFat/mySdFat.o
                0x00000000200000c4                params
 .bss.SD_buff   0x00000000200000ec      0x200 ./CustomLib/mySdFat/mySdFat.o
                0x00000000200000ec                SD_buff
 .bss.FatStartSector
                0x00000000200002ec        0x4 ./CustomLib/mySdFat/mySdFat.o
                0x00000000200002ec                FatStartSector
 .bss.FatSectorsCnt
                0x00000000200002f0        0x4 ./CustomLib/mySdFat/mySdFat.o
                0x00000000200002f0                FatSectorsCnt
 .bss.RootDirStartSector
                0x00000000200002f4        0x4 ./CustomLib/mySdFat/mySdFat.o
                0x00000000200002f4                RootDirStartSector
 .bss.RootDirSectors
                0x00000000200002f8        0x4 ./CustomLib/mySdFat/mySdFat.o
                0x00000000200002f8                RootDirSectors
 .bss.DataStartSector
                0x00000000200002fc        0x4 ./CustomLib/mySdFat/mySdFat.o
                0x00000000200002fc                DataStartSector
 .bss.DataSectorsCnt
                0x0000000020000300        0x4 ./CustomLib/mySdFat/mySdFat.o
                0x0000000020000300                DataSectorsCnt
 .bss.fileName  0x0000000020000304       0x80 ./CustomLib/mySdFat/mySdFat.o
                0x0000000020000304                fileName
 .bss.fileNameIndex
                0x0000000020000384        0x1 ./CustomLib/mySdFat/mySdFat.o
                0x0000000020000384                fileNameIndex
 .bss.readStarted.0
                0x0000000020000385        0x1 ./CustomLib/mySdFat/mySdFat.o
 *fill*         0x0000000020000386        0x2 
 .bss.uwTick    0x0000000020000388        0x4 ./Drivers/STM32F4xx_HAL_Driver/Src/stm32f4xx_hal.o
                0x0000000020000388                uwTick
 .bss.pFlash    0x000000002000038c       0x20 ./Drivers/STM32F4xx_HAL_Driver/Src/stm32f4xx_hal_flash.o
                0x000000002000038c                pFlash
 *(COMMON)
                0x00000000200003ac                . = ALIGN (0x4)
                0x00000000200003ac                _ebss = .
                0x00000000200003ac                __bss_end__ = _ebss

._user_heap_stack
                0x00000000200003ac      0x604 load address 0x0000000008004428
                0x00000000200003b0                . = ALIGN (0x8)
 *fill*         0x00000000200003ac        0x4 
                [!provide]                        PROVIDE (end = .)
                0x00000000200003b0                PROVIDE (_end = .)
                0x00000000200005b0                . = (. + _Min_Heap_Size)
 *fill*         0x00000000200003b0      0x200 
                0x00000000200009b0                . = (. + _Min_Stack_Size)
 *fill*         0x00000000200005b0      0x400 
                0x00000000200009b0                . = ALIGN (0x8)

/DISCARD/
 libc.a(*)
 libm.a(*)
 libgcc.a(*)

.ARM.attributes
                0x0000000000000000       0x30
 *(.ARM.attributes)
 .ARM.attributes
                0x0000000000000000       0x1e /Applications/STM32CubeIDE.app/Contents/Eclipse/plugins/com.st.stm32cube.ide.mcu.externaltools.gnu-tools-for-stm32.11.3.rel1.macos64_1.1.100.202310310803/tools/bin/../lib/gcc/arm-none-eabi/11.3.1/thumb/v7e-m+fp/hard/crti.o
 .ARM.attributes
                0x000000000000001e       0x34 /Applications/STM32CubeIDE.app/Contents/Eclipse/plugins/com.st.stm32cube.ide.mcu.externaltools.gnu-tools-for-stm32.11.3.rel1.macos64_1.1.100.202310310803/tools/bin/../lib/gcc/arm-none-eabi/11.3.1/thumb/v7e-m+fp/hard/crtbegin.o
 .ARM.attributes
                0x0000000000000052       0x34 ./Core/Src/main.o
 .ARM.attributes
                0x0000000000000086       0x34 ./Core/Src/stm32f4xx_hal_msp.o
 .ARM.attributes
                0x00000000000000ba       0x34 ./Core/Src/stm32f4xx_it.o
 .ARM.attributes
                0x00000000000000ee       0x34 ./Core/Src/system_stm32f4xx.o
 .ARM.attributes
                0x0000000000000122       0x21 ./Core/Startup/startup_stm32f401ccux.o
 .ARM.attributes
                0x0000000000000143       0x34 ./CustomLib/SD_driver/SD_driver.o
 .ARM.attributes
                0x0000000000000177       0x34 ./CustomLib/flashProgram/flashProgram.o
 .ARM.attributes
                0x00000000000001ab       0x34 ./CustomLib/mySdFat/mySdFat.o
 .ARM.attributes
                0x00000000000001df       0x34 ./Drivers/STM32F4xx_HAL_Driver/Src/stm32f4xx_hal.o
 .ARM.attributes
                0x0000000000000213       0x34 ./Drivers/STM32F4xx_HAL_Driver/Src/stm32f4xx_hal_cortex.o
 .ARM.attributes
                0x0000000000000247       0x34 ./Drivers/STM32F4xx_HAL_Driver/Src/stm32f4xx_hal_flash.o
 .ARM.attributes
                0x000000000000027b       0x34 ./Drivers/STM32F4xx_HAL_Driver/Src/stm32f4xx_hal_flash_ex.o
 .ARM.attributes
                0x00000000000002af       0x34 ./Drivers/STM32F4xx_HAL_Driver/Src/stm32f4xx_hal_gpio.o
 .ARM.attributes
                0x00000000000002e3       0x34 ./Drivers/STM32F4xx_HAL_Driver/Src/stm32f4xx_hal_rcc.o
 .ARM.attributes
                0x0000000000000317       0x34 ./Drivers/STM32F4xx_HAL_Driver/Src/stm32f4xx_hal_rcc_ex.o
 .ARM.attributes
                0x000000000000034b       0x34 ./Drivers/STM32F4xx_HAL_Driver/Src/stm32f4xx_hal_spi.o
 .ARM.attributes
                0x000000000000037f       0x34 /Applications/STM32CubeIDE.app/Contents/Eclipse/plugins/com.st.stm32cube.ide.mcu.externaltools.gnu-tools-for-stm32.11.3.rel1.macos64_1.1.100.202310310803/tools/bin/../lib/gcc/arm-none-eabi/11.3.1/../../../../arm-none-eabi/lib/thumb/v7e-m+fp/hard/libc_nano.a(libc_a-memset.o)
 .ARM.attributes
                0x00000000000003b3       0x34 /Applications/STM32CubeIDE.app/Contents/Eclipse/plugins/com.st.stm32cube.ide.mcu.externaltools.gnu-tools-for-stm32.11.3.rel1.macos64_1.1.100.202310310803/tools/bin/../lib/gcc/arm-none-eabi/11.3.1/../../../../arm-none-eabi/lib/thumb/v7e-m+fp/hard/libc_nano.a(libc_a-init.o)
 .ARM.attributes
                0x00000000000003e7       0x17 /Applications/STM32CubeIDE.app/Contents/Eclipse/plugins/com.st.stm32cube.ide.mcu.externaltools.gnu-tools-for-stm32.11.3.rel1.macos64_1.1.100.202310310803/tools/bin/../lib/gcc/arm-none-eabi/11.3.1/../../../../arm-none-eabi/lib/thumb/v7e-m+fp/hard/libc_nano.a(libc_a-strlen.o)
 .ARM.attributes
                0x00000000000003fe       0x1e /Applications/STM32CubeIDE.app/Contents/Eclipse/plugins/com.st.stm32cube.ide.mcu.externaltools.gnu-tools-for-stm32.11.3.rel1.macos64_1.1.100.202310310803/tools/bin/../lib/gcc/arm-none-eabi/11.3.1/thumb/v7e-m+fp/hard/libgcc.a(_aeabi_uldivmod.o)
 .ARM.attributes
                0x000000000000041c       0x34 /Applications/STM32CubeIDE.app/Contents/Eclipse/plugins/com.st.stm32cube.ide.mcu.externaltools.gnu-tools-for-stm32.11.3.rel1.macos64_1.1.100.202310310803/tools/bin/../lib/gcc/arm-none-eabi/11.3.1/thumb/v7e-m+fp/hard/libgcc.a(_udivmoddi4.o)
 .ARM.attributes
                0x0000000000000450       0x1e /Applications/STM32CubeIDE.app/Contents/Eclipse/plugins/com.st.stm32cube.ide.mcu.externaltools.gnu-tools-for-stm32.11.3.rel1.macos64_1.1.100.202310310803/tools/bin/../lib/gcc/arm-none-eabi/11.3.1/thumb/v7e-m+fp/hard/libgcc.a(_dvmd_tls.o)
 .ARM.attributes
                0x000000000000046e       0x1e /Applications/STM32CubeIDE.app/Contents/Eclipse/plugins/com.st.stm32cube.ide.mcu.externaltools.gnu-tools-for-stm32.11.3.rel1.macos64_1.1.100.202310310803/tools/bin/../lib/gcc/arm-none-eabi/11.3.1/thumb/v7e-m+fp/hard/crtn.o
OUTPUT(Bootloader.elf elf32-littlearm)
LOAD linker stubs
LOAD /Applications/STM32CubeIDE.app/Contents/Eclipse/plugins/com.st.stm32cube.ide.mcu.externaltools.gnu-tools-for-stm32.11.3.rel1.macos64_1.1.100.202310310803/tools/bin/../lib/gcc/arm-none-eabi/11.3.1/../../../../arm-none-eabi/lib/thumb/v7e-m+fp/hard/libc.a
LOAD /Applications/STM32CubeIDE.app/Contents/Eclipse/plugins/com.st.stm32cube.ide.mcu.externaltools.gnu-tools-for-stm32.11.3.rel1.macos64_1.1.100.202310310803/tools/bin/../lib/gcc/arm-none-eabi/11.3.1/../../../../arm-none-eabi/lib/thumb/v7e-m+fp/hard/libm.a
LOAD /Applications/STM32CubeIDE.app/Contents/Eclipse/plugins/com.st.stm32cube.ide.mcu.externaltools.gnu-tools-for-stm32.11.3.rel1.macos64_1.1.100.202310310803/tools/bin/../lib/gcc/arm-none-eabi/11.3.1/thumb/v7e-m+fp/hard/libgcc.a

.comment        0x0000000000000000       0x43
 .comment       0x0000000000000000       0x43 /Applications/STM32CubeIDE.app/Contents/Eclipse/plugins/com.st.stm32cube.ide.mcu.externaltools.gnu-tools-for-stm32.11.3.rel1.macos64_1.1.100.202310310803/tools/bin/../lib/gcc/arm-none-eabi/11.3.1/thumb/v7e-m+fp/hard/crtbegin.o
                                         0x44 (size before relaxing)
 .comment       0x0000000000000043       0x44 ./Core/Src/main.o
 .comment       0x0000000000000043       0x44 ./Core/Src/stm32f4xx_hal_msp.o
 .comment       0x0000000000000043       0x44 ./Core/Src/stm32f4xx_it.o
 .comment       0x0000000000000043       0x44 ./Core/Src/system_stm32f4xx.o
 .comment       0x0000000000000043       0x44 ./CustomLib/SD_driver/SD_driver.o
 .comment       0x0000000000000043       0x44 ./CustomLib/flashProgram/flashProgram.o
 .comment       0x0000000000000043       0x44 ./CustomLib/mySdFat/mySdFat.o
 .comment       0x0000000000000043       0x44 ./Drivers/STM32F4xx_HAL_Driver/Src/stm32f4xx_hal.o
 .comment       0x0000000000000043       0x44 ./Drivers/STM32F4xx_HAL_Driver/Src/stm32f4xx_hal_cortex.o
 .comment       0x0000000000000043       0x44 ./Drivers/STM32F4xx_HAL_Driver/Src/stm32f4xx_hal_flash.o
 .comment       0x0000000000000043       0x44 ./Drivers/STM32F4xx_HAL_Driver/Src/stm32f4xx_hal_flash_ex.o
 .comment       0x0000000000000043       0x44 ./Drivers/STM32F4xx_HAL_Driver/Src/stm32f4xx_hal_gpio.o
 .comment       0x0000000000000043       0x44 ./Drivers/STM32F4xx_HAL_Driver/Src/stm32f4xx_hal_rcc.o
 .comment       0x0000000000000043       0x44 ./Drivers/STM32F4xx_HAL_Driver/Src/stm32f4xx_hal_rcc_ex.o
 .comment       0x0000000000000043       0x44 ./Drivers/STM32F4xx_HAL_Driver/Src/stm32f4xx_hal_spi.o

.debug_info     0x0000000000000000     0x8f60
 .debug_info    0x0000000000000000      0x853 ./Core/Src/main.o
 .debug_info    0x0000000000000853      0x942 ./Core/Src/stm32f4xx_hal_msp.o
 .debug_info    0x0000000000001195      0x112 ./Core/Src/stm32f4xx_it.o
 .debug_info    0x00000000000012a7      0x53e ./Core/Src/system_stm32f4xx.o
 .debug_info    0x00000000000017e5       0x23 ./Core/Startup/startup_stm32f401ccux.o
 .debug_info    0x0000000000001808      0xe47 ./CustomLib/SD_driver/SD_driver.o
 .debug_info    0x000000000000264f      0x51d ./CustomLib/flashProgram/flashProgram.o
 .debug_info    0x0000000000002b6c     0x15b1 ./CustomLib/mySdFat/mySdFat.o
 .debug_info    0x000000000000411d      0x8bb ./Drivers/STM32F4xx_HAL_Driver/Src/stm32f4xx_hal.o
 .debug_info    0x00000000000049d8      0xcc1 ./Drivers/STM32F4xx_HAL_Driver/Src/stm32f4xx_hal_cortex.o
 .debug_info    0x0000000000005699      0x589 ./Drivers/STM32F4xx_HAL_Driver/Src/stm32f4xx_hal_flash.o
 .debug_info    0x0000000000005c22      0x7d8 ./Drivers/STM32F4xx_HAL_Driver/Src/stm32f4xx_hal_flash_ex.o
 .debug_info    0x00000000000063fa      0x6f9 ./Drivers/STM32F4xx_HAL_Driver/Src/stm32f4xx_hal_gpio.o
 .debug_info    0x0000000000006af3      0x8f3 ./Drivers/STM32F4xx_HAL_Driver/Src/stm32f4xx_hal_rcc.o
 .debug_info    0x00000000000073e6      0x574 ./Drivers/STM32F4xx_HAL_Driver/Src/stm32f4xx_hal_rcc_ex.o
 .debug_info    0x000000000000795a     0x1606 ./Drivers/STM32F4xx_HAL_Driver/Src/stm32f4xx_hal_spi.o

.debug_abbrev   0x0000000000000000     0x2162
 .debug_abbrev  0x0000000000000000      0x282 ./Core/Src/main.o
 .debug_abbrev  0x0000000000000282      0x1a5 ./Core/Src/stm32f4xx_hal_msp.o
 .debug_abbrev  0x0000000000000427       0x73 ./Core/Src/stm32f4xx_it.o
 .debug_abbrev  0x000000000000049a      0x11a ./Core/Src/system_stm32f4xx.o
 .debug_abbrev  0x00000000000005b4       0x12 ./Core/Startup/startup_stm32f401ccux.o
 .debug_abbrev  0x00000000000005c6      0x313 ./CustomLib/SD_driver/SD_driver.o
 .debug_abbrev  0x00000000000008d9      0x1c0 ./CustomLib/flashProgram/flashProgram.o
 .debug_abbrev  0x0000000000000a99      0x3c6 ./CustomLib/mySdFat/mySdFat.o
 .debug_abbrev  0x0000000000000e5f      0x24b ./Drivers/STM32F4xx_HAL_Driver/Src/stm32f4xx_hal.o
 .debug_abbrev  0x00000000000010aa      0x328 ./Drivers/STM32F4xx_HAL_Driver/Src/stm32f4xx_hal_cortex.o
 .debug_abbrev  0x00000000000013d2      0x27c ./Drivers/STM32F4xx_HAL_Driver/Src/stm32f4xx_hal_flash.o
 .debug_abbrev  0x000000000000164e      0x25d ./Drivers/STM32F4xx_HAL_Driver/Src/stm32f4xx_hal_flash_ex.o
 .debug_abbrev  0x00000000000018ab      0x1d3 ./Drivers/STM32F4xx_HAL_Driver/Src/stm32f4xx_hal_gpio.o
 .debug_abbrev  0x0000000000001a7e      0x2b5 ./Drivers/STM32F4xx_HAL_Driver/Src/stm32f4xx_hal_rcc.o
 .debug_abbrev  0x0000000000001d33      0x1af ./Drivers/STM32F4xx_HAL_Driver/Src/stm32f4xx_hal_rcc_ex.o
 .debug_abbrev  0x0000000000001ee2      0x280 ./Drivers/STM32F4xx_HAL_Driver/Src/stm32f4xx_hal_spi.o

.debug_aranges  0x0000000000000000      0xa08
 .debug_aranges
                0x0000000000000000       0x38 ./Core/Src/main.o
 .debug_aranges
                0x0000000000000038       0x30 ./Core/Src/stm32f4xx_hal_msp.o
 .debug_aranges
                0x0000000000000068       0x60 ./Core/Src/stm32f4xx_it.o
 .debug_aranges
                0x00000000000000c8       0x28 ./Core/Src/system_stm32f4xx.o
 .debug_aranges
                0x00000000000000f0       0x28 ./Core/Startup/startup_stm32f401ccux.o
 .debug_aranges
                0x0000000000000118       0xd8 ./CustomLib/SD_driver/SD_driver.o
 .debug_aranges
                0x00000000000001f0       0x48 ./CustomLib/flashProgram/flashProgram.o
 .debug_aranges
                0x0000000000000238      0x160 ./CustomLib/mySdFat/mySdFat.o
 .debug_aranges
                0x0000000000000398       0xf0 ./Drivers/STM32F4xx_HAL_Driver/Src/stm32f4xx_hal.o
 .debug_aranges
                0x0000000000000488      0x120 ./Drivers/STM32F4xx_HAL_Driver/Src/stm32f4xx_hal_cortex.o
 .debug_aranges
                0x00000000000005a8       0xa0 ./Drivers/STM32F4xx_HAL_Driver/Src/stm32f4xx_hal_flash.o
 .debug_aranges
                0x0000000000000648       0xc8 ./Drivers/STM32F4xx_HAL_Driver/Src/stm32f4xx_hal_flash_ex.o
 .debug_aranges
                0x0000000000000710       0x58 ./Drivers/STM32F4xx_HAL_Driver/Src/stm32f4xx_hal_gpio.o
 .debug_aranges
                0x0000000000000768       0x88 ./Drivers/STM32F4xx_HAL_Driver/Src/stm32f4xx_hal_rcc.o
 .debug_aranges
                0x00000000000007f0       0x48 ./Drivers/STM32F4xx_HAL_Driver/Src/stm32f4xx_hal_rcc_ex.o
 .debug_aranges
                0x0000000000000838      0x1d0 ./Drivers/STM32F4xx_HAL_Driver/Src/stm32f4xx_hal_spi.o

.debug_rnglists
                0x0000000000000000      0x7b9
 .debug_rnglists
                0x0000000000000000       0x28 ./Core/Src/main.o
 .debug_rnglists
                0x0000000000000028       0x20 ./Core/Src/stm32f4xx_hal_msp.o
 .debug_rnglists
                0x0000000000000048       0x43 ./Core/Src/stm32f4xx_it.o
 .debug_rnglists
                0x000000000000008b       0x1a ./Core/Src/system_stm32f4xx.o
 .debug_rnglists
                0x00000000000000a5       0x19 ./Core/Startup/startup_stm32f401ccux.o
 .debug_rnglists
                0x00000000000000be       0xa3 ./CustomLib/SD_driver/SD_driver.o
 .debug_rnglists
                0x0000000000000161       0x32 ./CustomLib/flashProgram/flashProgram.o
 .debug_rnglists
                0x0000000000000193      0x14c ./CustomLib/mySdFat/mySdFat.o
 .debug_rnglists
                0x00000000000002df       0xaf ./Drivers/STM32F4xx_HAL_Driver/Src/stm32f4xx_hal.o
 .debug_rnglists
                0x000000000000038e       0xd4 ./Drivers/STM32F4xx_HAL_Driver/Src/stm32f4xx_hal_cortex.o
 .debug_rnglists
                0x0000000000000462       0x78 ./Drivers/STM32F4xx_HAL_Driver/Src/stm32f4xx_hal_flash.o
 .debug_rnglists
                0x00000000000004da       0x96 ./Drivers/STM32F4xx_HAL_Driver/Src/stm32f4xx_hal_flash_ex.o
 .debug_rnglists
                0x0000000000000570       0x3f ./Drivers/STM32F4xx_HAL_Driver/Src/stm32f4xx_hal_gpio.o
 .debug_rnglists
                0x00000000000005af       0x66 ./Drivers/STM32F4xx_HAL_Driver/Src/stm32f4xx_hal_rcc.o
 .debug_rnglists
                0x0000000000000615       0x35 ./Drivers/STM32F4xx_HAL_Driver/Src/stm32f4xx_hal_rcc_ex.o
 .debug_rnglists
                0x000000000000064a      0x16f ./Drivers/STM32F4xx_HAL_Driver/Src/stm32f4xx_hal_spi.o

.debug_macro    0x0000000000000000    0x1559f
 .debug_macro   0x0000000000000000      0x1dc ./Core/Src/main.o
 .debug_macro   0x00000000000001dc      0xaa8 ./Core/Src/main.o
 .debug_macro   0x0000000000000c84      0x295 ./Core/Src/main.o
 .debug_macro   0x0000000000000f19       0x2e ./Core/Src/main.o
 .debug_macro   0x0000000000000f47       0x28 ./Core/Src/main.o
 .debug_macro   0x0000000000000f6f       0x22 ./Core/Src/main.o
 .debug_macro   0x0000000000000f91       0x8e ./Core/Src/main.o
 .debug_macro   0x000000000000101f       0x51 ./Core/Src/main.o
 .debug_macro   0x0000000000001070      0x103 ./Core/Src/main.o
 .debug_macro   0x0000000000001173       0x6a ./Core/Src/main.o
 .debug_macro   0x00000000000011dd      0x1df ./Core/Src/main.o
 .debug_macro   0x00000000000013bc       0x1c ./Core/Src/main.o
 .debug_macro   0x00000000000013d8       0x22 ./Core/Src/main.o
 .debug_macro   0x00000000000013fa       0xfb ./Core/Src/main.o
 .debug_macro   0x00000000000014f5     0x1011 ./Core/Src/main.o
 .debug_macro   0x0000000000002506      0x11f ./Core/Src/main.o
 .debug_macro   0x0000000000002625     0xb86c ./Core/Src/main.o
 .debug_macro   0x000000000000de91       0x6d ./Core/Src/main.o
 .debug_macro   0x000000000000defe     0x368c ./Core/Src/main.o
 .debug_macro   0x000000000001158a      0x174 ./Core/Src/main.o
 .debug_macro   0x00000000000116fe       0x5c ./Core/Src/main.o
 .debug_macro   0x000000000001175a      0x416 ./Core/Src/main.o
 .debug_macro   0x0000000000011b70      0x9e9 ./Core/Src/main.o
 .debug_macro   0x0000000000012559      0x115 ./Core/Src/main.o
 .debug_macro   0x000000000001266e       0xf8 ./Core/Src/main.o
 .debug_macro   0x0000000000012766       0xa5 ./Core/Src/main.o
 .debug_macro   0x000000000001280b      0x15f ./Core/Src/main.o
 .debug_macro   0x000000000001296a      0x287 ./Core/Src/main.o
 .debug_macro   0x0000000000012bf1       0x5f ./Core/Src/main.o
 .debug_macro   0x0000000000012c50      0x236 ./Core/Src/main.o
 .debug_macro   0x0000000000012e86      0x132 ./Core/Src/main.o
 .debug_macro   0x0000000000012fb8      0x23a ./Core/Src/main.o
 .debug_macro   0x00000000000131f2       0x2e ./Core/Src/main.o
 .debug_macro   0x0000000000013220      0x127 ./Core/Src/main.o
 .debug_macro   0x0000000000013347       0x85 ./Core/Src/main.o
 .debug_macro   0x00000000000133cc       0x89 ./Core/Src/main.o
 .debug_macro   0x0000000000013455      0x225 ./Core/Src/main.o
 .debug_macro   0x000000000001367a      0x126 ./Core/Src/main.o
 .debug_macro   0x00000000000137a0       0x22 ./Core/Src/main.o
 .debug_macro   0x00000000000137c2       0x16 ./Core/Src/main.o
 .debug_macro   0x00000000000137d8      0x1c4 ./Core/Src/stm32f4xx_hal_msp.o
 .debug_macro   0x000000000001399c      0x1ce ./Core/Src/stm32f4xx_it.o
 .debug_macro   0x0000000000013b6a      0x1ba ./Core/Src/system_stm32f4xx.o
 .debug_macro   0x0000000000013d24      0x34b ./CustomLib/SD_driver/SD_driver.o
 .debug_macro   0x000000000001406f      0x2ae ./CustomLib/flashProgram/flashProgram.o
 .debug_macro   0x000000000001431d       0x61 ./CustomLib/flashProgram/flashProgram.o
 .debug_macro   0x000000000001437e       0x10 ./CustomLib/flashProgram/flashProgram.o
 .debug_macro   0x000000000001438e       0x20 ./CustomLib/flashProgram/flashProgram.o
 .debug_macro   0x00000000000143ae      0x1cb ./CustomLib/mySdFat/mySdFat.o
 .debug_macro   0x0000000000014579      0x10e ./CustomLib/mySdFat/mySdFat.o
 .debug_macro   0x0000000000014687       0x8d ./CustomLib/mySdFat/mySdFat.o
 .debug_macro   0x0000000000014714       0x16 ./CustomLib/mySdFat/mySdFat.o
 .debug_macro   0x000000000001472a      0x21a ./Drivers/STM32F4xx_HAL_Driver/Src/stm32f4xx_hal.o
 .debug_macro   0x0000000000014944      0x1ba ./Drivers/STM32F4xx_HAL_Driver/Src/stm32f4xx_hal_cortex.o
 .debug_macro   0x0000000000014afe      0x1c0 ./Drivers/STM32F4xx_HAL_Driver/Src/stm32f4xx_hal_flash.o
 .debug_macro   0x0000000000014cbe      0x1c0 ./Drivers/STM32F4xx_HAL_Driver/Src/stm32f4xx_hal_flash_ex.o
 .debug_macro   0x0000000000014e7e      0x1c0 ./Drivers/STM32F4xx_HAL_Driver/Src/stm32f4xx_hal_gpio.o
 .debug_macro   0x000000000001503e      0x1de ./Drivers/STM32F4xx_HAL_Driver/Src/stm32f4xx_hal_rcc.o
 .debug_macro   0x000000000001521c      0x1ba ./Drivers/STM32F4xx_HAL_Driver/Src/stm32f4xx_hal_rcc_ex.o
 .debug_macro   0x00000000000153d6      0x1c9 ./Drivers/STM32F4xx_HAL_Driver/Src/stm32f4xx_hal_spi.o

.debug_line     0x0000000000000000     0xb595
 .debug_line    0x0000000000000000      0x7fe ./Core/Src/main.o
 .debug_line    0x00000000000007fe      0x6ff ./Core/Src/stm32f4xx_hal_msp.o
 .debug_line    0x0000000000000efd      0x774 ./Core/Src/stm32f4xx_it.o
 .debug_line    0x0000000000001671      0x733 ./Core/Src/system_stm32f4xx.o
 .debug_line    0x0000000000001da4       0x7a ./Core/Startup/startup_stm32f401ccux.o
 .debug_line    0x0000000000001e1e      0xcc3 ./CustomLib/SD_driver/SD_driver.o
 .debug_line    0x0000000000002ae1      0x950 ./CustomLib/flashProgram/flashProgram.o
 .debug_line    0x0000000000003431     0x17d6 ./CustomLib/mySdFat/mySdFat.o
 .debug_line    0x0000000000004c07      0x999 ./Drivers/STM32F4xx_HAL_Driver/Src/stm32f4xx_hal.o
 .debug_line    0x00000000000055a0      0xc65 ./Drivers/STM32F4xx_HAL_Driver/Src/stm32f4xx_hal_cortex.o
 .debug_line    0x0000000000006205      0xa38 ./Drivers/STM32F4xx_HAL_Driver/Src/stm32f4xx_hal_flash.o
 .debug_line    0x0000000000006c3d      0xb3d ./Drivers/STM32F4xx_HAL_Driver/Src/stm32f4xx_hal_flash_ex.o
 .debug_line    0x000000000000777a      0xad1 ./Drivers/STM32F4xx_HAL_Driver/Src/stm32f4xx_hal_gpio.o
 .debug_line    0x000000000000824b      0xd10 ./Drivers/STM32F4xx_HAL_Driver/Src/stm32f4xx_hal_rcc.o
 .debug_line    0x0000000000008f5b      0x9ca ./Drivers/STM32F4xx_HAL_Driver/Src/stm32f4xx_hal_rcc_ex.o
 .debug_line    0x0000000000009925     0x1c70 ./Drivers/STM32F4xx_HAL_Driver/Src/stm32f4xx_hal_spi.o

.debug_str      0x0000000000000000    0x8511d
 .debug_str     0x0000000000000000    0x7eadc ./Core/Src/main.o
                                      0x7ed78 (size before relaxing)
 .debug_str     0x000000000007eadc      0x42b ./Core/Src/stm32f4xx_hal_msp.o
                                      0x7ee32 (size before relaxing)
 .debug_str     0x000000000007ef07       0xc9 ./Core/Src/stm32f4xx_it.o
                                      0x7e8ab (size before relaxing)
 .debug_str     0x000000000007efd0       0xdb ./Core/Src/system_stm32f4xx.o
                                      0x7e9e7 (size before relaxing)
 .debug_str     0x000000000007f0ab       0x34 ./Core/Startup/startup_stm32f401ccux.o
                                         0x73 (size before relaxing)
 .debug_str     0x000000000007f0df      0x803 ./CustomLib/SD_driver/SD_driver.o
                                      0x7f5b1 (size before relaxing)
 .debug_str     0x000000000007f8e2     0x3398 ./CustomLib/flashProgram/flashProgram.o
                                      0x81d63 (size before relaxing)
 .debug_str     0x0000000000082c7a      0x86a ./CustomLib/mySdFat/mySdFat.o
                                       0x7c9b (size before relaxing)
 .debug_str     0x00000000000834e4      0x981 ./Drivers/STM32F4xx_HAL_Driver/Src/stm32f4xx_hal.o
                                      0x7f409 (size before relaxing)
 .debug_str     0x0000000000083e65      0x355 ./Drivers/STM32F4xx_HAL_Driver/Src/stm32f4xx_hal_cortex.o
                                      0x7f141 (size before relaxing)
 .debug_str     0x00000000000841ba      0x291 ./Drivers/STM32F4xx_HAL_Driver/Src/stm32f4xx_hal_flash.o
                                      0x7ebc5 (size before relaxing)
 .debug_str     0x000000000008444b      0x29c ./Drivers/STM32F4xx_HAL_Driver/Src/stm32f4xx_hal_flash_ex.o
                                      0x7ece8 (size before relaxing)
 .debug_str     0x00000000000846e7      0x109 ./Drivers/STM32F4xx_HAL_Driver/Src/stm32f4xx_hal_gpio.o
                                      0x7eb62 (size before relaxing)
 .debug_str     0x00000000000847f0      0x219 ./Drivers/STM32F4xx_HAL_Driver/Src/stm32f4xx_hal_rcc.o
                                      0x7ee1b (size before relaxing)
 .debug_str     0x0000000000084a09      0x18a ./Drivers/STM32F4xx_HAL_Driver/Src/stm32f4xx_hal_rcc_ex.o
                                      0x7eb4a (size before relaxing)
 .debug_str     0x0000000000084b93      0x58a ./Drivers/STM32F4xx_HAL_Driver/Src/stm32f4xx_hal_spi.o
                                      0x7f299 (size before relaxing)

.debug_frame    0x0000000000000000     0x283c
 .debug_frame   0x0000000000000000       0x94 ./Core/Src/main.o
 .debug_frame   0x0000000000000094       0x80 ./Core/Src/stm32f4xx_hal_msp.o
 .debug_frame   0x0000000000000114      0x104 ./Core/Src/stm32f4xx_it.o
 .debug_frame   0x0000000000000218       0x58 ./Core/Src/system_stm32f4xx.o
 .debug_frame   0x0000000000000270      0x364 ./CustomLib/SD_driver/SD_driver.o
 .debug_frame   0x00000000000005d4       0xe8 ./CustomLib/flashProgram/flashProgram.o
 .debug_frame   0x00000000000006bc      0x6a8 ./CustomLib/mySdFat/mySdFat.o
 .debug_frame   0x0000000000000d64      0x374 ./Drivers/STM32F4xx_HAL_Driver/Src/stm32f4xx_hal.o
 .debug_frame   0x00000000000010d8      0x4b8 ./Drivers/STM32F4xx_HAL_Driver/Src/stm32f4xx_hal_cortex.o
 .debug_frame   0x0000000000001590      0x274 ./Drivers/STM32F4xx_HAL_Driver/Src/stm32f4xx_hal_flash.o
 .debug_frame   0x0000000000001804      0x334 ./Drivers/STM32F4xx_HAL_Driver/Src/stm32f4xx_hal_flash_ex.o
 .debug_frame   0x0000000000001b38      0x14c ./Drivers/STM32F4xx_HAL_Driver/Src/stm32f4xx_hal_gpio.o
 .debug_frame   0x0000000000001c84      0x1f4 ./Drivers/STM32F4xx_HAL_Driver/Src/stm32f4xx_hal_rcc.o
 .debug_frame   0x0000000000001e78       0xf0 ./Drivers/STM32F4xx_HAL_Driver/Src/stm32f4xx_hal_rcc_ex.o
 .debug_frame   0x0000000000001f68      0x828 ./Drivers/STM32F4xx_HAL_Driver/Src/stm32f4xx_hal_spi.o
 .debug_frame   0x0000000000002790       0x20 /Applications/STM32CubeIDE.app/Contents/Eclipse/plugins/com.st.stm32cube.ide.mcu.externaltools.gnu-tools-for-stm32.11.3.rel1.macos64_1.1.100.202310310803/tools/bin/../lib/gcc/arm-none-eabi/11.3.1/../../../../arm-none-eabi/lib/thumb/v7e-m+fp/hard/libc_nano.a(libc_a-memset.o)
 .debug_frame   0x00000000000027b0       0x2c /Applications/STM32CubeIDE.app/Contents/Eclipse/plugins/com.st.stm32cube.ide.mcu.externaltools.gnu-tools-for-stm32.11.3.rel1.macos64_1.1.100.202310310803/tools/bin/../lib/gcc/arm-none-eabi/11.3.1/../../../../arm-none-eabi/lib/thumb/v7e-m+fp/hard/libc_nano.a(libc_a-init.o)
 .debug_frame   0x00000000000027dc       0x2c /Applications/STM32CubeIDE.app/Contents/Eclipse/plugins/com.st.stm32cube.ide.mcu.externaltools.gnu-tools-for-stm32.11.3.rel1.macos64_1.1.100.202310310803/tools/bin/../lib/gcc/arm-none-eabi/11.3.1/thumb/v7e-m+fp/hard/libgcc.a(_aeabi_uldivmod.o)
 .debug_frame   0x0000000000002808       0x34 /Applications/STM32CubeIDE.app/Contents/Eclipse/plugins/com.st.stm32cube.ide.mcu.externaltools.gnu-tools-for-stm32.11.3.rel1.macos64_1.1.100.202310310803/tools/bin/../lib/gcc/arm-none-eabi/11.3.1/thumb/v7e-m+fp/hard/libgcc.a(_udivmoddi4.o)

.debug_line_str
                0x0000000000000000       0x67
 .debug_line_str
                0x0000000000000000       0x67 ./Core/Startup/startup_stm32f401ccux.o
                                         0x7f (size before relaxing)
