../CustomLib/mySdFat/mySdFat.c:150:17:startSecOfClus	0	static
../CustomLib/mySdFat/mySdFat.c:780:16:fileNameLength	8	static
../CustomLib/mySdFat/mySdFat.c:790:13:allLowerCase	16	static
../CustomLib/mySdFat/mySdFat.c:141:13:fatSetNextClus	16	static
../CustomLib/mySdFat/mySdFat.c:799:13:mixedLetters	16	static
../CustomLib/mySdFat/mySdFat.c:132:17:fatNextClus	16	static
../CustomLib/mySdFat/mySdFat.c:837:17:getNxtFreeClus	16	static
../CustomLib/mySdFat/mySdFat.c:481:13:printContent.isra	32	static
../CustomLib/mySdFat/mySdFat.c:652:21:getFreeEntry.isra	48	static
../CustomLib/mySdFat/mySdFat.c:205:10:startCluster	0	static
../CustomLib/mySdFat/mySdFat.c:215:6:isDirectory	0	static
../CustomLib/mySdFat/mySdFat.c:219:6:isEndOfDir	0	static
../CustomLib/mySdFat/mySdFat.c:223:6:isValidFile	0	static
../CustomLib/mySdFat/mySdFat.c:232:9:fileLfnEntCnt	0	static
../CustomLib/mySdFat/mySdFat.c:236:10:fileSize	0	static
../CustomLib/mySdFat/mySdFat.c:240:8:rootDir	16	static
../CustomLib/mySdFat/mySdFat.c:254:8:nextFile	104	dynamic
../CustomLib/mySdFat/mySdFat.c:423:15:fileExists	72	static
../CustomLib/mySdFat/mySdFat.c:442:8:pathExists	160	static
../CustomLib/mySdFat/mySdFat.c:854:15:createFile	256	static
../CustomLib/mySdFat/mySdFat.c:468:7:getExtension	16	static
../CustomLib/mySdFat/mySdFat.c:510:6:fileClose	8	static
../CustomLib/mySdFat/mySdFat.c:515:6:isClosed	0	static
../CustomLib/mySdFat/mySdFat.c:521:6:fileReset	8	static
../CustomLib/mySdFat/mySdFat.c:530:9:readByte	24	static
../CustomLib/mySdFat/mySdFat.c:574:6:readFile	112	static
../CustomLib/mySdFat/mySdFat.c:591:6:listDir	104	static
../CustomLib/mySdFat/mySdFat.c:614:6:listDir_recursive	120	static
../CustomLib/mySdFat/mySdFat.c:1010:8:fileOpen	8	static
../CustomLib/mySdFat/mySdFat.c:1014:8:createDirectory	168	static
../CustomLib/mySdFat/mySdFat.c:1057:6:fileWrite	40	static
../CustomLib/mySdFat/mySdFat.c:1118:6:fileDelete	112	static
../CustomLib/mySdFat/mySdFat.c:1176:6:mySdFat_init	24	static
