../Core/Src/main.c:77:6:rx_cb_0	16	static
../Core/Src/main.c:83:6:mqtt_cb	16	static
../Core/Src/main.c:89:13:mqtt_config	32	static
../Core/Src/main.c:105:13:mqtt_connect	24	static
../Core/Src/main.c:114:13:mqtt_subscribe	24	static
../Core/Src/main.c:129:5:main	16	static
../Core/Src/main.c:207:6:SystemClock_Config	88	static
../Core/Src/main.c:250:13:MX_TIM2_Init	32	static
../Core/Src/main.c:292:13:MX_USART1_UART_Init	8	static
../Core/Src/main.c:323:13:MX_GPIO_Init	48	static
../Core/Src/main.c:356:6:Error_Handler	4	static,ignoring_inline_asm
