../CustomLib/mySdFat/mySdFat.c:51:13:getBootSecParams	8	static
../CustomLib/mySdFat/mySdFat.c:99:16:getFatType	16	static
../CustomLib/mySdFat/mySdFat.c:118:20:fatEntLocation	24	static
../CustomLib/mySdFat/mySdFat.c:132:17:fatNextClus	32	static
../CustomLib/mySdFat/mySdFat.c:141:13:fatSetNextClus	32	static
../CustomLib/mySdFat/mySdFat.c:150:17:startSecOfClus	16	static
../CustomLib/mySdFat/mySdFat.c:154:13:getShortFileName	16	static
../CustomLib/mySdFat/mySdFat.c:182:10:startCluster	16	static
../CustomLib/mySdFat/mySdFat.c:188:20:isFreeEntry	8	static
../CustomLib/mySdFat/mySdFat.c:192:6:isDirectory	8	static
../CustomLib/mySdFat/mySdFat.c:198:6:isEndOfDir	8	static
../CustomLib/mySdFat/mySdFat.c:202:6:isValidFile	48	static
../CustomLib/mySdFat/mySdFat.c:209:13:LFN_Entry	8	static
../CustomLib/mySdFat/mySdFat.c:216:9:fileLfnEntCnt	16	static
../CustomLib/mySdFat/mySdFat.c:220:10:fileSize	16	static
../CustomLib/mySdFat/mySdFat.c:224:8:rootDir	72	static
../CustomLib/mySdFat/mySdFat.c:238:8:nextFile	216	dynamic
../CustomLib/mySdFat/mySdFat.c:381:15:fileExists	152	static
../CustomLib/mySdFat/mySdFat.c:397:8:pathExists	208	static
../CustomLib/mySdFat/mySdFat.c:424:7:getExtension	32	static
../CustomLib/mySdFat/mySdFat.c:437:6:fileClose	16	static
../CustomLib/mySdFat/mySdFat.c:442:6:isClosed	64	static
../CustomLib/mySdFat/mySdFat.c:448:6:fileReset	16	static
../CustomLib/mySdFat/mySdFat.c:457:9:readByte	64	static
../CustomLib/mySdFat/mySdFat.c:501:13:fileSetStartClus	16	static
../CustomLib/mySdFat/mySdFat.c:507:13:fileSetDate	16	static
../CustomLib/mySdFat/mySdFat.c:515:13:fileSetTime	16	static
../CustomLib/mySdFat/mySdFat.c:522:21:getFreeEntry	120	static
../CustomLib/mySdFat/mySdFat.c:596:13:get_datetime_numerical	40	static
../CustomLib/mySdFat/mySdFat.c:650:16:fileNameLength	32	static
../CustomLib/mySdFat/mySdFat.c:660:13:allLowerCase	24	static
../CustomLib/mySdFat/mySdFat.c:669:13:mixedLetters	24	static
../CustomLib/mySdFat/mySdFat.c:680:16:create_sum	24	static
../CustomLib/mySdFat/mySdFat.c:693:13:updateFSInfo	24	static
../CustomLib/mySdFat/mySdFat.c:707:17:getNxtFreeClus	16	static
../CustomLib/mySdFat/mySdFat.c:724:15:createFile	304	static
../CustomLib/mySdFat/mySdFat.c:878:8:fileOpen	24	static
../CustomLib/mySdFat/mySdFat.c:882:8:createDirectory	224	static
../CustomLib/mySdFat/mySdFat.c:923:6:fileWrite	112	static
../CustomLib/mySdFat/mySdFat.c:984:6:fileDelete	224	static
../CustomLib/mySdFat/mySdFat.c:1040:6:mySdFat_init	8	static
